Archive member included to satisfy reference by file (symbol)

c:/program files (x86)/atmel/studio/7.0/toolchain/arm/arm-gnu-toolchain/bin/../lib/gcc/arm-none-eabi/6.3.1/thumb/v6-m\libgcc.a(_arm_cmpdf2.o)
                              mytasks.o (__aeabi_dcmplt)
c:/program files (x86)/atmel/studio/7.0/toolchain/arm/arm-gnu-toolchain/bin/../lib/gcc/arm-none-eabi/6.3.1/thumb/v6-m\libgcc.a(_aeabi_uldivmod.o)
                              hpl/sercom/hpl_sercom.o (__aeabi_uldivmod)
c:/program files (x86)/atmel/studio/7.0/toolchain/arm/arm-gnu-toolchain/bin/../lib/gcc/arm-none-eabi/6.3.1/thumb/v6-m\libgcc.a(_muldi3.o)
                              hpl/sercom/hpl_sercom.o (__aeabi_lmul)
c:/program files (x86)/atmel/studio/7.0/toolchain/arm/arm-gnu-toolchain/bin/../lib/gcc/arm-none-eabi/6.3.1/thumb/v6-m\libgcc.a(_fixunsdfsi.o)
                              hpl/sercom/hpl_sercom.o (__aeabi_d2uiz)
c:/program files (x86)/atmel/studio/7.0/toolchain/arm/arm-gnu-toolchain/bin/../lib/gcc/arm-none-eabi/6.3.1/thumb/v6-m\libgcc.a(_udivmoddi4.o)
                              c:/program files (x86)/atmel/studio/7.0/toolchain/arm/arm-gnu-toolchain/bin/../lib/gcc/arm-none-eabi/6.3.1/thumb/v6-m\libgcc.a(_aeabi_uldivmod.o) (__udivmoddi4)
c:/program files (x86)/atmel/studio/7.0/toolchain/arm/arm-gnu-toolchain/bin/../lib/gcc/arm-none-eabi/6.3.1/thumb/v6-m\libgcc.a(adddf3.o)
                              mytasks.o (__aeabi_dadd)
c:/program files (x86)/atmel/studio/7.0/toolchain/arm/arm-gnu-toolchain/bin/../lib/gcc/arm-none-eabi/6.3.1/thumb/v6-m\libgcc.a(divdf3.o)
                              hpl/sercom/hpl_sercom.o (__aeabi_ddiv)
c:/program files (x86)/atmel/studio/7.0/toolchain/arm/arm-gnu-toolchain/bin/../lib/gcc/arm-none-eabi/6.3.1/thumb/v6-m\libgcc.a(eqdf2.o)
                              c:/program files (x86)/atmel/studio/7.0/toolchain/arm/arm-gnu-toolchain/bin/../lib/gcc/arm-none-eabi/6.3.1/thumb/v6-m\libgcc.a(_arm_cmpdf2.o) (__eqdf2)
c:/program files (x86)/atmel/studio/7.0/toolchain/arm/arm-gnu-toolchain/bin/../lib/gcc/arm-none-eabi/6.3.1/thumb/v6-m\libgcc.a(gedf2.o)
                              c:/program files (x86)/atmel/studio/7.0/toolchain/arm/arm-gnu-toolchain/bin/../lib/gcc/arm-none-eabi/6.3.1/thumb/v6-m\libgcc.a(_arm_cmpdf2.o) (__gedf2)
c:/program files (x86)/atmel/studio/7.0/toolchain/arm/arm-gnu-toolchain/bin/../lib/gcc/arm-none-eabi/6.3.1/thumb/v6-m\libgcc.a(ledf2.o)
                              c:/program files (x86)/atmel/studio/7.0/toolchain/arm/arm-gnu-toolchain/bin/../lib/gcc/arm-none-eabi/6.3.1/thumb/v6-m\libgcc.a(_arm_cmpdf2.o) (__ledf2)
c:/program files (x86)/atmel/studio/7.0/toolchain/arm/arm-gnu-toolchain/bin/../lib/gcc/arm-none-eabi/6.3.1/thumb/v6-m\libgcc.a(muldf3.o)
                              hpl/sercom/hpl_sercom.o (__aeabi_dmul)
c:/program files (x86)/atmel/studio/7.0/toolchain/arm/arm-gnu-toolchain/bin/../lib/gcc/arm-none-eabi/6.3.1/thumb/v6-m\libgcc.a(subdf3.o)
                              hpl/sercom/hpl_sercom.o (__aeabi_dsub)
c:/program files (x86)/atmel/studio/7.0/toolchain/arm/arm-gnu-toolchain/bin/../lib/gcc/arm-none-eabi/6.3.1/thumb/v6-m\libgcc.a(fixdfsi.o)
                              c:/program files (x86)/atmel/studio/7.0/toolchain/arm/arm-gnu-toolchain/bin/../lib/gcc/arm-none-eabi/6.3.1/thumb/v6-m\libgcc.a(_fixunsdfsi.o) (__aeabi_d2iz)
c:/program files (x86)/atmel/studio/7.0/toolchain/arm/arm-gnu-toolchain/bin/../lib/gcc/arm-none-eabi/6.3.1/thumb/v6-m\libgcc.a(floatsidf.o)
                              hpl/sercom/hpl_sercom.o (__aeabi_i2d)
c:/program files (x86)/atmel/studio/7.0/toolchain/arm/arm-gnu-toolchain/bin/../lib/gcc/arm-none-eabi/6.3.1/thumb/v6-m\libgcc.a(floatunsidf.o)
                              hpl/sercom/hpl_sercom.o (__aeabi_ui2d)
c:/program files (x86)/atmel/studio/7.0/toolchain/arm/arm-gnu-toolchain/bin/../lib/gcc/arm-none-eabi/6.3.1/thumb/v6-m\libgcc.a(_dvmd_tls.o)
                              c:/program files (x86)/atmel/studio/7.0/toolchain/arm/arm-gnu-toolchain/bin/../lib/gcc/arm-none-eabi/6.3.1/thumb/v6-m\libgcc.a(_aeabi_uldivmod.o) (__aeabi_ldiv0)
c:/program files (x86)/atmel/studio/7.0/toolchain/arm/arm-gnu-toolchain/bin/../lib/gcc/arm-none-eabi/6.3.1/thumb/v6-m\libgcc.a(_clzsi2.o)
                              c:/program files (x86)/atmel/studio/7.0/toolchain/arm/arm-gnu-toolchain/bin/../lib/gcc/arm-none-eabi/6.3.1/thumb/v6-m\libgcc.a(adddf3.o) (__clzsi2)
c:/program files (x86)/atmel/studio/7.0/toolchain/arm/arm-gnu-toolchain/bin/../lib/gcc/arm-none-eabi/6.3.1/thumb/v6-m\libgcc.a(_clzdi2.o)
                              c:/program files (x86)/atmel/studio/7.0/toolchain/arm/arm-gnu-toolchain/bin/../lib/gcc/arm-none-eabi/6.3.1/thumb/v6-m\libgcc.a(_udivmoddi4.o) (__clzdi2)
c:/program files (x86)/atmel/studio/7.0/toolchain/arm/arm-gnu-toolchain/bin/../lib/gcc/arm-none-eabi/6.3.1/../../../../arm-none-eabi/lib/thumb/v6-m\libc_nano.a(lib_a-exit.o)
[...]
Memory Configuration

Name             Origin             Length             Attributes
rom              0x00000000         0x00040000         xr
ram              0x20000000         0x00008000         xrw
*default*        0x00000000         0xffffffff

Linker script and memory map

LOAD c:/program files (x86)/atmel/studio/7.0/toolchain/arm/arm-gnu-toolchain/bin/../lib/gcc/arm-none-eabi/6.3.1/thumb/v6-m/crti.o
LOAD c:/program files (x86)/atmel/studio/7.0/toolchain/arm/arm-gnu-toolchain/bin/../lib/gcc/arm-none-eabi/6.3.1/thumb/v6-m/crtbegin.o
LOAD c:/program files (x86)/atmel/studio/7.0/toolchain/arm/arm-gnu-toolchain/bin/../lib/gcc/arm-none-eabi/6.3.1/../../../../arm-none-eabi/lib/thumb/v6-m/crt0.o
LOAD atmel_start.o
LOAD Device_Startup/startup_samc21.o
LOAD Device_Startup/system_samc21.o
LOAD driver_init.o
LOAD examples/driver_examples.o
LOAD hal/src/hal_adc_sync.o
LOAD hal/src/hal_atomic.o
LOAD hal/src/hal_calendar_os.o
LOAD hal/src/hal_delay.o
LOAD hal/src/hal_gpio.o
LOAD hal/src/hal_init.o
LOAD hal/src/hal_io.o
LOAD hal/src/hal_pwm.o
LOAD hal/src/hal_sleep.o
LOAD hal/src/hal_usart_sync.o
LOAD hal/utils/src/utils_assert.o
LOAD hal/utils/src/utils_event.o
LOAD hal/utils/src/utils_list.o
LOAD hal/utils/src/utils_syscalls.o
LOAD hpl/adc/hpl_adc.o
LOAD hpl/core/hpl_core_m0plus_base.o
LOAD hpl/core/hpl_init.o
LOAD hpl/divas/hpl_divas.o
LOAD hpl/dmac/hpl_dmac.o
LOAD hpl/gclk/hpl_gclk.o
LOAD hpl/mclk/hpl_mclk.o
LOAD hpl/osc32kctrl/hpl_osc32kctrl.o
LOAD hpl/oscctrl/hpl_oscctrl.o
LOAD hpl/pm/hpl_pm.o
LOAD hpl/rtc/hpl_rtc.o
LOAD hpl/sercom/hpl_sercom.o
LOAD hpl/tc/hpl_tc.o
LOAD main.o
LOAD mytasks.o
LOAD rtos_start.o
LOAD thirdparty/RTOS/freertos/FreeRTOSV10.0.0/rtos_port.o
LOAD thirdparty/RTOS/freertos/FreeRTOSV10.0.0/Source/croutine.o
LOAD thirdparty/RTOS/freertos/FreeRTOSV10.0.0/Source/event_groups.o
LOAD thirdparty/RTOS/freertos/FreeRTOSV10.0.0/Source/list.o
LOAD thirdparty/RTOS/freertos/FreeRTOSV10.0.0/Source/portable/GCC/ARM_CM0/port.o
LOAD thirdparty/RTOS/freertos/FreeRTOSV10.0.0/Source/portable/MemMang/heap_1.o
LOAD thirdparty/RTOS/freertos/FreeRTOSV10.0.0/Source/queue.o
LOAD thirdparty/RTOS/freertos/FreeRTOSV10.0.0/Source/stream_buffer.o
LOAD thirdparty/RTOS/freertos/FreeRTOSV10.0.0/Source/tasks.o
LOAD thirdparty/RTOS/freertos/FreeRTOSV10.0.0/Source/timers.o
START GROUP
LOAD c:/program files (x86)/atmel/studio/7.0/toolchain/arm/arm-gnu-toolchain/bin/../lib/gcc/arm-none-eabi/6.3.1/../../../../arm-none-eabi/lib/thumb/v6-m\libm.a
END GROUP
START GROUP
LOAD c:/program files (x86)/atmel/studio/7.0/toolchain/arm/arm-gnu-toolchain/bin/../lib/gcc/arm-none-eabi/6.3.1/thumb/v6-m\libgcc.a
LOAD c:/program files (x86)/atmel/studio/7.0/toolchain/arm/arm-gnu-toolchain/bin/../lib/gcc/arm-none-eabi/6.3.1/../../../../arm-none-eabi/lib/thumb/v6-m\libc_nano.a
END GROUP
START GROUP
LOAD c:/program files (x86)/atmel/studio/7.0/toolchain/arm/arm-gnu-toolchain/bin/../lib/gcc/arm-none-eabi/6.3.1/thumb/v6-m\libgcc.a
LOAD c:/program files (x86)/atmel/studio/7.0/toolchain/arm/arm-gnu-toolchain/bin/../lib/gcc/arm-none-eabi/6.3.1/../../../../arm-none-eabi/lib/thumb/v6-m\libc_nano.a
END GROUP
LOAD c:/program files (x86)/atmel/studio/7.0/toolchain/arm/arm-gnu-toolchain/bin/../lib/gcc/arm-none-eabi/6.3.1/thumb/v6-m/crtend.o
LOAD c:/program files (x86)/atmel/studio/7.0/toolchain/arm/arm-gnu-toolchain/bin/../lib/gcc/arm-none-eabi/6.3.1/thumb/v6-m/crtn.o
                0x00002000                STACK_SIZE = DEFINED (STACK_SIZE)?STACK_SIZE:DEFINED (__stack_size__)?__stack_size__:0x2000

.text           0x00000000     0x8758
                0x00000000                . = ALIGN (0x4)
                0x00000000                _sfixed = .
 *(.vectors .vectors.*)
 .vectors       0x00000000       0xbc Device_Startup/startup_samc21.o
                0x00000000                exception_table
 *(.text .text.* .gnu.linkonce.t.*)
 .text          0x000000bc       0x60 c:/program files (x86)/atmel/studio/7.0/toolchain/arm/arm-gnu-toolchain/bin/../lib/gcc/arm-none-eabi/6.3.1/thumb/v6-m/crtbegin.o
 .text.atmel_start_init
                0x0000011c       0x14 atmel_start.o
                0x0000011c                atmel_start_init
 .text.Reset_Handler
                0x00000130       0x84 Device_Startup/startup_samc21.o
                0x00000130                Reset_Handler
 .text.Dummy_Handler
                0x000001b4        0x6 Device_Startup/startup_samc21.o
                0x000001b4                DMAC_Handler
                0x000001b4                HardFault_Handler
                0x000001b4                TC2_Handler
                0x000001b4                AC_Handler
                0x000001b4                SERCOM1_Handler
                0x000001b4                NonMaskableInt_Handler
                0x000001b4                TCC1_Handler
                0x000001b4                SERCOM2_Handler
                0x000001b4                TCC0_Handler
                0x000001b4                ADC1_Handler
                0x000001b4                EIC_Handler
                0x000001b4                WDT_Handler
                0x000001b4                CAN0_Handler
                0x000001b4                TC4_Handler
                0x000001b4                TC1_Handler
                0x000001b4                TC3_Handler
                0x000001b4                SDADC_Handler
                0x000001b4                Dummy_Handler
                0x000001b4                SERCOM5_Handler
                0x000001b4                CAN1_Handler
                0x000001b4                ADC0_Handler
                0x000001b4                TSENS_Handler
                0x000001b4                TCC2_Handler
                0x000001b4                EVSYS_Handler
                0x000001b4                SERCOM3_Handler
                0x000001b4                SERCOM4_Handler
                0x000001b4                NVMCTRL_Handler
                0x000001b4                SYSTEM_Handler
                0x000001b4                SERCOM0_Handler
                0x000001b4                DAC_Handler
                0x000001b4                PTC_Handler
                0x000001b4                FREQM_Handler
 .text.hri_gclk_write_PCHCTRL_reg
                0x000001ba       0x2a driver_init.o
 .text.hri_mclk_set_APBAMASK_RTC_bit
                0x000001e4       0x1e driver_init.o
 .text.hri_mclk_set_APBCMASK_SERCOM3_bit
                0x00000202       0x1c driver_init.o
 .text.hri_mclk_set_APBCMASK_TC0_bit
                0x0000021e       0x1e driver_init.o
 .text.hri_mclk_set_APBCMASK_ADC0_bit
                0x0000023c       0x1e driver_init.o
 .text.hri_mclk_set_APBCMASK_ADC1_bit
                0x0000025a       0x1e driver_init.o
 .text.hri_port_set_DIR_reg
                0x00000278       0x2c driver_init.o
 .text.hri_port_clear_DIR_reg
                0x000002a4       0x2c driver_init.o
 .text.hri_port_set_OUT_reg
                0x000002d0       0x2c driver_init.o
 .text.hri_port_clear_OUT_reg
                0x000002fc       0x2c driver_init.o
 .text.hri_port_write_PMUX_PMUXE_bf
                0x00000328       0x88 driver_init.o
 .text.hri_port_write_PMUX_PMUXO_bf
                0x000003b0       0x86 driver_init.o
 .text.hri_port_write_PINCFG_PMUXEN_bit
                0x00000436       0x82 driver_init.o
 .text.hri_port_set_PINCFG_PULLEN_bit
                0x000004b8       0x56 driver_init.o
 .text.hri_port_clear_PINCFG_PULLEN_bit
                0x0000050e       0x56 driver_init.o
 .text.hri_port_write_WRCONFIG_reg
                0x00000564       0x2c driver_init.o
 .text._gpio_set_direction
                0x00000590      0x120 driver_init.o
 .text._gpio_set_level
                0x000006b0       0x50 driver_init.o
 .text._gpio_set_pin_pull_mode
                0x00000700       0xf4 driver_init.o
 .text._gpio_set_pin_function
                0x000007f4       0xb4 driver_init.o
 .text.gpio_set_pin_pull_mode
                0x000008a8       0x3c driver_init.o
 .text.gpio_set_pin_function
                0x000008e4       0x24 driver_init.o
 .text.gpio_set_pin_direction
                0x00000908       0x40 driver_init.o
 .text.gpio_set_pin_level
                0x00000948       0x40 driver_init.o
 .text.init_mcu
                0x00000988       0x14 driver_init.o
 .text.WindSensor_PORT_init
                0x0000099c       0x28 driver_init.o
                0x0000099c                WindSensor_PORT_init
 .text.WindSensor_CLOCK_init
                0x000009c4       0x30 driver_init.o
                0x000009c4                WindSensor_CLOCK_init
 .text.WindSensor_init
                0x000009f4       0x3c driver_init.o
                0x000009f4                WindSensor_init
 .text.TempSensor_PORT_init
                0x00000a30       0x28 driver_init.o
                0x00000a30                TempSensor_PORT_init
 .text.TempSensor_CLOCK_init
                0x00000a58       0x30 driver_init.o
                0x00000a58                TempSensor_CLOCK_init
 .text.TempSensor_init
                0x00000a88       0x3c driver_init.o
                0x00000a88                TempSensor_init
 .text.Scheduler_CLOCK_init
                0x00000ac4       0x1c driver_init.o
                0x00000ac4                Scheduler_CLOCK_init
 .text.Scheduler_init
                0x00000ae0       0x2c driver_init.o
                0x00000ae0                Scheduler_init
 .text.UART_PORT_init
                0x00000b0c       0x2c driver_init.o
                0x00000b0c                UART_PORT_init
 .text.UART_CLOCK_init
                0x00000b38       0x3c driver_init.o
                0x00000b38                UART_CLOCK_init
 .text.UART_init
                0x00000b74       0x34 driver_init.o
                0x00000b74                UART_init
 .text.StepperDriver_PORT_init
                0x00000ba8       0x2c driver_init.o
                0x00000ba8                StepperDriver_PORT_init
 .text.StepperDriver_CLOCK_init
                0x00000bd4       0x30 driver_init.o
                0x00000bd4                StepperDriver_CLOCK_init
 .text.StepperDriver_init
                0x00000c04       0x3c driver_init.o
                0x00000c04                StepperDriver_init
 .text.system_init
                0x00000c40      0x180 driver_init.o
                0x00000c40                system_init
 .text.adc_sync_init
                0x00000dc0       0x54 hal/src/hal_adc_sync.o
                0x00000dc0                adc_sync_init
 .text.adc_sync_enable_channel
                0x00000e14       0x44 hal/src/hal_adc_sync.o
                0x00000e14                adc_sync_enable_channel
 .text.adc_sync_disable_channel
                0x00000e58       0x44 hal/src/hal_adc_sync.o
                0x00000e58                adc_sync_disable_channel
 .text.adc_sync_read_channel
                0x00000e9c      0x150 hal/src/hal_adc_sync.o
                0x00000e9c                adc_sync_read_channel
 .text.atomic_enter_critical
                0x00000fec       0x22 hal/src/hal_atomic.o
                0x00000fec                atomic_enter_critical
 .text.atomic_leave_critical
                0x0000100e       0x20 hal/src/hal_atomic.o
                0x0000100e                atomic_leave_critical
 .text.leap_year
                0x0000102e       0x24 hal/src/hal_calendar_os.o
 *fill*         0x00001052        0x2 
 .text.get_secs_in_month
                0x00001054       0x94 hal/src/hal_calendar_os.o
 .text.convert_timestamp_to_datetime
                0x000010e8      0x15c hal/src/hal_calendar_os.o
 .text.convert_datetime_to_timestamp
                0x00001244      0x134 hal/src/hal_calendar_os.o
 .text.calibrate_timestamp
                0x00001378       0xf0 hal/src/hal_calendar_os.o
 .text.fill_alarm
                0x00001468      0x130 hal/src/hal_calendar_os.o
 .text.calendar_os_init
                0x00001598       0x78 hal/src/hal_calendar_os.o
                0x00001598                calendar_os_init
 .text.io_write
                0x00001610       0x54 hal/src/hal_io.o
                0x00001610                io_write
 .text.io_read  0x00001664       0x54 hal/src/hal_io.o
                0x00001664                io_read
 .text.pwm_init
                0x000016b8       0x68 hal/src/hal_pwm.o
                0x000016b8                pwm_init
 .text.pwm_enable
                0x00001720       0x50 hal/src/hal_pwm.o
                0x00001720                pwm_enable
 .text.pwm_disable
                0x00001770       0x58 hal/src/hal_pwm.o
                0x00001770                pwm_disable
 .text.pwm_set_parameters
                0x000017c8       0x40 hal/src/hal_pwm.o
                0x000017c8                pwm_set_parameters
 .text.pwm_period_expired
                0x00001808       0x26 hal/src/hal_pwm.o
 .text.pwm_detect_fault
                0x0000182e       0x26 hal/src/hal_pwm.o
 .text.usart_sync_init
                0x00001854       0x78 hal/src/hal_usart_sync.o
                0x00001854                usart_sync_init
 .text.usart_sync_enable
                0x000018cc       0x3c hal/src/hal_usart_sync.o
                0x000018cc                usart_sync_enable
 .text.usart_sync_get_io_descriptor
                0x00001908       0x48 hal/src/hal_usart_sync.o
                0x00001908                usart_sync_get_io_descriptor
 .text.usart_sync_is_rx_not_empty
                0x00001950       0x3c hal/src/hal_usart_sync.o
                0x00001950                usart_sync_is_rx_not_empty
 .text.usart_sync_write
                0x0000198c       0xd4 hal/src/hal_usart_sync.o
 .text.usart_sync_read
                0x00001a60       0x9c hal/src/hal_usart_sync.o
 .text.assert   0x00001afc       0x2c hal/utils/src/utils_assert.o
                0x00001afc                assert
 .text.hri_adc_wait_for_sync
                0x00001b28       0x2a hpl/adc/hpl_adc.o
 .text.hri_adc_is_syncing
                0x00001b52       0x2a hpl/adc/hpl_adc.o
 .text.hri_adc_get_interrupt_RESRDY_bit
                0x00001b7c       0x22 hpl/adc/hpl_adc.o
 .text.hri_adc_read_RESULT_reg
                0x00001b9e       0x16 hpl/adc/hpl_adc.o
 .text.hri_adc_set_CTRLA_ENABLE_bit
                0x00001bb4       0x30 hpl/adc/hpl_adc.o
 .text.hri_adc_clear_CTRLA_ENABLE_bit
                0x00001be4       0x30 hpl/adc/hpl_adc.o
 .text.hri_adc_get_CTRLA_reg
                0x00001c14       0x48 hpl/adc/hpl_adc.o
 .text.hri_adc_write_CTRLA_reg
                0x00001c5c       0x2c hpl/adc/hpl_adc.o
 .text.hri_adc_write_CTRLB_reg
                0x00001c88       0x1e hpl/adc/hpl_adc.o
 .text.hri_adc_write_REFCTRL_reg
                0x00001ca6       0x1e hpl/adc/hpl_adc.o
 .text.hri_adc_write_EVCTRL_reg
                0x00001cc4       0x1e hpl/adc/hpl_adc.o
 *fill*         0x00001ce2        0x2 
 .text.hri_adc_write_INPUTCTRL_reg
                0x00001ce4       0x34 hpl/adc/hpl_adc.o
 .text.hri_adc_read_CTRLC_RESSEL_bf
                0x00001d18       0x34 hpl/adc/hpl_adc.o
 .text.hri_adc_write_CTRLC_reg
                0x00001d4c       0x34 hpl/adc/hpl_adc.o
 .text.hri_adc_write_AVGCTRL_reg
                0x00001d80       0x34 hpl/adc/hpl_adc.o
 .text.hri_adc_write_SAMPCTRL_reg
                0x00001db4       0x34 hpl/adc/hpl_adc.o
 .text.hri_adc_write_WINLT_reg
                0x00001de8       0x2c hpl/adc/hpl_adc.o
 .text.hri_adc_write_WINUT_reg
                0x00001e14       0x2c hpl/adc/hpl_adc.o
 .text.hri_adc_write_GAINCORR_reg
                0x00001e40       0x30 hpl/adc/hpl_adc.o
 .text.hri_adc_write_OFFSETCORR_reg
                0x00001e70       0x30 hpl/adc/hpl_adc.o
 .text.hri_adc_set_SWTRIG_START_bit
                0x00001ea0       0x34 hpl/adc/hpl_adc.o
 .text.hri_adc_write_DBGCTRL_reg
                0x00001ed4       0x1e hpl/adc/hpl_adc.o
 .text.hri_adc_write_SEQCTRL_reg
                0x00001ef2       0x18 hpl/adc/hpl_adc.o
 *fill*         0x00001f0a        0x2 
 .text._adc_get_hardware_index
                0x00001f0c       0x20 hpl/adc/hpl_adc.o
 .text._adc_get_regs
                0x00001f2c       0x84 hpl/adc/hpl_adc.o
 .text._adc_init
                0x00001fb0      0x254 hpl/adc/hpl_adc.o
 .text._adc_sync_init
                0x00002204       0x54 hpl/adc/hpl_adc.o
                0x00002204                _adc_sync_init
 .text._adc_sync_enable_channel
                0x00002258       0x24 hpl/adc/hpl_adc.o
                0x00002258                _adc_sync_enable_channel
 .text._adc_sync_disable_channel
                0x0000227c       0x24 hpl/adc/hpl_adc.o
                0x0000227c                _adc_sync_disable_channel
 .text._adc_sync_get_data_size
                0x000022a0       0x2c hpl/adc/hpl_adc.o
                0x000022a0                _adc_sync_get_data_size
 .text._adc_sync_is_channel_conversion_done
                0x000022cc       0x28 hpl/adc/hpl_adc.o
                0x000022cc                _adc_sync_is_channel_conversion_done
 .text._adc_sync_convert
                0x000022f4       0x20 hpl/adc/hpl_adc.o
                0x000022f4                _adc_sync_convert
 .text._adc_sync_read_channel_data
                0x00002314       0x28 hpl/adc/hpl_adc.o
                0x00002314                _adc_sync_read_channel_data
 .text._adc_get_adc_sync
                0x0000233c        0xc hpl/adc/hpl_adc.o
                0x0000233c                _adc_get_adc_sync
 .text.hri_nvmctrl_set_CTRLB_RWS_bf
                0x00002348       0x24 hpl/core/hpl_init.o
 .text._init_chip
                0x0000236c       0x50 hpl/core/hpl_init.o
                0x0000236c                _init_chip
 .text.hri_divas_write_CTRLA_DLZ_bit
                0x000023bc       0x54 hpl/divas/hpl_divas.o
 .text._divas_div
                0x00002410       0x5e hpl/divas/hpl_divas.o
 *fill*         0x0000246e        0x2 
 .text._div_init
                0x00002470       0x1c hpl/divas/hpl_divas.o
                0x00002470                _div_init
 .text.__aeabi_uidiv
                0x0000248c       0x44 hpl/divas/hpl_divas.o
                0x0000248c                __aeabi_uidiv
 .text.__aeabi_idivmod
                0x000024d0       0x4c hpl/divas/hpl_divas.o
                0x000024d0                __aeabi_idivmod
 .text.__aeabi_uidivmod
                0x0000251c       0x4c hpl/divas/hpl_divas.o
                0x0000251c                __aeabi_uidivmod
 .text.hri_gclk_wait_for_sync
                0x00002568       0x1e hpl/gclk/hpl_gclk.o
 *fill*         0x00002586        0x2 
 .text.hri_gclk_write_GENCTRL_reg
                0x00002588       0x40 hpl/gclk/hpl_gclk.o
 .text._gclk_init_generators_by_fref
                0x000025c8       0x48 hpl/gclk/hpl_gclk.o
                0x000025c8                _gclk_init_generators_by_fref
 .text.hri_mclk_write_CPUDIV_reg
                0x00002610       0x1e hpl/mclk/hpl_mclk.o
 *fill*         0x0000262e        0x2 
 .text._mclk_init
                0x00002630       0x24 hpl/mclk/hpl_mclk.o
                0x00002630                _mclk_init
 .text.hri_osc32kctrl_write_RTCCTRL_reg
                0x00002654       0x18 hpl/osc32kctrl/hpl_osc32kctrl.o
 .text.hri_osc32kctrl_read_OSCULP32K_CALIB_bf
                0x0000266c       0x22 hpl/osc32kctrl/hpl_osc32kctrl.o
 .text.hri_osc32kctrl_write_OSCULP32K_reg
                0x0000268e       0x18 hpl/osc32kctrl/hpl_osc32kctrl.o
 *fill*         0x000026a6        0x2 
 .text._osc32kctrl_init_sources
                0x000026a8       0x58 hpl/osc32kctrl/hpl_osc32kctrl.o
                0x000026a8                _osc32kctrl_init_sources
 .text.hri_oscctrl_osc48msyncbusy_wait_for_sync
                0x00002700       0x1e hpl/oscctrl/hpl_oscctrl.o
 .text.hri_oscctrl_get_STATUS_OSC48MRDY_bit
                0x0000271e       0x20 hpl/oscctrl/hpl_oscctrl.o
 .text.hri_oscctrl_get_OSC48MSYNCBUSY_OSC48MDIV_bit
                0x0000273e       0x20 hpl/oscctrl/hpl_oscctrl.o
 .text.hri_oscctrl_set_OSC48MCTRL_ONDEMAND_bit
                0x0000275e       0x22 hpl/oscctrl/hpl_oscctrl.o
 .text.hri_oscctrl_write_OSC48MCTRL_reg
                0x00002780       0x1e hpl/oscctrl/hpl_oscctrl.o
 *fill*         0x0000279e        0x2 
 .text.hri_oscctrl_write_OSC48MDIV_reg
                0x000027a0       0x2c hpl/oscctrl/hpl_oscctrl.o
 .text.hri_oscctrl_write_OSC48MSTUP_reg
                0x000027cc       0x1e hpl/oscctrl/hpl_oscctrl.o
 *fill*         0x000027ea        0x2 
 .text._oscctrl_init_sources
                0x000027ec       0x7c hpl/oscctrl/hpl_oscctrl.o
                0x000027ec                _oscctrl_init_sources
 .text._oscctrl_init_referenced_generators
                0x00002868       0x18 hpl/oscctrl/hpl_oscctrl.o
                0x00002868                _oscctrl_init_referenced_generators
 .text.hri_rtcmode0_wait_for_sync
                0x00002880       0x1e hpl/rtc/hpl_rtc.o
 .text.hri_rtcmode0_clear_interrupt_CMP0_bit
                0x0000289e       0x18 hpl/rtc/hpl_rtc.o
 .text.hri_rtcmode0_read_INTFLAG_reg
                0x000028b6       0x16 hpl/rtc/hpl_rtc.o
 .text.hri_rtcmode0_set_CTRLA_SWRST_bit
                0x000028cc       0x30 hpl/rtc/hpl_rtc.o
 .text.hri_rtcmode0_set_CTRLA_ENABLE_bit
                0x000028fc       0x34 hpl/rtc/hpl_rtc.o
 .text.hri_rtcmode0_get_CTRLA_ENABLE_bit
                0x00002930       0x50 hpl/rtc/hpl_rtc.o
 .text.hri_rtcmode0_write_CTRLA_reg
                0x00002980       0x34 hpl/rtc/hpl_rtc.o
 .text.hri_rtcmode0_read_COUNT_reg
                0x000029b4       0x24 hpl/rtc/hpl_rtc.o
 .text._calendar_init
                0x000029d8       0xa0 hpl/rtc/hpl_rtc.o
                0x000029d8                _calendar_init
 .text._calendar_enable
                0x00002a78       0x50 hpl/rtc/hpl_rtc.o
                0x00002a78                _calendar_enable
 .text._calendar_get_counter
                0x00002ac8       0x50 hpl/rtc/hpl_rtc.o
                0x00002ac8                _calendar_get_counter
 .text._rtc_interrupt_handler
                0x00002b18       0x4c hpl/rtc/hpl_rtc.o
 .text.RTC_Handler
                0x00002b64       0x1c hpl/rtc/hpl_rtc.o
                0x00002b64                RTC_Handler
 .text.hri_sercomusart_wait_for_sync
                0x00002b80       0x1e hpl/sercom/hpl_sercom.o
 .text.hri_sercomusart_is_syncing
                0x00002b9e       0x20 hpl/sercom/hpl_sercom.o
 .text.hri_sercomusart_get_interrupt_DRE_bit
                0x00002bbe       0x22 hpl/sercom/hpl_sercom.o
 .text.hri_sercomusart_get_interrupt_TXC_bit
                0x00002be0       0x22 hpl/sercom/hpl_sercom.o
 .text.hri_sercomusart_get_interrupt_RXC_bit
                0x00002c02       0x22 hpl/sercom/hpl_sercom.o
 .text.hri_sercomusart_set_CTRLA_ENABLE_bit
                0x00002c24       0x2c hpl/sercom/hpl_sercom.o
 .text.hri_sercomusart_clear_CTRLA_ENABLE_bit
                0x00002c50       0x2c hpl/sercom/hpl_sercom.o
 .text.hri_sercomusart_get_CTRLA_reg
                0x00002c7c       0x30 hpl/sercom/hpl_sercom.o
 .text.hri_sercomusart_write_CTRLA_reg
                0x00002cac       0x28 hpl/sercom/hpl_sercom.o
 .text.hri_sercomusart_write_CTRLB_reg
                0x00002cd4       0x28 hpl/sercom/hpl_sercom.o
 .text.hri_sercomusart_write_BAUD_reg
                0x00002cfc       0x1e hpl/sercom/hpl_sercom.o
 .text.hri_sercomusart_write_RXPL_reg
                0x00002d1a       0x1e hpl/sercom/hpl_sercom.o
 .text.hri_sercomusart_write_DATA_reg
                0x00002d38       0x1e hpl/sercom/hpl_sercom.o
 .text.hri_sercomusart_read_DATA_reg
                0x00002d56       0x16 hpl/sercom/hpl_sercom.o
 .text.hri_sercomusart_write_DBGCTRL_reg
                0x00002d6c       0x20 hpl/sercom/hpl_sercom.o
 .text._usart_sync_init
                0x00002d8c       0x40 hpl/sercom/hpl_sercom.o
                0x00002d8c                _usart_sync_init
 .text._usart_sync_enable
                0x00002dcc       0x20 hpl/sercom/hpl_sercom.o
                0x00002dcc                _usart_sync_enable
 .text._usart_sync_write_byte
                0x00002dec       0x2c hpl/sercom/hpl_sercom.o
                0x00002dec                _usart_sync_write_byte
 .text._usart_sync_read_byte
                0x00002e18       0x24 hpl/sercom/hpl_sercom.o
                0x00002e18                _usart_sync_read_byte
 .text._usart_sync_is_ready_to_send
                0x00002e3c       0x20 hpl/sercom/hpl_sercom.o
                0x00002e3c                _usart_sync_is_ready_to_send
 .text._usart_sync_is_transmit_done
                0x00002e5c       0x20 hpl/sercom/hpl_sercom.o
                0x00002e5c                _usart_sync_is_transmit_done
 .text._usart_sync_is_byte_received
                0x00002e7c       0x20 hpl/sercom/hpl_sercom.o
                0x00002e7c                _usart_sync_is_byte_received
 .text._sercom_get_hardware_index
                0x00002e9c       0x20 hpl/sercom/hpl_sercom.o
 .text._get_sercom_index
                0x00002ebc       0x88 hpl/sercom/hpl_sercom.o
 .text._usart_init
                0x00002f44      0x1fc hpl/sercom/hpl_sercom.o
 .text.__NVIC_EnableIRQ
                0x00003140       0x34 hpl/tc/hpl_tc.o
 .text.__NVIC_DisableIRQ
                0x00003174       0x40 hpl/tc/hpl_tc.o
 .text.__NVIC_ClearPendingIRQ
                0x000031b4       0x38 hpl/tc/hpl_tc.o
 .text.hri_tc_wait_for_sync
                0x000031ec       0x1e hpl/tc/hpl_tc.o
 .text.hri_tc_is_syncing
                0x0000320a       0x20 hpl/tc/hpl_tc.o
 .text.hri_tc_get_interrupt_OVF_bit
                0x0000322a       0x22 hpl/tc/hpl_tc.o
 .text.hri_tc_clear_interrupt_OVF_bit
                0x0000324c       0x16 hpl/tc/hpl_tc.o
 .text.hri_tc_clear_interrupt_ERR_bit
                0x00003262       0x16 hpl/tc/hpl_tc.o
 .text.hri_tc_get_INTEN_ERR_bit
                0x00003278       0x22 hpl/tc/hpl_tc.o
 *fill*         0x0000329a        0x2 
 .text.hri_tc_set_CTRLA_ENABLE_bit
                0x0000329c       0x2c hpl/tc/hpl_tc.o
 .text.hri_tc_get_CTRLA_ENABLE_bit
                0x000032c8       0x38 hpl/tc/hpl_tc.o
 .text.hri_tc_clear_CTRLA_ENABLE_bit
                0x00003300       0x2c hpl/tc/hpl_tc.o
 .text.hri_tc_get_CTRLA_reg
                0x0000332c       0x30 hpl/tc/hpl_tc.o
 .text.hri_tc_write_CTRLA_reg
                0x0000335c       0x28 hpl/tc/hpl_tc.o
 .text.hri_tc_write_EVCTRL_reg
                0x00003384       0x1e hpl/tc/hpl_tc.o
 .text.hri_tc_write_WAVE_reg
                0x000033a2       0x1e hpl/tc/hpl_tc.o
 .text.hri_tc_write_DBGCTRL_reg
                0x000033c0       0x1e hpl/tc/hpl_tc.o
 *fill*         0x000033de        0x2 
 .text.hri_tccount16_write_CC_reg
                0x000033e0       0x44 hpl/tc/hpl_tc.o
 .text.hri_tccount32_write_CC_reg
                0x00003424       0x3c hpl/tc/hpl_tc.o
 .text._pwm_init
                0x00003460      0x268 hpl/tc/hpl_tc.o
                0x00003460                _pwm_init
 .text._pwm_enable
                0x000036c8       0x20 hpl/tc/hpl_tc.o
                0x000036c8                _pwm_enable
 .text._pwm_disable
                0x000036e8       0x20 hpl/tc/hpl_tc.o
                0x000036e8                _pwm_disable
 .text._pwm_set_param
                0x00003708      0x11c hpl/tc/hpl_tc.o
                0x00003708                _pwm_set_param
 .text._pwm_is_enabled
                0x00003824       0x20 hpl/tc/hpl_tc.o
                0x00003824                _pwm_is_enabled
 .text._tc_get_pwm
                0x00003844        0xc hpl/tc/hpl_tc.o
                0x00003844                _tc_get_pwm
 .text.tc_pwm_interrupt_handler
                0x00003850       0x74 hpl/tc/hpl_tc.o
 .text.TC0_Handler
                0x000038c4       0x1c hpl/tc/hpl_tc.o
                0x000038c4                TC0_Handler
 .text.get_tc_index
                0x000038e0       0x8c hpl/tc/hpl_tc.o
 .text._tc_init_irq_param
                0x0000396c       0x28 hpl/tc/hpl_tc.o
 .text._get_hardware_offset
                0x00003994       0x30 hpl/tc/hpl_tc.o
 .text.main     0x000039c4       0x18 main.o
                0x000039c4                main
 .text.hri_port_read_DIR_reg
                0x000039dc       0x20 mytasks.o
 .text.hri_port_set_OUT_reg
                0x000039fc       0x2c mytasks.o
 .text.hri_port_read_OUT_reg
                0x00003a28       0x24 mytasks.o
 .text.hri_port_clear_OUT_reg
                0x00003a4c       0x2c mytasks.o
 .text.hri_port_read_IN_reg
                0x00003a78       0x24 mytasks.o
 .text._gpio_set_level
                0x00003a9c       0x50 mytasks.o
 .text._gpio_get_level
                0x00003aec       0x88 mytasks.o
 .text.gpio_set_pin_level
                0x00003b74       0x40 mytasks.o
 .text.gpio_get_pin_level
                0x00003bb4       0x40 mytasks.o
 .text.STATE_task
                0x00003bf4      0x1b8 mytasks.o
                0x00003bf4                STATE_task
 .text.Create_all_tasks
                0x00003dac       0x48 mytasks.o
                0x00003dac                Create_all_tasks
 .text.idle     0x00003df4       0xac mytasks.o
                0x00003df4                idle
 .text.check_sensors
                0x00003ea0      0x1cc mytasks.o
                0x00003ea0                check_sensors
 .text.dock     0x0000406c       0x48 mytasks.o
                0x0000406c                dock
 .text.send_message
                0x000040b4       0x90 mytasks.o
                0x000040b4                send_message
 .text.wait_for_responce
                0x00004144       0xe4 mytasks.o
                0x00004144                wait_for_responce
 .text.pwm      0x00004228       0x54 mytasks.o
                0x00004228                pwm
 .text.readbtn  0x0000427c       0x20 mytasks.o
                0x0000427c                readbtn
 .text.pwm_ramp
                0x0000429c      0x12c mytasks.o
                0x0000429c                pwm_ramp
 .text.manual_mode
                0x000043c8      0x1dc mytasks.o
                0x000043c8                manual_mode
 .text.check_schedule
                0x000045a4        0xc mytasks.o
                0x000045a4                check_schedule
 .text.reset_buffer
                0x000045b0       0x30 mytasks.o
                0x000045b0                reset_buffer
 .text.sem_init
                0x000045e0       0x54 thirdparty/RTOS/freertos/FreeRTOSV10.0.0/rtos_port.o
                0x000045e0                sem_init
 .text.vListInitialise
                0x00004634       0x3c thirdparty/RTOS/freertos/FreeRTOSV10.0.0/Source/list.o
                0x00004634                vListInitialise
 .text.vListInitialiseItem
                0x00004670       0x16 thirdparty/RTOS/freertos/FreeRTOSV10.0.0/Source/list.o
                0x00004670                vListInitialiseItem
 .text.vListInsertEnd
                0x00004686       0x44 thirdparty/RTOS/freertos/FreeRTOSV10.0.0/Source/list.o
                0x00004686                vListInsertEnd
 .text.vListInsert
                0x000046ca       0x6c thirdparty/RTOS/freertos/FreeRTOSV10.0.0/Source/list.o
                0x000046ca                vListInsert
 .text.uxListRemove
                0x00004736       0x50 thirdparty/RTOS/freertos/FreeRTOSV10.0.0/Source/list.o
                0x00004736                uxListRemove
 *fill*         0x00004786        0x2 
 .text.pxPortInitialiseStack
                0x00004788       0x54 thirdparty/RTOS/freertos/FreeRTOSV10.0.0/Source/portable/GCC/ARM_CM0/port.o
                0x00004788                pxPortInitialiseStack
 .text.prvTaskExitError
                0x000047dc       0x2c thirdparty/RTOS/freertos/FreeRTOSV10.0.0/Source/portable/GCC/ARM_CM0/port.o
 .text.SVCall_Handler
                0x00004808        0xa thirdparty/RTOS/freertos/FreeRTOSV10.0.0/Source/portable/GCC/ARM_CM0/port.o
                0x00004808                SVCall_Handler
 *fill*         0x00004812        0xe 
 .text.vPortStartFirstTask
                0x00004820       0x38 thirdparty/RTOS/freertos/FreeRTOSV10.0.0/Source/portable/GCC/ARM_CM0/port.o
 .text.xPortStartScheduler
                0x00004858       0x58 thirdparty/RTOS/freertos/FreeRTOSV10.0.0/Source/portable/GCC/ARM_CM0/port.o
                0x00004858                xPortStartScheduler
 .text.vPortYield
                0x000048b0       0x20 thirdparty/RTOS/freertos/FreeRTOSV10.0.0/Source/portable/GCC/ARM_CM0/port.o
                0x000048b0                vPortYield
 .text.vPortEnterCritical
                0x000048d0       0x24 thirdparty/RTOS/freertos/FreeRTOSV10.0.0/Source/portable/GCC/ARM_CM0/port.o
                0x000048d0                vPortEnterCritical
 .text.vPortExitCritical
                0x000048f4       0x30 thirdparty/RTOS/freertos/FreeRTOSV10.0.0/Source/portable/GCC/ARM_CM0/port.o
                0x000048f4                vPortExitCritical
 .text.ulSetInterruptMaskFromISR
                0x00004924        0xc thirdparty/RTOS/freertos/FreeRTOSV10.0.0/Source/portable/GCC/ARM_CM0/port.o
                0x00004924                ulSetInterruptMaskFromISR
 .text.vClearInterruptMaskFromISR
                0x00004930        0x8 thirdparty/RTOS/freertos/FreeRTOSV10.0.0/Source/portable/GCC/ARM_CM0/port.o
                0x00004930                vClearInterruptMaskFromISR
 *fill*         0x00004938        0x8 
 .text.PendSV_Handler
                0x00004940       0x48 thirdparty/RTOS/freertos/FreeRTOSV10.0.0/Source/portable/GCC/ARM_CM0/port.o
                0x00004940                PendSV_Handler
 .text.SysTick_Handler
                0x00004988       0x40 thirdparty/RTOS/freertos/FreeRTOSV10.0.0/Source/portable/GCC/ARM_CM0/port.o
                0x00004988                SysTick_Handler
 .text.prvSetupTimerInterrupt
                0x000049c8       0x34 thirdparty/RTOS/freertos/FreeRTOSV10.0.0/Source/portable/GCC/ARM_CM0/port.o
 .text.pvPortMalloc
                0x000049fc       0x94 thirdparty/RTOS/freertos/FreeRTOSV10.0.0/Source/portable/MemMang/heap_1.o
                0x000049fc                pvPortMalloc
 .text.vPortFree
                0x00004a90       0x1a thirdparty/RTOS/freertos/FreeRTOSV10.0.0/Source/portable/MemMang/heap_1.o
                0x00004a90                vPortFree
 *fill*         0x00004aaa        0x2 
 .text.xQueueGenericReset
                0x00004aac       0xbc thirdparty/RTOS/freertos/FreeRTOSV10.0.0/Source/queue.o
                0x00004aac                xQueueGenericReset
 .text.xQueueGenericCreate
                0x00004b68       0x6c thirdparty/RTOS/freertos/FreeRTOSV10.0.0/Source/queue.o
                0x00004b68                xQueueGenericCreate
 .text.prvInitialiseNewQueue
                0x00004bd4       0x58 thirdparty/RTOS/freertos/FreeRTOSV10.0.0/Source/queue.o
 .text.xQueueCreateCountingSemaphore
                0x00004c2c       0x4c thirdparty/RTOS/freertos/FreeRTOSV10.0.0/Source/queue.o
                0x00004c2c                xQueueCreateCountingSemaphore
 .text.xQueueGenericSend
                0x00004c78      0x1e0 thirdparty/RTOS/freertos/FreeRTOSV10.0.0/Source/queue.o
                0x00004c78                xQueueGenericSend
 .text.xQueueGenericSendFromISR
                0x00004e58      0x120 thirdparty/RTOS/freertos/FreeRTOSV10.0.0/Source/queue.o
                0x00004e58                xQueueGenericSendFromISR
 .text.xQueueReceive
                0x00004f78      0x1a0 thirdparty/RTOS/freertos/FreeRTOSV10.0.0/Source/queue.o
                0x00004f78                xQueueReceive
 .text.prvCopyDataToQueue
                0x00005118       0xbc thirdparty/RTOS/freertos/FreeRTOSV10.0.0/Source/queue.o
 .text.prvCopyDataFromQueue
                0x000051d4       0x50 thirdparty/RTOS/freertos/FreeRTOSV10.0.0/Source/queue.o
 .text.prvUnlockQueue
                0x00005224       0xf0 thirdparty/RTOS/freertos/FreeRTOSV10.0.0/Source/queue.o
 .text.prvIsQueueEmpty
                0x00005314       0x34 thirdparty/RTOS/freertos/FreeRTOSV10.0.0/Source/queue.o
 .text.prvIsQueueFull
                0x00005348       0x38 thirdparty/RTOS/freertos/FreeRTOSV10.0.0/Source/queue.o
 .text.vQueueWaitForMessageRestricted
                0x00005380       0x78 thirdparty/RTOS/freertos/FreeRTOSV10.0.0/Source/queue.o
                0x00005380                vQueueWaitForMessageRestricted
 .text.prvNotifyQueueSetContainer
                0x000053f8       0xa4 thirdparty/RTOS/freertos/FreeRTOSV10.0.0/Source/queue.o
 .text.xTaskCreate
                0x0000549c       0xa0 thirdparty/RTOS/freertos/FreeRTOSV10.0.0/Source/tasks.o
                0x0000549c                xTaskCreate
 .text.prvInitialiseNewTask
                0x0000553c      0x104 thirdparty/RTOS/freertos/FreeRTOSV10.0.0/Source/tasks.o
 .text.prvAddNewTaskToReadyList
                0x00005640       0xe4 thirdparty/RTOS/freertos/FreeRTOSV10.0.0/Source/tasks.o
 .text.vTaskDelay
                0x00005724       0x5c thirdparty/RTOS/freertos/FreeRTOSV10.0.0/Source/tasks.o
                0x00005724                vTaskDelay
 .text.vTaskStartScheduler
                0x00005780       0x88 thirdparty/RTOS/freertos/FreeRTOSV10.0.0/Source/tasks.o
                0x00005780                vTaskStartScheduler
 .text.vTaskSuspendAll
                0x00005808       0x18 thirdparty/RTOS/freertos/FreeRTOSV10.0.0/Source/tasks.o
                0x00005808                vTaskSuspendAll
 .text.xTaskResumeAll
                0x00005820      0x134 thirdparty/RTOS/freertos/FreeRTOSV10.0.0/Source/tasks.o
                0x00005820                xTaskResumeAll
 .text.xTaskGetTickCount
                0x00005954       0x1c thirdparty/RTOS/freertos/FreeRTOSV10.0.0/Source/tasks.o
                0x00005954                xTaskGetTickCount
 .text.xTaskIncrementTick
                0x00005970      0x174 thirdparty/RTOS/freertos/FreeRTOSV10.0.0/Source/tasks.o
                0x00005970                xTaskIncrementTick
 .text.vTaskSwitchContext
                0x00005ae4       0xa4 thirdparty/RTOS/freertos/FreeRTOSV10.0.0/Source/tasks.o
                0x00005ae4                vTaskSwitchContext
 .text.vTaskPlaceOnEventList
                0x00005b88       0x44 thirdparty/RTOS/freertos/FreeRTOSV10.0.0/Source/tasks.o
                0x00005b88                vTaskPlaceOnEventList
 .text.vTaskPlaceOnEventListRestricted
                0x00005bcc       0x54 thirdparty/RTOS/freertos/FreeRTOSV10.0.0/Source/tasks.o
                0x00005bcc                vTaskPlaceOnEventListRestricted
 .text.xTaskRemoveFromEventList
                0x00005c20       0xc0 thirdparty/RTOS/freertos/FreeRTOSV10.0.0/Source/tasks.o
                0x00005c20                xTaskRemoveFromEventList
 .text.vTaskInternalSetTimeOutState
                0x00005ce0       0x28 thirdparty/RTOS/freertos/FreeRTOSV10.0.0/Source/tasks.o
                0x00005ce0                vTaskInternalSetTimeOutState
 .text.xTaskCheckForTimeOut
                0x00005d08       0xac thirdparty/RTOS/freertos/FreeRTOSV10.0.0/Source/tasks.o
                0x00005d08                xTaskCheckForTimeOut
 .text.vTaskMissedYield
                0x00005db4       0x14 thirdparty/RTOS/freertos/FreeRTOSV10.0.0/Source/tasks.o
                0x00005db4                vTaskMissedYield
 .text.prvIdleTask
                0x00005dc8       0x28 thirdparty/RTOS/freertos/FreeRTOSV10.0.0/Source/tasks.o
 .text.prvInitialiseTaskLists
                0x00005df0       0x8c thirdparty/RTOS/freertos/FreeRTOSV10.0.0/Source/tasks.o
 .text.prvCheckTasksWaitingTermination
                0x00005e7c       0x6c thirdparty/RTOS/freertos/FreeRTOSV10.0.0/Source/tasks.o
 .text.prvDeleteTCB
                0x00005ee8       0x28 thirdparty/RTOS/freertos/FreeRTOSV10.0.0/Source/tasks.o
 .text.prvResetNextTaskUnblockTime
                0x00005f10       0x48 thirdparty/RTOS/freertos/FreeRTOSV10.0.0/Source/tasks.o
 .text.xTaskGetSchedulerState
                0x00005f58       0x38 thirdparty/RTOS/freertos/FreeRTOSV10.0.0/Source/tasks.o
                0x00005f58                xTaskGetSchedulerState
 .text.xTaskGenericNotify
                0x00005f90      0x12c thirdparty/RTOS/freertos/FreeRTOSV10.0.0/Source/tasks.o
                0x00005f90                xTaskGenericNotify
 .text.xTaskGenericNotifyFromISR
                0x000060bc      0x164 thirdparty/RTOS/freertos/FreeRTOSV10.0.0/Source/tasks.o
                0x000060bc                xTaskGenericNotifyFromISR
 .text.prvAddCurrentTaskToDelayedList
                0x00006220       0xb4 thirdparty/RTOS/freertos/FreeRTOSV10.0.0/Source/tasks.o
 .text.xTimerCreateTimerTask
                0x000062d4       0x5c thirdparty/RTOS/freertos/FreeRTOSV10.0.0/Source/timers.o
                0x000062d4                xTimerCreateTimerTask
 .text.xTimerGenericCommand
                0x00006330       0xa8 thirdparty/RTOS/freertos/FreeRTOSV10.0.0/Source/timers.o
                0x00006330                xTimerGenericCommand
 .text.prvProcessExpiredTimer
                0x000063d8       0x7c thirdparty/RTOS/freertos/FreeRTOSV10.0.0/Source/timers.o
 .text.prvTimerTask
                0x00006454       0x34 thirdparty/RTOS/freertos/FreeRTOSV10.0.0/Source/timers.o
 .text.prvProcessTimerOrBlockTask
                0x00006488       0xa4 thirdparty/RTOS/freertos/FreeRTOSV10.0.0/Source/timers.o
 .text.prvGetNextExpireTime
                0x0000652c       0x40 thirdparty/RTOS/freertos/FreeRTOSV10.0.0/Source/timers.o
 .text.prvSampleTimeNow
                0x0000656c       0x48 thirdparty/RTOS/freertos/FreeRTOSV10.0.0/Source/timers.o
 .text.prvInsertTimerInActiveList
                0x000065b4       0x88 thirdparty/RTOS/freertos/FreeRTOSV10.0.0/Source/timers.o
 .text.prvProcessReceivedCommands
                0x0000663c      0x118 thirdparty/RTOS/freertos/FreeRTOSV10.0.0/Source/timers.o
 .text.prvSwitchTimerLists
                0x00006754       0xc0 thirdparty/RTOS/freertos/FreeRTOSV10.0.0/Source/timers.o
 .text.prvCheckForValidListAndQueue
                0x00006814       0x6c thirdparty/RTOS/freertos/FreeRTOSV10.0.0/Source/timers.o
 .text          0x00006880       0x7c c:/program files (x86)/atmel/studio/7.0/toolchain/arm/arm-gnu-toolchain/bin/../lib/gcc/arm-none-eabi/6.3.1/thumb/v6-m\libgcc.a(_arm_cmpdf2.o)
                0x00006880                __aeabi_cdrcmple
                0x00006890                __aeabi_cdcmple
                0x00006890                __aeabi_cdcmpeq
                0x000068a0                __aeabi_dcmpeq
                0x000068ac                __aeabi_dcmplt
                0x000068c0                __aeabi_dcmple
                0x000068d4                __aeabi_dcmpgt
                0x000068e8                __aeabi_dcmpge
 .text          0x000068fc      0x620 c:/program files (x86)/atmel/studio/7.0/toolchain/arm/arm-gnu-toolchain/bin/../lib/gcc/arm-none-eabi/6.3.1/thumb/v6-m\libgcc.a(adddf3.o)
                0x000068fc                __aeabi_dadd
 .text          0x00006f1c      0x668 c:/program files (x86)/atmel/studio/7.0/toolchain/arm/arm-gnu-toolchain/bin/../lib/gcc/arm-none-eabi/6.3.1/thumb/v6-m\libgcc.a(divdf3.o)
                0x00006f1c                __aeabi_ddiv
 .text          0x00007584       0x74 c:/program files (x86)/atmel/studio/7.0/toolchain/arm/arm-gnu-toolchain/bin/../lib/gcc/arm-none-eabi/6.3.1/thumb/v6-m\libgcc.a(eqdf2.o)
                0x00007584                __nedf2
                0x00007584                __eqdf2
 .text          0x000075f8       0xc8 c:/program files (x86)/atmel/studio/7.0/toolchain/arm/arm-gnu-toolchain/bin/../lib/gcc/arm-none-eabi/6.3.1/thumb/v6-m\libgcc.a(gedf2.o)
                0x000075f8                __gedf2
                0x000075f8                __gtdf2
 .text          0x000076c0       0xc4 c:/program files (x86)/atmel/studio/7.0/toolchain/arm/arm-gnu-toolchain/bin/../lib/gcc/arm-none-eabi/6.3.1/thumb/v6-m\libgcc.a(ledf2.o)
                0x000076c0                __ledf2
                0x000076c0                __ltdf2
 .text          0x00007784      0x500 c:/program files (x86)/atmel/studio/7.0/toolchain/arm/arm-gnu-toolchain/bin/../lib/gcc/arm-none-eabi/6.3.1/thumb/v6-m\libgcc.a(muldf3.o)
                0x00007784                __aeabi_dmul
 .text          0x00007c84      0x62c c:/program files (x86)/atmel/studio/7.0/toolchain/arm/arm-gnu-toolchain/bin/../lib/gcc/arm-none-eabi/6.3.1/thumb/v6-m\libgcc.a(subdf3.o)
                0x00007c84                __aeabi_dsub
 .text          0x000082b0       0x84 c:/program files (x86)/atmel/studio/7.0/toolchain/arm/arm-gnu-toolchain/bin/../lib/gcc/arm-none-eabi/6.3.1/thumb/v6-m\libgcc.a(floatsidf.o)
                0x000082b0                __aeabi_i2d
 .text          0x00008334       0x3c c:/program files (x86)/atmel/studio/7.0/toolchain/arm/arm-gnu-toolchain/bin/../lib/gcc/arm-none-eabi/6.3.1/thumb/v6-m\libgcc.a(_clzsi2.o)
                0x00008334                __clzsi2
 .text.__libc_init_array
                0x00008370       0x48 c:/program files (x86)/atmel/studio/7.0/toolchain/arm/arm-gnu-toolchain/bin/../lib/gcc/arm-none-eabi/6.3.1/../../../../arm-none-eabi/lib/thumb/v6-m\libc_nano.a(lib_a-init.o)
                0x00008370                __libc_init_array
 .text.memcpy   0x000083b8       0x12 c:/program files (x86)/atmel/studio/7.0/toolchain/arm/arm-gnu-toolchain/bin/../lib/gcc/arm-none-eabi/6.3.1/../../../../arm-none-eabi/lib/thumb/v6-m\libc_nano.a(lib_a-memcpy-stub.o)
                0x000083b8                memcpy
 .text.memset   0x000083ca       0x10 c:/program files (x86)/atmel/studio/7.0/toolchain/arm/arm-gnu-toolchain/bin/../lib/gcc/arm-none-eabi/6.3.1/../../../../arm-none-eabi/lib/thumb/v6-m\libc_nano.a(lib_a-memset.o)
                0x000083ca                memset
 *(.glue_7t)
 .glue_7t       0x000083da        0x0 linker stubs
 *(.glue_7)
 .glue_7        0x000083da        0x0 linker stubs
 *(.rodata .rodata* .gnu.linkonce.r.*)
 *fill*         0x000083da        0x2 
 .rodata        0x000083dc       0x1c driver_init.o
 .rodata        0x000083f8       0x1a hal/src/hal_adc_sync.o
 *fill*         0x00008412        0x2 
 .rodata        0x00008414       0xb9 hal/src/hal_calendar_os.o
 *fill*         0x000084cd        0x3 
 .rodata        0x000084d0       0x14 hal/src/hal_io.o
 .rodata        0x000084e4       0x15 hal/src/hal_pwm.o
 *fill*         0x000084f9        0x3 
 .rodata        0x000084fc       0x1c hal/src/hal_usart_sync.o
 .rodata        0x00008518       0x4d hpl/adc/hpl_adc.o
 *fill*         0x00008565        0x3 
 .rodata        0x00008568       0x15 hpl/rtc/hpl_rtc.o
 *fill*         0x0000857d        0x3 
 .rodata        0x00008580       0x2d hpl/sercom/hpl_sercom.o
 *fill*         0x000085ad        0x3 
 .rodata        0x000085b0       0x13 hpl/tc/hpl_tc.o
 *fill*         0x000085c3        0x1 
 .rodata        0x000085c4       0x4c mytasks.o
 .rodata        0x00008610       0x38 thirdparty/RTOS/freertos/FreeRTOSV10.0.0/rtos_port.o
 .rodata        0x00008648       0x40 thirdparty/RTOS/freertos/FreeRTOSV10.0.0/Source/tasks.o
 .rodata        0x00008688       0x30 thirdparty/RTOS/freertos/FreeRTOSV10.0.0/Source/timers.o
 .rodata        0x000086b8       0x40 c:/program files (x86)/atmel/studio/7.0/toolchain/arm/arm-gnu-toolchain/bin/../lib/gcc/arm-none-eabi/6.3.1/thumb/v6-m\libgcc.a(divdf3.o)
 .rodata        0x000086f8       0x40 c:/program files (x86)/atmel/studio/7.0/toolchain/arm/arm-gnu-toolchain/bin/../lib/gcc/arm-none-eabi/6.3.1/thumb/v6-m\libgcc.a(muldf3.o)
 *(.ARM.extab* .gnu.linkonce.armextab.*)
                0x00008738                . = ALIGN (0x4)
 *(.init)
 .init          0x00008738        0x4 c:/program files (x86)/atmel/studio/7.0/toolchain/arm/arm-gnu-toolchain/bin/../lib/gcc/arm-none-eabi/6.3.1/thumb/v6-m/crti.o
                0x00008738                _init
 .init          0x0000873c        0x8 c:/program files (x86)/atmel/studio/7.0/toolchain/arm/arm-gnu-toolchain/bin/../lib/gcc/arm-none-eabi/6.3.1/thumb/v6-m/crtn.o
                0x00008744                . = ALIGN (0x4)
                0x00008744                __preinit_array_start = .
 *(.preinit_array)
                0x00008744                __preinit_array_end = .
                0x00008744                . = ALIGN (0x4)
                0x00008744                __init_array_start = .
 *(SORT(.init_array.*))
 *(.init_array)
 .init_array    0x00008744        0x4 c:/program files (x86)/atmel/studio/7.0/toolchain/arm/arm-gnu-toolchain/bin/../lib/gcc/arm-none-eabi/6.3.1/thumb/v6-m/crtbegin.o
                0x00008748                __init_array_end = .
                0x00008748                . = ALIGN (0x4)
 *crtbegin.o(.ctors)
 *(EXCLUDE_FILE(*crtend.o) .ctors)
 *(SORT(.ctors.*))
 *crtend.o(.ctors)
                0x00008748                . = ALIGN (0x4)
 *(.fini)
 .fini          0x00008748        0x4 c:/program files (x86)/atmel/studio/7.0/toolchain/arm/arm-gnu-toolchain/bin/../lib/gcc/arm-none-eabi/6.3.1/thumb/v6-m/crti.o
                0x00008748                _fini
 .fini          0x0000874c        0x8 c:/program files (x86)/atmel/studio/7.0/toolchain/arm/arm-gnu-toolchain/bin/../lib/gcc/arm-none-eabi/6.3.1/thumb/v6-m/crtn.o
                0x00008754                . = ALIGN (0x4)
                0x00008754                __fini_array_start = .
 *(.fini_array)
 .fini_array    0x00008754        0x4 c:/program files (x86)/atmel/studio/7.0/toolchain/arm/arm-gnu-toolchain/bin/../lib/gcc/arm-none-eabi/6.3.1/thumb/v6-m/crtbegin.o
 *(SORT(.fini_array.*))
                0x00008758                __fini_array_end = .
 *crtbegin.o(.dtors)
 *(EXCLUDE_FILE(*crtend.o) .dtors)
 *(SORT(.dtors.*))
 *crtend.o(.dtors)
                0x00008758                . = ALIGN (0x4)
                0x00008758                _efixed = .
                [!provide]                PROVIDE (__exidx_start, .)

.vfp11_veneer   0x00008758        0x0
 .vfp11_veneer  0x00008758        0x0 linker stubs

.v4_bx          0x00008758        0x0
 .v4_bx         0x00008758        0x0 linker stubs

.iplt           0x00008758        0x0
 .iplt          0x00008758        0x0 c:/program files (x86)/atmel/studio/7.0/toolchain/arm/arm-gnu-toolchain/bin/../lib/gcc/arm-none-eabi/6.3.1/thumb/v6-m/crtbegin.o

.eh_frame       0x00008758        0x0
 .eh_frame      0x00008758        0x0 c:/program files (x86)/atmel/studio/7.0/toolchain/arm/arm-gnu-toolchain/bin/../lib/gcc/arm-none-eabi/6.3.1/thumb/v6-m/crtbegin.o

.rel.dyn        0x00008758        0x0
 .rel.iplt      0x00008758        0x0 c:/program files (x86)/atmel/studio/7.0/toolchain/arm/arm-gnu-toolchain/bin/../lib/gcc/arm-none-eabi/6.3.1/thumb/v6-m/crtbegin.o

.jcr            0x00008758        0x0
 .jcr           0x00008758        0x0 c:/program files (x86)/atmel/studio/7.0/toolchain/arm/arm-gnu-toolchain/bin/../lib/gcc/arm-none-eabi/6.3.1/thumb/v6-m/crtbegin.o

.igot.plt       0x00008758        0x0
 .igot.plt      0x00008758        0x0 c:/program files (x86)/atmel/studio/7.0/toolchain/arm/arm-gnu-toolchain/bin/../lib/gcc/arm-none-eabi/6.3.1/thumb/v6-m/crtbegin.o

.ARM.exidx
 *(.ARM.exidx* .gnu.linkonce.armexidx.*)
                [!provide]                PROVIDE (__exidx_end, .)
                0x00008758                . = ALIGN (0x4)
                0x00008758                _etext = .

.relocate       0x20000000       0x2c load address 0x00008758
                0x20000000                . = ALIGN (0x4)
                0x20000000                _srelocate = .
 *(.ramfunc .ramfunc.*)
 *(.data .data.*)
 .data          0x20000000       0x14 hpl/sercom/hpl_sercom.o
 .data          0x20000014       0x14 hpl/tc/hpl_tc.o
 .data          0x20000028        0x4 thirdparty/RTOS/freertos/FreeRTOSV10.0.0/Source/portable/GCC/ARM_CM0/port.o
                0x2000002c                . = ALIGN (0x4)
                0x2000002c                _erelocate = .

.bss            0x2000002c     0x2890 load address 0x00008784
                0x2000002c                . = ALIGN (0x4)
                0x2000002c                _sbss = .
                0x2000002c                _szero = .
 *(.bss .bss.*)
 .bss           0x2000002c       0x1c c:/program files (x86)/atmel/studio/7.0/toolchain/arm/arm-gnu-toolchain/bin/../lib/gcc/arm-none-eabi/6.3.1/thumb/v6-m/crtbegin.o
 .bss           0x20000048        0x4 hpl/rtc/hpl_rtc.o
 .bss           0x2000004c        0x4 hpl/tc/hpl_tc.o
 .bss           0x20000050       0x90 mytasks.o
                0x20000078                sched
                0x200000dc                UART_Length
 .bss           0x200000e0     0x2588 thirdparty/RTOS/freertos/FreeRTOSV10.0.0/Source/portable/MemMang/heap_1.o
 .bss           0x20002668      0x104 thirdparty/RTOS/freertos/FreeRTOSV10.0.0/Source/tasks.o
                0x20002668                pxCurrentTCB
 .bss           0x2000276c       0x3c thirdparty/RTOS/freertos/FreeRTOSV10.0.0/Source/timers.o
 *(COMMON)
 COMMON         0x200027a8       0x48 driver_init.o
                0x200027a8                UART
                0x200027b4                WindSensor
                0x200027b8                TempSensor
                0x200027bc                Scheduler
                0x200027d4                StepperDriver
 COMMON         0x200027f0       0xcc mytasks.o
                0x200027f0                io
                0x200027f4                UART_Buffer
                0x20002858                UART_Send_Buffer
                0x200028bc                . = ALIGN (0x4)
                0x200028bc                _ebss = .
                0x200028bc                _ezero = .

.stack          0x200028bc     0x2004 load address 0x0000b014
                0x200028c0                . = ALIGN (0x8)
 *fill*         0x200028bc        0x4 
                0x200028c0                _sstack = .
                0x200048c0                . = (. + STACK_SIZE)
 *fill*         0x200028c0     0x2000 
                0x200048c0                . = ALIGN (0x8)
                0x200048c0                _estack = .
                0x200048c0                . = ALIGN (0x4)
                0x200048c0                _end = .
OUTPUT(MyProject.elf elf32-littlearm)

.ARM.attributes
                0x00000000       0x28
 .ARM.attributes
                0x00000000       0x1e c:/program files (x86)/atmel/studio/7.0/toolchain/arm/arm-gnu-toolchain/bin/../lib/gcc/arm-none-eabi/6.3.1/thumb/v6-m/crti.o
 .ARM.attributes
                0x0000001e       0x2c c:/program files (x86)/atmel/studio/7.0/toolchain/arm/arm-gnu-toolchain/bin/../lib/gcc/arm-none-eabi/6.3.1/thumb/v6-m/crtbegin.o
 .ARM.attributes
                0x0000004a       0x32 atmel_start.o
 .ARM.attributes
                0x0000007c       0x32 Device_Startup/startup_samc21.o
 .ARM.attributes
                0x000000ae       0x32 driver_init.o
 .ARM.attributes
                0x000000e0       0x32 hal/src/hal_adc_sync.o
 .ARM.attributes
                0x00000112       0x32 hal/src/hal_atomic.o
 .ARM.attributes
                0x00000144       0x32 hal/src/hal_calendar_os.o
 .ARM.attributes
                0x00000176       0x32 hal/src/hal_io.o
 .ARM.attributes
                0x000001a8       0x32 hal/src/hal_pwm.o
 .ARM.attributes
                0x000001da       0x32 hal/src/hal_usart_sync.o
 .ARM.attributes
                0x0000020c       0x32 hal/utils/src/utils_assert.o
 .ARM.attributes
                0x0000023e       0x32 hpl/adc/hpl_adc.o
 .ARM.attributes
                0x00000270       0x32 hpl/core/hpl_init.o
 .ARM.attributes
                0x000002a2       0x32 hpl/divas/hpl_divas.o
 .ARM.attributes
                0x000002d4       0x32 hpl/gclk/hpl_gclk.o
 .ARM.attributes
                0x00000306       0x32 hpl/mclk/hpl_mclk.o
 .ARM.attributes
                0x00000338       0x32 hpl/osc32kctrl/hpl_osc32kctrl.o
 .ARM.attributes
                0x0000036a       0x32 hpl/oscctrl/hpl_oscctrl.o
 .ARM.attributes
                0x0000039c       0x32 hpl/rtc/hpl_rtc.o
 .ARM.attributes
                0x000003ce       0x32 hpl/sercom/hpl_sercom.o
 .ARM.attributes
                0x00000400       0x32 hpl/tc/hpl_tc.o
 .ARM.attributes
                0x00000432       0x32 main.o
 .ARM.attributes
                0x00000464       0x32 mytasks.o
 .ARM.attributes
                0x00000496       0x32 thirdparty/RTOS/freertos/FreeRTOSV10.0.0/rtos_port.o
 .ARM.attributes
                0x000004c8       0x32 thirdparty/RTOS/freertos/FreeRTOSV10.0.0/Source/list.o
 .ARM.attributes
                0x000004fa       0x32 thirdparty/RTOS/freertos/FreeRTOSV10.0.0/Source/portable/GCC/ARM_CM0/port.o
 .ARM.attributes
                0x0000052c       0x32 thirdparty/RTOS/freertos/FreeRTOSV10.0.0/Source/portable/MemMang/heap_1.o
 .ARM.attributes
                0x0000055e       0x32 thirdparty/RTOS/freertos/FreeRTOSV10.0.0/Source/queue.o
 .ARM.attributes
                0x00000590       0x32 thirdparty/RTOS/freertos/FreeRTOSV10.0.0/Source/tasks.o
 .ARM.attributes
                0x000005c2       0x32 thirdparty/RTOS/freertos/FreeRTOSV10.0.0/Source/timers.o
 .ARM.attributes
                0x000005f4       0x1e c:/program files (x86)/atmel/studio/7.0/toolchain/arm/arm-gnu-toolchain/bin/../lib/gcc/arm-none-eabi/6.3.1/thumb/v6-m\libgcc.a(_arm_cmpdf2.o)
 .ARM.attributes
                0x00000612       0x2c c:/program files (x86)/atmel/studio/7.0/toolchain/arm/arm-gnu-toolchain/bin/../lib/gcc/arm-none-eabi/6.3.1/thumb/v6-m\libgcc.a(adddf3.o)
 .ARM.attributes
                0x0000063e       0x2c c:/program files (x86)/atmel/studio/7.0/toolchain/arm/arm-gnu-toolchain/bin/../lib/gcc/arm-none-eabi/6.3.1/thumb/v6-m\libgcc.a(divdf3.o)
 .ARM.attributes
                0x0000066a       0x2c c:/program files (x86)/atmel/studio/7.0/toolchain/arm/arm-gnu-toolchain/bin/../lib/gcc/arm-none-eabi/6.3.1/thumb/v6-m\libgcc.a(eqdf2.o)
 .ARM.attributes
                0x00000696       0x2c c:/program files (x86)/atmel/studio/7.0/toolchain/arm/arm-gnu-toolchain/bin/../lib/gcc/arm-none-eabi/6.3.1/thumb/v6-m\libgcc.a(gedf2.o)
 .ARM.attributes
                0x000006c2       0x2c c:/program files (x86)/atmel/studio/7.0/toolchain/arm/arm-gnu-toolchain/bin/../lib/gcc/arm-none-eabi/6.3.1/thumb/v6-m\libgcc.a(ledf2.o)
 .ARM.attributes
                0x000006ee       0x2c c:/program files (x86)/atmel/studio/7.0/toolchain/arm/arm-gnu-toolchain/bin/../lib/gcc/arm-none-eabi/6.3.1/thumb/v6-m\libgcc.a(muldf3.o)
 .ARM.attributes
                0x0000071a       0x2c c:/program files (x86)/atmel/studio/7.0/toolchain/arm/arm-gnu-toolchain/bin/../lib/gcc/arm-none-eabi/6.3.1/thumb/v6-m\libgcc.a(subdf3.o)
 .ARM.attributes
                0x00000746       0x2c c:/program files (x86)/atmel/studio/7.0/toolchain/arm/arm-gnu-toolchain/bin/../lib/gcc/arm-none-eabi/6.3.1/thumb/v6-m\libgcc.a(floatsidf.o)
 .ARM.attributes
                0x00000772       0x1e c:/program files (x86)/atmel/studio/7.0/toolchain/arm/arm-gnu-toolchain/bin/../lib/gcc/arm-none-eabi/6.3.1/thumb/v6-m\libgcc.a(_clzsi2.o)
 .ARM.attributes
                0x00000790       0x2c c:/program files (x86)/atmel/studio/7.0/toolchain/arm/arm-gnu-toolchain/bin/../lib/gcc/arm-none-eabi/6.3.1/../../../../arm-none-eabi/lib/thumb/v6-m\libc_nano.a(lib_a-init.o)
 .ARM.attributes
                0x000007bc       0x2c c:/program files (x86)/atmel/studio/7.0/toolchain/arm/arm-gnu-toolchain/bin/../lib/gcc/arm-none-eabi/6.3.1/../../../../arm-none-eabi/lib/thumb/v6-m\libc_nano.a(lib_a-memcpy-stub.o)
 .ARM.attributes
                0x000007e8       0x2c c:/program files (x86)/atmel/studio/7.0/toolchain/arm/arm-gnu-toolchain/bin/../lib/gcc/arm-none-eabi/6.3.1/../../../../arm-none-eabi/lib/thumb/v6-m\libc_nano.a(lib_a-memset.o)
 .ARM.attributes
                0x00000814       0x1e c:/program files (x86)/atmel/studio/7.0/toolchain/arm/arm-gnu-toolchain/bin/../lib/gcc/arm-none-eabi/6.3.1/thumb/v6-m/crtn.o

.comment        0x00000000       0x59
 .comment       0x00000000       0x59 atmel_start.o
                                 0x5a (size before relaxing)
 .comment       0x00000059       0x5a Device_Startup/startup_samc21.o
 .comment       0x00000059       0x5a driver_init.o
 .comment       0x00000059       0x5a hal/src/hal_adc_sync.o
 .comment       0x00000059       0x5a hal/src/hal_atomic.o
 .comment       0x00000059       0x5a hal/src/hal_calendar_os.o
 .comment       0x00000059       0x5a hal/src/hal_io.o
 .comment       0x00000059       0x5a hal/src/hal_pwm.o
 .comment       0x00000059       0x5a hal/src/hal_usart_sync.o
 .comment       0x00000059       0x5a hal/utils/src/utils_assert.o
 .comment       0x00000059       0x5a hpl/adc/hpl_adc.o
 .comment       0x00000059       0x5a hpl/core/hpl_init.o
 .comment       0x00000059       0x5a hpl/divas/hpl_divas.o
 .comment       0x00000059       0x5a hpl/gclk/hpl_gclk.o
 .comment       0x00000059       0x5a hpl/mclk/hpl_mclk.o
 .comment       0x00000059       0x5a hpl/osc32kctrl/hpl_osc32kctrl.o
 .comment       0x00000059       0x5a hpl/oscctrl/hpl_oscctrl.o
 .comment       0x00000059       0x5a hpl/rtc/hpl_rtc.o
 .comment       0x00000059       0x5a hpl/sercom/hpl_sercom.o
 .comment       0x00000059       0x5a hpl/tc/hpl_tc.o
 .comment       0x00000059       0x5a main.o
 .comment       0x00000059       0x5a mytasks.o
 .comment       0x00000059       0x5a thirdparty/RTOS/freertos/FreeRTOSV10.0.0/rtos_port.o
 .comment       0x00000059       0x5a thirdparty/RTOS/freertos/FreeRTOSV10.0.0/Source/list.o
 .comment       0x00000059       0x5a thirdparty/RTOS/freertos/FreeRTOSV10.0.0/Source/portable/GCC/ARM_CM0/port.o
 .comment       0x00000059       0x5a thirdparty/RTOS/freertos/FreeRTOSV10.0.0/Source/portable/MemMang/heap_1.o
 .comment       0x00000059       0x5a thirdparty/RTOS/freertos/FreeRTOSV10.0.0/Source/queue.o
 .comment       0x00000059       0x5a thirdparty/RTOS/freertos/FreeRTOSV10.0.0/Source/tasks.o
 .comment       0x00000059       0x5a thirdparty/RTOS/freertos/FreeRTOSV10.0.0/Source/timers.o

.debug_info     0x00000000    0x26fa4
 .debug_info    0x00000000      0x4a6 atmel_start.o
 .debug_info    0x000004a6      0x526 Device_Startup/startup_samc21.o
 .debug_info    0x000009cc     0x7475 driver_init.o
 .debug_info    0x00007e41      0x862 hal/src/hal_adc_sync.o
 .debug_info    0x000086a3      0x1d8 hal/src/hal_atomic.o
 .debug_info    0x0000887b      0xc41 hal/src/hal_calendar_os.o
 .debug_info    0x000094bc      0x255 hal/src/hal_io.o
 .debug_info    0x00009711      0x686 hal/src/hal_pwm.o
 .debug_info    0x00009d97      0x9b5 hal/src/hal_usart_sync.o
 .debug_info    0x0000a74c      0x10b hal/utils/src/utils_assert.o
 .debug_info    0x0000a857     0x2e69 hpl/adc/hpl_adc.o
 .debug_info    0x0000d6c0      0x746 hpl/core/hpl_init.o
 .debug_info    0x0000de06      0x7cd hpl/divas/hpl_divas.o
 .debug_info    0x0000e5d3      0x542 hpl/gclk/hpl_gclk.o
 .debug_info    0x0000eb15      0x7bb hpl/mclk/hpl_mclk.o
 .debug_info    0x0000f2d0      0x74a hpl/osc32kctrl/hpl_osc32kctrl.o
 .debug_info    0x0000fa1a      0xdab hpl/oscctrl/hpl_oscctrl.o
 .debug_info    0x000107c5     0x2625 hpl/rtc/hpl_rtc.o
 .debug_info    0x00012dea     0x8158 hpl/sercom/hpl_sercom.o
 .debug_info    0x0001af42     0x22cf hpl/tc/hpl_tc.o
 .debug_info    0x0001d211      0x4c0 main.o
 .debug_info    0x0001d6d1     0x1ed0 mytasks.o
 .debug_info    0x0001f5a1      0x33d thirdparty/RTOS/freertos/FreeRTOSV10.0.0/rtos_port.o
 .debug_info    0x0001f8de      0xbdf thirdparty/RTOS/freertos/FreeRTOSV10.0.0/Source/list.o
 .debug_info    0x000204bd      0x305 thirdparty/RTOS/freertos/FreeRTOSV10.0.0/Source/portable/GCC/ARM_CM0/port.o
 .debug_info    0x000207c2      0xacc thirdparty/RTOS/freertos/FreeRTOSV10.0.0/Source/portable/MemMang/heap_1.o
 .debug_info    0x0002128e     0x1f30 thirdparty/RTOS/freertos/FreeRTOSV10.0.0/Source/queue.o
 .debug_info    0x000231be     0x27d9 thirdparty/RTOS/freertos/FreeRTOSV10.0.0/Source/tasks.o
 .debug_info    0x00025997     0x160d thirdparty/RTOS/freertos/FreeRTOSV10.0.0/Source/timers.o

.debug_abbrev   0x00000000     0x39fb
 .debug_abbrev  0x00000000       0xe3 atmel_start.o
 .debug_abbrev  0x000000e3      0x142 Device_Startup/startup_samc21.o
 .debug_abbrev  0x00000225      0x2c2 driver_init.o
 .debug_abbrev  0x000004e7      0x164 hal/src/hal_adc_sync.o
 .debug_abbrev  0x0000064b      0x146 hal/src/hal_atomic.o
 .debug_abbrev  0x00000791      0x20b hal/src/hal_calendar_os.o
 .debug_abbrev  0x0000099c       0xfe hal/src/hal_io.o
 .debug_abbrev  0x00000a9a      0x15e hal/src/hal_pwm.o
 .debug_abbrev  0x00000bf8      0x1fe hal/src/hal_usart_sync.o
 .debug_abbrev  0x00000df6       0x86 hal/utils/src/utils_assert.o
 .debug_abbrev  0x00000e7c      0x337 hpl/adc/hpl_adc.o
 .debug_abbrev  0x000011b3      0x1a6 hpl/core/hpl_init.o
 .debug_abbrev  0x00001359      0x207 hpl/divas/hpl_divas.o
 .debug_abbrev  0x00001560      0x168 hpl/gclk/hpl_gclk.o
 .debug_abbrev  0x000016c8      0x1aa hpl/mclk/hpl_mclk.o
 .debug_abbrev  0x00001872      0x1bc hpl/osc32kctrl/hpl_osc32kctrl.o
 .debug_abbrev  0x00001a2e      0x1d4 hpl/oscctrl/hpl_oscctrl.o
 .debug_abbrev  0x00001c02      0x2ee hpl/rtc/hpl_rtc.o
 .debug_abbrev  0x00001ef0      0x3bf hpl/sercom/hpl_sercom.o
 .debug_abbrev  0x000022af      0x3b2 hpl/tc/hpl_tc.o
 .debug_abbrev  0x00002661       0xe5 main.o
 .debug_abbrev  0x00002746      0x417 mytasks.o
 .debug_abbrev  0x00002b5d      0x136 thirdparty/RTOS/freertos/FreeRTOSV10.0.0/rtos_port.o
 .debug_abbrev  0x00002c93      0x1e9 thirdparty/RTOS/freertos/FreeRTOSV10.0.0/Source/list.o
 .debug_abbrev  0x00002e7c      0x19a thirdparty/RTOS/freertos/FreeRTOSV10.0.0/Source/portable/GCC/ARM_CM0/port.o
 .debug_abbrev  0x00003016      0x231 thirdparty/RTOS/freertos/FreeRTOSV10.0.0/Source/portable/MemMang/heap_1.o
 .debug_abbrev  0x00003247      0x260 thirdparty/RTOS/freertos/FreeRTOSV10.0.0/Source/queue.o
 .debug_abbrev  0x000034a7      0x2c5 thirdparty/RTOS/freertos/FreeRTOSV10.0.0/Source/tasks.o
 .debug_abbrev  0x0000376c      0x28f thirdparty/RTOS/freertos/FreeRTOSV10.0.0/Source/timers.o

.debug_loc      0x00000000     0xa315
 .debug_loc     0x00000000       0x2c atmel_start.o
 .debug_loc     0x0000002c       0x64 Device_Startup/startup_samc21.o
 .debug_loc     0x00000090      0x800 driver_init.o
 .debug_loc     0x00000890      0x374 hal/src/hal_adc_sync.o
 .debug_loc     0x00000c04       0x9c hal/src/hal_atomic.o
 .debug_loc     0x00000ca0      0x3ac hal/src/hal_calendar_os.o
 .debug_loc     0x0000104c       0x9c hal/src/hal_io.o
 .debug_loc     0x000010e8      0x1ec hal/src/hal_pwm.o
 .debug_loc     0x000012d4      0x3e4 hal/src/hal_usart_sync.o
 .debug_loc     0x000016b8       0x38 hal/utils/src/utils_assert.o
 .debug_loc     0x000016f0     0x1638 hpl/adc/hpl_adc.o
 .debug_loc     0x00002d28       0x64 hpl/core/hpl_init.o
 .debug_loc     0x00002d8c      0x17c hpl/divas/hpl_divas.o
 .debug_loc     0x00002f08       0xd4 hpl/gclk/hpl_gclk.o
 .debug_loc     0x00002fdc       0x70 hpl/mclk/hpl_mclk.o
 .debug_loc     0x0000304c       0xe0 hpl/osc32kctrl/hpl_osc32kctrl.o
 .debug_loc     0x0000312c      0x1f8 hpl/oscctrl/hpl_oscctrl.o
 .debug_loc     0x00003324      0x684 hpl/rtc/hpl_rtc.o
 .debug_loc     0x000039a8     0x3f02 hpl/sercom/hpl_sercom.o
 .debug_loc     0x000078aa      0x89c hpl/tc/hpl_tc.o
 .debug_loc     0x00008146       0x2c main.o
 .debug_loc     0x00008172      0x4ae mytasks.o
 .debug_loc     0x00008620      0x10c thirdparty/RTOS/freertos/FreeRTOSV10.0.0/rtos_port.o
 .debug_loc     0x0000872c      0x118 thirdparty/RTOS/freertos/FreeRTOSV10.0.0/Source/list.o
 .debug_loc     0x00008844      0x1dc thirdparty/RTOS/freertos/FreeRTOSV10.0.0/Source/portable/GCC/ARM_CM0/port.o
 .debug_loc     0x00008a20       0xc8 thirdparty/RTOS/freertos/FreeRTOSV10.0.0/Source/portable/MemMang/heap_1.o
 .debug_loc     0x00008ae8      0x738 thirdparty/RTOS/freertos/FreeRTOSV10.0.0/Source/queue.o
 .debug_loc     0x00009220      0xc3d thirdparty/RTOS/freertos/FreeRTOSV10.0.0/Source/tasks.o
 .debug_loc     0x00009e5d      0x4b8 thirdparty/RTOS/freertos/FreeRTOSV10.0.0/Source/timers.o

.debug_aranges  0x00000000     0x1a80
 .debug_aranges
                0x00000000       0x20 atmel_start.o
 .debug_aranges
                0x00000020       0x28 Device_Startup/startup_samc21.o
 .debug_aranges
                0x00000048      0x158 driver_init.o
 .debug_aranges
                0x000001a0       0x98 hal/src/hal_adc_sync.o
 .debug_aranges
                0x00000238       0x30 hal/src/hal_atomic.o
 .debug_aranges
                0x00000268       0xa0 hal/src/hal_calendar_os.o
 .debug_aranges
                0x00000308       0x30 hal/src/hal_io.o
 .debug_aranges
                0x00000338       0x60 hal/src/hal_pwm.o
 .debug_aranges
                0x00000398       0xa8 hal/src/hal_usart_sync.o
 .debug_aranges
                0x00000440       0x20 hal/utils/src/utils_assert.o
 .debug_aranges
                0x00000460      0x348 hpl/adc/hpl_adc.o
 .debug_aranges
                0x000007a8       0x28 hpl/core/hpl_init.o
 .debug_aranges
                0x000007d0       0x50 hpl/divas/hpl_divas.o
 .debug_aranges
                0x00000820       0x38 hpl/gclk/hpl_gclk.o
 .debug_aranges
                0x00000858       0x28 hpl/mclk/hpl_mclk.o
 .debug_aranges
                0x00000880       0x38 hpl/osc32kctrl/hpl_osc32kctrl.o
 .debug_aranges
                0x000008b8       0x60 hpl/oscctrl/hpl_oscctrl.o
 .debug_aranges
                0x00000918      0x108 hpl/rtc/hpl_rtc.o
 .debug_aranges
                0x00000a20      0x918 hpl/sercom/hpl_sercom.o
 .debug_aranges
                0x00001338      0x158 hpl/tc/hpl_tc.o
 .debug_aranges
                0x00001490       0x20 main.o
 .debug_aranges
                0x000014b0       0xc8 mytasks.o
 .debug_aranges
                0x00001578       0x40 thirdparty/RTOS/freertos/FreeRTOSV10.0.0/rtos_port.o
 .debug_aranges
                0x000015b8       0x40 thirdparty/RTOS/freertos/FreeRTOSV10.0.0/Source/list.o
 .debug_aranges
                0x000015f8       0x88 thirdparty/RTOS/freertos/FreeRTOSV10.0.0/Source/portable/GCC/ARM_CM0/port.o
 .debug_aranges
                0x00001680       0x38 thirdparty/RTOS/freertos/FreeRTOSV10.0.0/Source/portable/MemMang/heap_1.o
 .debug_aranges
                0x000016b8      0x120 thirdparty/RTOS/freertos/FreeRTOSV10.0.0/Source/queue.o
 .debug_aranges
                0x000017d8      0x1e0 thirdparty/RTOS/freertos/FreeRTOSV10.0.0/Source/tasks.o
 .debug_aranges
                0x000019b8       0xc8 thirdparty/RTOS/freertos/FreeRTOSV10.0.0/Source/timers.o

.debug_ranges   0x00000000     0x18b0
 .debug_ranges  0x00000000       0x10 atmel_start.o
 .debug_ranges  0x00000010       0x18 Device_Startup/startup_samc21.o
 .debug_ranges  0x00000028      0x148 driver_init.o
 .debug_ranges  0x00000170       0x88 hal/src/hal_adc_sync.o
 .debug_ranges  0x000001f8       0x20 hal/src/hal_atomic.o
 .debug_ranges  0x00000218       0x90 hal/src/hal_calendar_os.o
 .debug_ranges  0x000002a8       0x20 hal/src/hal_io.o
 .debug_ranges  0x000002c8       0x50 hal/src/hal_pwm.o
 .debug_ranges  0x00000318       0x98 hal/src/hal_usart_sync.o
 .debug_ranges  0x000003b0       0x10 hal/utils/src/utils_assert.o
 .debug_ranges  0x000003c0      0x338 hpl/adc/hpl_adc.o
 .debug_ranges  0x000006f8       0x18 hpl/core/hpl_init.o
 .debug_ranges  0x00000710       0x40 hpl/divas/hpl_divas.o
 .debug_ranges  0x00000750       0x28 hpl/gclk/hpl_gclk.o
 .debug_ranges  0x00000778       0x18 hpl/mclk/hpl_mclk.o
 .debug_ranges  0x00000790       0x28 hpl/osc32kctrl/hpl_osc32kctrl.o
 .debug_ranges  0x000007b8       0x50 hpl/oscctrl/hpl_oscctrl.o
 .debug_ranges  0x00000808       0xf8 hpl/rtc/hpl_rtc.o
 .debug_ranges  0x00000900      0x908 hpl/sercom/hpl_sercom.o
 .debug_ranges  0x00001208      0x148 hpl/tc/hpl_tc.o
 .debug_ranges  0x00001350       0x10 main.o
 .debug_ranges  0x00001360       0xb8 mytasks.o
 .debug_ranges  0x00001418       0x30 thirdparty/RTOS/freertos/FreeRTOSV10.0.0/rtos_port.o
 .debug_ranges  0x00001448       0x30 thirdparty/RTOS/freertos/FreeRTOSV10.0.0/Source/list.o
 .debug_ranges  0x00001478       0x78 thirdparty/RTOS/freertos/FreeRTOSV10.0.0/Source/portable/GCC/ARM_CM0/port.o
 .debug_ranges  0x000014f0       0x28 thirdparty/RTOS/freertos/FreeRTOSV10.0.0/Source/portable/MemMang/heap_1.o
 .debug_ranges  0x00001518      0x110 thirdparty/RTOS/freertos/FreeRTOSV10.0.0/Source/queue.o
 .debug_ranges  0x00001628      0x1d0 thirdparty/RTOS/freertos/FreeRTOSV10.0.0/Source/tasks.o
 .debug_ranges  0x000017f8       0xb8 thirdparty/RTOS/freertos/FreeRTOSV10.0.0/Source/timers.o

.debug_macro    0x00000000    0x21763
 .debug_macro   0x00000000      0x766 atmel_start.o
 .debug_macro   0x00000766      0x89e atmel_start.o
 .debug_macro   0x00001004      0x16d atmel_start.o
 .debug_macro   0x00001171       0x22 atmel_start.o
 .debug_macro   0x00001193       0x87 atmel_start.o
 .debug_macro   0x0000121a       0x51 atmel_start.o
 .debug_macro   0x0000126b       0xef atmel_start.o
 .debug_macro   0x0000135a       0x6a atmel_start.o
 .debug_macro   0x000013c4      0x1df atmel_start.o
 .debug_macro   0x000015a3       0x22 atmel_start.o
 .debug_macro   0x000015c5       0x3f atmel_start.o
 .debug_macro   0x00001604       0x1c atmel_start.o
 .debug_macro   0x00001620       0x22 atmel_start.o
 .debug_macro   0x00001642       0xb5 atmel_start.o
 .debug_macro   0x000016f7      0x4da atmel_start.o
 .debug_macro   0x00001bd1      0x11f atmel_start.o
 .debug_macro   0x00001cf0      0x897 atmel_start.o
 .debug_macro   0x00002587      0x8c0 atmel_start.o
 .debug_macro   0x00002e47     0x2d61 atmel_start.o
 .debug_macro   0x00005ba8      0x21e atmel_start.o
 .debug_macro   0x00005dc6      0x282 atmel_start.o
 .debug_macro   0x00006048      0x130 atmel_start.o
 .debug_macro   0x00006178      0xd32 atmel_start.o
 .debug_macro   0x00006eaa      0x61f atmel_start.o
 .debug_macro   0x000074c9      0x5be atmel_start.o
 .debug_macro   0x00007a87      0x824 atmel_start.o
 .debug_macro   0x000082ab      0x172 atmel_start.o
 .debug_macro   0x0000841d      0x306 atmel_start.o
 .debug_macro   0x00008723      0x55f atmel_start.o
 .debug_macro   0x00008c82      0x421 atmel_start.o
 .debug_macro   0x000090a3      0x21c atmel_start.o
 .debug_macro   0x000092bf      0x719 atmel_start.o
 .debug_macro   0x000099d8      0x5ab atmel_start.o
 .debug_macro   0x00009f83      0x335 atmel_start.o
 .debug_macro   0x0000a2b8      0x68d atmel_start.o
 .debug_macro   0x0000a945       0xc4 atmel_start.o
 .debug_macro   0x0000aa09      0x340 atmel_start.o
 .debug_macro   0x0000ad49       0x6a atmel_start.o
 .debug_macro   0x0000adb3     0x124b atmel_start.o
 .debug_macro   0x0000bffe      0x5a5 atmel_start.o
 .debug_macro   0x0000c5a3      0xfc4 atmel_start.o
 .debug_macro   0x0000d567      0x59e atmel_start.o
 .debug_macro   0x0000db05      0x8ae atmel_start.o
 .debug_macro   0x0000e3b3     0x19be atmel_start.o
 .debug_macro   0x0000fd71      0x39c atmel_start.o
 .debug_macro   0x0001010d      0x36a atmel_start.o
 .debug_macro   0x00010477       0x94 atmel_start.o
 .debug_macro   0x0001050b       0xac atmel_start.o
 .debug_macro   0x000105b7       0xac atmel_start.o
 .debug_macro   0x00010663      0x149 atmel_start.o
 .debug_macro   0x000107ac      0x149 atmel_start.o
 .debug_macro   0x000108f5       0x4c atmel_start.o
 .debug_macro   0x00010941       0x58 atmel_start.o
 .debug_macro   0x00010999       0x3a atmel_start.o
 .debug_macro   0x000109d3       0xd6 atmel_start.o
 .debug_macro   0x00010aa9       0xb8 atmel_start.o
 .debug_macro   0x00010b61       0x64 atmel_start.o
 .debug_macro   0x00010bc5      0x5d7 atmel_start.o
 .debug_macro   0x0001119c       0x4c atmel_start.o
 .debug_macro   0x000111e8      0x1be atmel_start.o
 .debug_macro   0x000113a6      0x184 atmel_start.o
 .debug_macro   0x0001152a       0x52 atmel_start.o
 .debug_macro   0x0001157c       0xa0 atmel_start.o
 .debug_macro   0x0001161c       0xd6 atmel_start.o
 .debug_macro   0x000116f2       0x94 atmel_start.o
 .debug_macro   0x00011786       0x4c atmel_start.o
 .debug_macro   0x000117d2       0x64 atmel_start.o
 .debug_macro   0x00011836       0x22 atmel_start.o
 .debug_macro   0x00011858      0x16c atmel_start.o
 .debug_macro   0x000119c4       0x2e atmel_start.o
 .debug_macro   0x000119f2       0x16 atmel_start.o
 .debug_macro   0x00011a08       0xd6 atmel_start.o
 .debug_macro   0x00011ade       0xa0 atmel_start.o
 .debug_macro   0x00011b7e      0x133 atmel_start.o
 .debug_macro   0x00011cb1      0x133 atmel_start.o
 .debug_macro   0x00011de4      0x133 atmel_start.o
 .debug_macro   0x00011f17      0x133 atmel_start.o
 .debug_macro   0x0001204a      0x133 atmel_start.o
 .debug_macro   0x0001217d      0x133 atmel_start.o
 .debug_macro   0x000122b0       0x4c atmel_start.o
 .debug_macro   0x000122fc       0xfa atmel_start.o
 .debug_macro   0x000123f6       0xfa atmel_start.o
 .debug_macro   0x000124f0       0xfa atmel_start.o
 .debug_macro   0x000125ea       0xfa atmel_start.o
 .debug_macro   0x000126e4       0xfa atmel_start.o
 .debug_macro   0x000127de      0x124 atmel_start.o
 .debug_macro   0x00012902       0xfa atmel_start.o
 .debug_macro   0x000129fc       0xee atmel_start.o
 .debug_macro   0x00012aea       0x76 atmel_start.o
 .debug_macro   0x00012b60       0x3a atmel_start.o
 .debug_macro   0x00012b9a      0x46b atmel_start.o
 .debug_macro   0x00013005     0x2678 atmel_start.o
 .debug_macro   0x0001567d       0x82 atmel_start.o
 .debug_macro   0x000156ff       0x10 atmel_start.o
 .debug_macro   0x0001570f       0x10 atmel_start.o
 .debug_macro   0x0001571f       0x16 atmel_start.o
 .debug_macro   0x00015735       0x16 atmel_start.o
 .debug_macro   0x0001574b       0x16 atmel_start.o
 .debug_macro   0x00015761       0x16 atmel_start.o
 .debug_macro   0x00015777       0x16 atmel_start.o
 .debug_macro   0x0001578d       0x16 atmel_start.o
 .debug_macro   0x000157a3       0x16 atmel_start.o
 .debug_macro   0x000157b9       0x16 atmel_start.o
 .debug_macro   0x000157cf       0x16 atmel_start.o
 .debug_macro   0x000157e5       0x16 atmel_start.o
 .debug_macro   0x000157fb       0x16 atmel_start.o
 .debug_macro   0x00015811       0x16 atmel_start.o
 .debug_macro   0x00015827       0x16 atmel_start.o
 .debug_macro   0x0001583d       0x16 atmel_start.o
 .debug_macro   0x00015853       0x16 atmel_start.o
 .debug_macro   0x00015869       0x16 atmel_start.o
 .debug_macro   0x0001587f       0x16 atmel_start.o
 .debug_macro   0x00015895       0x16 atmel_start.o
 .debug_macro   0x000158ab       0x16 atmel_start.o
 .debug_macro   0x000158c1       0x16 atmel_start.o
 .debug_macro   0x000158d7       0x16 atmel_start.o
 .debug_macro   0x000158ed      0x262 atmel_start.o
 .debug_macro   0x00015b4f       0x16 atmel_start.o
 .debug_macro   0x00015b65       0x94 atmel_start.o
 .debug_macro   0x00015bf9       0x16 atmel_start.o
 .debug_macro   0x00015c0f       0xbe atmel_start.o
 .debug_macro   0x00015ccd      0x28c atmel_start.o
 .debug_macro   0x00015f59       0x16 atmel_start.o
 .debug_macro   0x00015f6f       0x16 atmel_start.o
 .debug_macro   0x00015f85       0xca atmel_start.o
 .debug_macro   0x0001604f       0x1c atmel_start.o
 .debug_macro   0x0001606b       0x16 atmel_start.o
 .debug_macro   0x00016081       0xcf atmel_start.o
 .debug_macro   0x00016150       0xa0 atmel_start.o
 .debug_macro   0x000161f0       0x5d atmel_start.o
 .debug_macro   0x0001624d      0x189 atmel_start.o
 .debug_macro   0x000163d6      0x15a atmel_start.o
 .debug_macro   0x00016530       0xa6 atmel_start.o
 .debug_macro   0x000165d6       0x10 atmel_start.o
 .debug_macro   0x000165e6       0x1f atmel_start.o
 .debug_macro   0x00016605      0x46a atmel_start.o
 .debug_macro   0x00016a6f       0x86 atmel_start.o
 .debug_macro   0x00016af5       0x69 atmel_start.o
 .debug_macro   0x00016b5e       0xb5 atmel_start.o
 .debug_macro   0x00016c13       0x8c atmel_start.o
 .debug_macro   0x00016c9f       0x1c atmel_start.o
 .debug_macro   0x00016cbb      0x3ba Device_Startup/startup_samc21.o
 .debug_macro   0x00017075       0x39 Device_Startup/startup_samc21.o
 .debug_macro   0x000170ae      0x774 driver_init.o
 .debug_macro   0x00017822       0xc9 driver_init.o
 .debug_macro   0x000178eb      0x572 hal/src/hal_adc_sync.o
 .debug_macro   0x00017e5d      0x53a hal/src/hal_atomic.o
 .debug_macro   0x00018397      0x688 hal/src/hal_calendar_os.o
 .debug_macro   0x00018a1f      0x54f hal/src/hal_io.o
 .debug_macro   0x00018f6e      0x56f hal/src/hal_pwm.o
 .debug_macro   0x000194dd      0x57a hal/src/hal_usart_sync.o
 .debug_macro   0x00019a57      0x544 hal/utils/src/utils_assert.o
 .debug_macro   0x00019f9b       0x10 hal/utils/src/utils_assert.o
 .debug_macro   0x00019fab      0x59d hpl/adc/hpl_adc.o
 .debug_macro   0x0001a548      0x6cc hpl/adc/hpl_adc.o
 .debug_macro   0x0001ac14      0x6ba hpl/adc/hpl_adc.o
 .debug_macro   0x0001b2ce      0x1e9 hpl/adc/hpl_adc.o
 .debug_macro   0x0001b4b7      0x5c9 hpl/core/hpl_init.o
 .debug_macro   0x0001ba80       0x1c hpl/core/hpl_init.o
 .debug_macro   0x0001ba9c      0x772 hpl/core/hpl_init.o
 .debug_macro   0x0001c20e      0x562 hpl/divas/hpl_divas.o
 .debug_macro   0x0001c770      0x553 hpl/gclk/hpl_gclk.o
 .debug_macro   0x0001ccc3      0x1f4 hpl/gclk/hpl_gclk.o
 .debug_macro   0x0001ceb7      0x54e hpl/mclk/hpl_mclk.o
 .debug_macro   0x0001d405      0x549 hpl/osc32kctrl/hpl_osc32kctrl.o
 .debug_macro   0x0001d94e       0xb8 hpl/osc32kctrl/hpl_osc32kctrl.o
 .debug_macro   0x0001da06      0x549 hpl/oscctrl/hpl_oscctrl.o
 .debug_macro   0x0001df4f      0x130 hpl/oscctrl/hpl_oscctrl.o
 .debug_macro   0x0001e07f      0x569 hpl/rtc/hpl_rtc.o
 .debug_macro   0x0001e5e8       0x64 hpl/rtc/hpl_rtc.o
 .debug_macro   0x0001e64c      0x79d hpl/sercom/hpl_sercom.o
 .debug_macro   0x0001ede9       0x70 hpl/sercom/hpl_sercom.o
 .debug_macro   0x0001ee59       0xba hpl/sercom/hpl_sercom.o
 .debug_macro   0x0001ef13       0x10 hpl/sercom/hpl_sercom.o
 .debug_macro   0x0001ef23       0x1c hpl/sercom/hpl_sercom.o
 .debug_macro   0x0001ef3f       0x22 hpl/sercom/hpl_sercom.o
 .debug_macro   0x0001ef61       0x10 hpl/sercom/hpl_sercom.o
 .debug_macro   0x0001ef71      0x5c2 hpl/tc/hpl_tc.o
 .debug_macro   0x0001f533       0x84 hpl/tc/hpl_tc.o
 .debug_macro   0x0001f5b7      0x780 main.o
 .debug_macro   0x0001fd37      0x873 mytasks.o
 .debug_macro   0x000205aa      0x610 thirdparty/RTOS/freertos/FreeRTOSV10.0.0/rtos_port.o
 .debug_macro   0x00020bba      0x18a thirdparty/RTOS/freertos/FreeRTOSV10.0.0/Source/list.o
 .debug_macro   0x00020d44      0x133 thirdparty/RTOS/freertos/FreeRTOSV10.0.0/Source/portable/GCC/ARM_CM0/port.o
 .debug_macro   0x00020e77      0x1ab thirdparty/RTOS/freertos/FreeRTOSV10.0.0/Source/portable/MemMang/heap_1.o
 .debug_macro   0x00021022      0x206 thirdparty/RTOS/freertos/FreeRTOSV10.0.0/Source/queue.o
 .debug_macro   0x00021228       0x16 thirdparty/RTOS/freertos/FreeRTOSV10.0.0/Source/queue.o
 .debug_macro   0x0002123e      0x32c thirdparty/RTOS/freertos/FreeRTOSV10.0.0/Source/tasks.o
 .debug_macro   0x0002156a       0x10 thirdparty/RTOS/freertos/FreeRTOSV10.0.0/Source/tasks.o
 .debug_macro   0x0002157a       0x1c thirdparty/RTOS/freertos/FreeRTOSV10.0.0/Source/tasks.o
 .debug_macro   0x00021596      0x1cd thirdparty/RTOS/freertos/FreeRTOSV10.0.0/Source/timers.o

.debug_line     0x00000000    0x17cca
 .debug_line    0x00000000      0xe88 atmel_start.o
 .debug_line    0x00000e88      0x7cf Device_Startup/startup_samc21.o
 .debug_line    0x00001657     0x120c driver_init.o
 .debug_line    0x00002863      0xc92 hal/src/hal_adc_sync.o
 .debug_line    0x000034f5      0xaf4 hal/src/hal_atomic.o
 .debug_line    0x00003fe9      0xf51 hal/src/hal_calendar_os.o
 .debug_line    0x00004f3a      0xb1b hal/src/hal_io.o
 .debug_line    0x00005a55      0xbb7 hal/src/hal_pwm.o
 .debug_line    0x0000660c      0xd1f hal/src/hal_usart_sync.o
 .debug_line    0x0000732b      0xabc hal/utils/src/utils_assert.o
 .debug_line    0x00007de7     0x13f7 hpl/adc/hpl_adc.o
 .debug_line    0x000091de      0xbb3 hpl/core/hpl_init.o
 .debug_line    0x00009d91      0xbe5 hpl/divas/hpl_divas.o
 .debug_line    0x0000a976      0xb2e hpl/gclk/hpl_gclk.o
 .debug_line    0x0000b4a4      0xaef hpl/mclk/hpl_mclk.o
 .debug_line    0x0000bf93      0xb22 hpl/osc32kctrl/hpl_osc32kctrl.o
 .debug_line    0x0000cab5      0xb8d hpl/oscctrl/hpl_oscctrl.o
 .debug_line    0x0000d642      0xeb1 hpl/rtc/hpl_rtc.o
 .debug_line    0x0000e4f3     0x2b3a hpl/sercom/hpl_sercom.o
 .debug_line    0x0001102d      0xebc hpl/tc/hpl_tc.o
 .debug_line    0x00011ee9      0xeaf main.o
 .debug_line    0x00012d98     0x1216 mytasks.o
 .debug_line    0x00013fae      0xd1a thirdparty/RTOS/freertos/FreeRTOSV10.0.0/rtos_port.o
 .debug_line    0x00014cc8      0x49a thirdparty/RTOS/freertos/FreeRTOSV10.0.0/Source/list.o
 .debug_line    0x00015162      0x4aa thirdparty/RTOS/freertos/FreeRTOSV10.0.0/Source/portable/GCC/ARM_CM0/port.o
 .debug_line    0x0001560c      0x493 thirdparty/RTOS/freertos/FreeRTOSV10.0.0/Source/portable/MemMang/heap_1.o
 .debug_line    0x00015a9f      0xb66 thirdparty/RTOS/freertos/FreeRTOSV10.0.0/Source/queue.o
 .debug_line    0x00016605      0xfbd thirdparty/RTOS/freertos/FreeRTOSV10.0.0/Source/tasks.o
 .debug_line    0x000175c2      0x708 thirdparty/RTOS/freertos/FreeRTOSV10.0.0/Source/timers.o

.debug_str      0x00000000    0xa78b8
 .debug_str     0x00000000    0x8dfa3 atmel_start.o
                              0x8eb65 (size before relaxing)
 .debug_str     0x0008dfa3      0x3e2 Device_Startup/startup_samc21.o
                              0x84cd9 (size before relaxing)
 .debug_str     0x0008e385     0x1e0d driver_init.o
                              0x90a62 (size before relaxing)
 .debug_str     0x00090192      0x3f5 hal/src/hal_adc_sync.o
                              0x89a48 (size before relaxing)
 .debug_str     0x00090587       0x9c hal/src/hal_atomic.o
                              0x8944a (size before relaxing)
 .debug_str     0x00090623      0x539 hal/src/hal_calendar_os.o
                              0x8e71a (size before relaxing)
 .debug_str     0x00090b5c       0x3d hal/src/hal_io.o
                              0x894f7 (size before relaxing)
 .debug_str     0x00090b99      0x185 hal/src/hal_pwm.o
                              0x89be7 (size before relaxing)
 .debug_str     0x00090d1e      0x4aa hal/src/hal_usart_sync.o
                              0x89f97 (size before relaxing)
 .debug_str     0x000911c8       0x2a hal/utils/src/utils_assert.o
                              0x8945a (size before relaxing)
 .debug_str     0x000911f2     0x70b3 hpl/adc/hpl_adc.o
                              0x90d06 (size before relaxing)
 .debug_str     0x000982a5     0x1ab4 hpl/core/hpl_init.o
                              0x8ba6c (size before relaxing)
 .debug_str     0x00099d59      0x274 hpl/divas/hpl_divas.o
                              0x896cb (size before relaxing)
 .debug_str     0x00099fcd      0x826 hpl/gclk/hpl_gclk.o
                              0x89d9a (size before relaxing)
 .debug_str     0x0009a7f3       0x47 hpl/mclk/hpl_mclk.o
                              0x898d5 (size before relaxing)
 .debug_str     0x0009a83a      0x519 hpl/osc32kctrl/hpl_osc32kctrl.o
                              0x8996a (size before relaxing)
 .debug_str     0x0009ad53      0x8db hpl/oscctrl/hpl_oscctrl.o
                              0x89d8a (size before relaxing)
 .debug_str     0x0009b62e      0x3db hpl/rtc/hpl_rtc.o
                              0x8a04e (size before relaxing)
 .debug_str     0x0009ba09     0x473d hpl/sercom/hpl_sercom.o
                              0x8f172 (size before relaxing)
 .debug_str     0x000a0146      0x9ba hpl/tc/hpl_tc.o
                              0x8acdf (size before relaxing)
 .debug_str     0x000a0b00       0x29 main.o
                              0x8f00f (size before relaxing)
 .debug_str     0x000a0b29     0x2e91 mytasks.o
                              0x92307 (size before relaxing)
 .debug_str     0x000a39ba       0xa6 thirdparty/RTOS/freertos/FreeRTOSV10.0.0/rtos_port.o
                              0x8dcaf (size before relaxing)
 .debug_str     0x000a3a60      0x24f thirdparty/RTOS/freertos/FreeRTOSV10.0.0/Source/list.o
                               0x9a26 (size before relaxing)
 .debug_str     0x000a3caf      0x414 thirdparty/RTOS/freertos/FreeRTOSV10.0.0/Source/portable/GCC/ARM_CM0/port.o
                               0x750c (size before relaxing)
 .debug_str     0x000a40c3      0x176 thirdparty/RTOS/freertos/FreeRTOSV10.0.0/Source/portable/MemMang/heap_1.o
                               0x9fa5 (size before relaxing)
 .debug_str     0x000a4239      0x796 thirdparty/RTOS/freertos/FreeRTOSV10.0.0/Source/queue.o
                               0xaf3c (size before relaxing)
 .debug_str     0x000a49cf     0x2a7c thirdparty/RTOS/freertos/FreeRTOSV10.0.0/Source/tasks.o
                               0xcd7b (size before relaxing)
 .debug_str     0x000a744b      0x46d thirdparty/RTOS/freertos/FreeRTOSV10.0.0/Source/timers.o
                               0xb387 (size before relaxing)

.debug_frame    0x00000000     0x6224
 .debug_frame   0x00000000       0x2c atmel_start.o
 .debug_frame   0x0000002c       0x4c Device_Startup/startup_samc21.o
 .debug_frame   0x00000078      0x4d8 driver_init.o
 .debug_frame   0x00000550      0x20c hal/src/hal_adc_sync.o
 .debug_frame   0x0000075c       0x6c hal/src/hal_atomic.o
 .debug_frame   0x000007c8      0x22c hal/src/hal_calendar_os.o
 .debug_frame   0x000009f4       0x6c hal/src/hal_io.o
 .debug_frame   0x00000a60      0x12c hal/src/hal_pwm.o
 .debug_frame   0x00000b8c      0x24c hal/src/hal_usart_sync.o
 .debug_frame   0x00000dd8       0x30 hal/utils/src/utils_assert.o
 .debug_frame   0x00000e08      0xcc8 hpl/adc/hpl_adc.o
 .debug_frame   0x00001ad0       0x4c hpl/core/hpl_init.o
 .debug_frame   0x00001b1c       0xec hpl/divas/hpl_divas.o
 .debug_frame   0x00001c08       0x8c hpl/gclk/hpl_gclk.o
 .debug_frame   0x00001c94       0x50 hpl/mclk/hpl_mclk.o
 .debug_frame   0x00001ce4       0x90 hpl/osc32kctrl/hpl_osc32kctrl.o
 .debug_frame   0x00001d74      0x130 hpl/oscctrl/hpl_oscctrl.o
 .debug_frame   0x00001ea4      0x3cc hpl/rtc/hpl_rtc.o
 .debug_frame   0x00002270     0x241c hpl/sercom/hpl_sercom.o
 .debug_frame   0x0000468c      0x504 hpl/tc/hpl_tc.o
 .debug_frame   0x00004b90       0x2c main.o
 .debug_frame   0x00004bbc      0x2c4 mytasks.o
 .debug_frame   0x00004e80       0xac thirdparty/RTOS/freertos/FreeRTOSV10.0.0/rtos_port.o
 .debug_frame   0x00004f2c       0xb0 thirdparty/RTOS/freertos/FreeRTOSV10.0.0/Source/list.o
 .debug_frame   0x00004fdc      0x174 thirdparty/RTOS/freertos/FreeRTOSV10.0.0/Source/portable/GCC/ARM_CM0/port.o
 .debug_frame   0x00005150       0x88 thirdparty/RTOS/freertos/FreeRTOSV10.0.0/Source/portable/MemMang/heap_1.o
 .debug_frame   0x000051d8      0x430 thirdparty/RTOS/freertos/FreeRTOSV10.0.0/Source/queue.o
 .debug_frame   0x00005608      0x720 thirdparty/RTOS/freertos/FreeRTOSV10.0.0/Source/tasks.o
 .debug_frame   0x00005d28      0x2c8 thirdparty/RTOS/freertos/FreeRTOSV10.0.0/Source/timers.o
 .debug_frame   0x00005ff0       0x3c c:/program files (x86)/atmel/studio/7.0/toolchain/arm/arm-gnu-toolchain/bin/../lib/gcc/arm-none-eabi/6.3.1/thumb/v6-m\libgcc.a(adddf3.o)
 .debug_frame   0x0000602c       0x3c c:/program files (x86)/atmel/studio/7.0/toolchain/arm/arm-gnu-toolchain/bin/../lib/gcc/arm-none-eabi/6.3.1/thumb/v6-m\libgcc.a(divdf3.o)
 .debug_frame   0x00006068       0x38 c:/program files (x86)/atmel/studio/7.0/toolchain/arm/arm-gnu-toolchain/bin/../lib/gcc/arm-none-eabi/6.3.1/thumb/v6-m\libgcc.a(eqdf2.o)
 .debug_frame   0x000060a0       0x38 c:/program files (x86)/atmel/studio/7.0/toolchain/arm/arm-gnu-toolchain/bin/../lib/gcc/arm-none-eabi/6.3.1/thumb/v6-m\libgcc.a(gedf2.o)
 .debug_frame   0x000060d8       0x38 c:/program files (x86)/atmel/studio/7.0/toolchain/arm/arm-gnu-toolchain/bin/../lib/gcc/arm-none-eabi/6.3.1/thumb/v6-m\libgcc.a(ledf2.o)
 .debug_frame   0x00006110       0x3c c:/program files (x86)/atmel/studio/7.0/toolchain/arm/arm-gnu-toolchain/bin/../lib/gcc/arm-none-eabi/6.3.1/thumb/v6-m\libgcc.a(muldf3.o)
 .debug_frame   0x0000614c       0x38 c:/program files (x86)/atmel/studio/7.0/toolchain/arm/arm-gnu-toolchain/bin/../lib/gcc/arm-none-eabi/6.3.1/thumb/v6-m\libgcc.a(subdf3.o)
 .debug_frame   0x00006184       0x2c c:/program files (x86)/atmel/studio/7.0/toolchain/arm/arm-gnu-toolchain/bin/../lib/gcc/arm-none-eabi/6.3.1/thumb/v6-m\libgcc.a(floatsidf.o)
 .debug_frame   0x000061b0       0x2c c:/program files (x86)/atmel/studio/7.0/toolchain/arm/arm-gnu-toolchain/bin/../lib/gcc/arm-none-eabi/6.3.1/../../../../arm-none-eabi/lib/thumb/v6-m\libc_nano.a(lib_a-init.o)
 .debug_frame   0x000061dc       0x28 c:/program files (x86)/atmel/studio/7.0/toolchain/arm/arm-gnu-toolchain/bin/../lib/gcc/arm-none-eabi/6.3.1/../../../../arm-none-eabi/lib/thumb/v6-m\libc_nano.a(lib_a-memcpy-stub.o)
 .debug_frame   0x00006204       0x20 c:/program files (x86)/atmel/studio/7.0/toolchain/arm/arm-gnu-toolchain/bin/../lib/gcc/arm-none-eabi/6.3.1/../../../../arm-none-eabi/lib/thumb/v6-m\libc_nano.a(lib_a-memset.o)