Archive member included to satisfy reference by file (symbol)

c:/program files (x86)/atmel/studio/7.0/toolchain/arm/arm-gnu-toolchain/bin/../lib/gcc/arm-none-eabi/6.3.1/thumb/v6-m\libgcc.a(_arm_cmpdf2.o)
                              mytasks.o (__aeabi_dcmplt)
c:/program files (x86)/atmel/studio/7.0/toolchain/arm/arm-gnu-toolchain/bin/../lib/gcc/arm-none-eabi/6.3.1/thumb/v6-m\libgcc.a(_aeabi_uldivmod.o)
                              hpl/sercom/hpl_sercom.o (__aeabi_uldivmod)
c:/program files (x86)/atmel/studio/7.0/toolchain/arm/arm-gnu-toolchain/bin/../lib/gcc/arm-none-eabi/6.3.1/thumb/v6-m\libgcc.a(_muldi3.o)
                              hpl/sercom/hpl_sercom.o (__aeabi_lmul)
c:/program files (x86)/atmel/studio/7.0/toolchain/arm/arm-gnu-toolchain/bin/../lib/gcc/arm-none-eabi/6.3.1/thumb/v6-m\libgcc.a(_fixunsdfsi.o)
                              hpl/sercom/hpl_sercom.o (__aeabi_d2uiz)
c:/program files (x86)/atmel/studio/7.0/toolchain/arm/arm-gnu-toolchain/bin/../lib/gcc/arm-none-eabi/6.3.1/thumb/v6-m\libgcc.a(_udivmoddi4.o)
                              c:/program files (x86)/atmel/studio/7.0/toolchain/arm/arm-gnu-toolchain/bin/../lib/gcc/arm-none-eabi/6.3.1/thumb/v6-m\libgcc.a(_aeabi_uldivmod.o) (__udivmoddi4)
c:/program files (x86)/atmel/studio/7.0/toolchain/arm/arm-gnu-toolchain/bin/../lib/gcc/arm-none-eabi/6.3.1/thumb/v6-m\libgcc.a(divdf3.o)
                              hpl/sercom/hpl_sercom.o (__aeabi_ddiv)
c:/program files (x86)/atmel/studio/7.0/toolchain/arm/arm-gnu-toolchain/bin/../lib/gcc/arm-none-eabi/6.3.1/thumb/v6-m\libgcc.a(eqdf2.o)
                              c:/program files (x86)/atmel/studio/7.0/toolchain/arm/arm-gnu-toolchain/bin/../lib/gcc/arm-none-eabi/6.3.1/thumb/v6-m\libgcc.a(_arm_cmpdf2.o) (__eqdf2)
c:/program files (x86)/atmel/studio/7.0/toolchain/arm/arm-gnu-toolchain/bin/../lib/gcc/arm-none-eabi/6.3.1/thumb/v6-m\libgcc.a(gedf2.o)
                              c:/program files (x86)/atmel/studio/7.0/toolchain/arm/arm-gnu-toolchain/bin/../lib/gcc/arm-none-eabi/6.3.1/thumb/v6-m\libgcc.a(_arm_cmpdf2.o) (__gedf2)
c:/program files (x86)/atmel/studio/7.0/toolchain/arm/arm-gnu-toolchain/bin/../lib/gcc/arm-none-eabi/6.3.1/thumb/v6-m\libgcc.a(ledf2.o)
                              c:/program files (x86)/atmel/studio/7.0/toolchain/arm/arm-gnu-toolchain/bin/../lib/gcc/arm-none-eabi/6.3.1/thumb/v6-m\libgcc.a(_arm_cmpdf2.o) (__ledf2)
c:/program files (x86)/atmel/studio/7.0/toolchain/arm/arm-gnu-toolchain/bin/../lib/gcc/arm-none-eabi/6.3.1/thumb/v6-m\libgcc.a(muldf3.o)
                              hpl/sercom/hpl_sercom.o (__aeabi_dmul)
c:/program files (x86)/atmel/studio/7.0/toolchain/arm/arm-gnu-toolchain/bin/../lib/gcc/arm-none-eabi/6.3.1/thumb/v6-m\libgcc.a(subdf3.o)
                              hpl/sercom/hpl_sercom.o (__aeabi_dsub)
c:/program files (x86)/atmel/studio/7.0/toolchain/arm/arm-gnu-toolchain/bin/../lib/gcc/arm-none-eabi/6.3.1/thumb/v6-m\libgcc.a(fixdfsi.o)
                              c:/program files (x86)/atmel/studio/7.0/toolchain/arm/arm-gnu-toolchain/bin/../lib/gcc/arm-none-eabi/6.3.1/thumb/v6-m\libgcc.a(_fixunsdfsi.o) (__aeabi_d2iz)
c:/program files (x86)/atmel/studio/7.0/toolchain/arm/arm-gnu-toolchain/bin/../lib/gcc/arm-none-eabi/6.3.1/thumb/v6-m\libgcc.a(floatsidf.o)
                              hpl/sercom/hpl_sercom.o (__aeabi_i2d)
c:/program files (x86)/atmel/studio/7.0/toolchain/arm/arm-gnu-toolchain/bin/../lib/gcc/arm-none-eabi/6.3.1/thumb/v6-m\libgcc.a(floatunsidf.o)
                              hpl/sercom/hpl_sercom.o (__aeabi_ui2d)
c:/program files (x86)/atmel/studio/7.0/toolchain/arm/arm-gnu-toolchain/bin/../lib/gcc/arm-none-eabi/6.3.1/thumb/v6-m\libgcc.a(_dvmd_tls.o)
                              c:/program files (x86)/atmel/studio/7.0/toolchain/arm/arm-gnu-toolchain/bin/../lib/gcc/arm-none-eabi/6.3.1/thumb/v6-m\libgcc.a(_aeabi_uldivmod.o) (__aeabi_ldiv0)
c:/program files (x86)/atmel/studio/7.0/toolchain/arm/arm-gnu-toolchain/bin/../lib/gcc/arm-none-eabi/6.3.1/thumb/v6-m\libgcc.a(_clzsi2.o)
                              c:/program files (x86)/atmel/studio/7.0/toolchain/arm/arm-gnu-toolchain/bin/../lib/gcc/arm-none-eabi/6.3.1/thumb/v6-m\libgcc.a(divdf3.o) (__clzsi2)
c:/program files (x86)/atmel/studio/7.0/toolchain/arm/arm-gnu-toolchain/bin/../lib/gcc/arm-none-eabi/6.3.1/thumb/v6-m\libgcc.a(_clzdi2.o)
                              c:/program files (x86)/atmel/studio/7.0/toolchain/arm/arm-gnu-toolchain/bin/../lib/gcc/arm-none-eabi/6.3.1/thumb/v6-m\libgcc.a(_udivmoddi4.o) (__clzdi2)
c:/program files (x86)/atmel/studio/7.0/toolchain/arm/arm-gnu-toolchain/bin/../lib/gcc/arm-none-eabi/6.3.1/../../../../arm-none-eabi/lib/thumb/v6-m\libc_nano.a(lib_a-exit.o)
                              c:/program files (x86)/atmel/studio/7.0/toolchain/arm/arm-gnu-toolchain/bin/../lib/gcc/arm-none-eabi/6.3.1/../../../../arm-none-eabi/lib/thumb/v6-m/crt0.o (exit)
[...]
Memory Configuration

Name             Origin             Length             Attributes
rom              0x00000000         0x00040000         xr
ram              0x20000000         0x00008000         xrw
*default*        0x00000000         0xffffffff

Linker script and memory map

LOAD c:/program files (x86)/atmel/studio/7.0/toolchain/arm/arm-gnu-toolchain/bin/../lib/gcc/arm-none-eabi/6.3.1/thumb/v6-m/crti.o
LOAD c:/program files (x86)/atmel/studio/7.0/toolchain/arm/arm-gnu-toolchain/bin/../lib/gcc/arm-none-eabi/6.3.1/thumb/v6-m/crtbegin.o
LOAD c:/program files (x86)/atmel/studio/7.0/toolchain/arm/arm-gnu-toolchain/bin/../lib/gcc/arm-none-eabi/6.3.1/../../../../arm-none-eabi/lib/thumb/v6-m/crt0.o
LOAD atmel_start.o
LOAD Device_Startup/startup_samc21.o
LOAD Device_Startup/system_samc21.o
LOAD driver_init.o
LOAD examples/driver_examples.o
LOAD hal/src/hal_adc_sync.o
LOAD hal/src/hal_atomic.o
LOAD hal/src/hal_delay.o
LOAD hal/src/hal_gpio.o
LOAD hal/src/hal_init.o
LOAD hal/src/hal_io.o
LOAD hal/src/hal_pwm.o
LOAD hal/src/hal_sleep.o
LOAD hal/src/hal_usart_sync.o
LOAD hal/utils/src/utils_assert.o
LOAD hal/utils/src/utils_event.o
LOAD hal/utils/src/utils_list.o
LOAD hal/utils/src/utils_syscalls.o
LOAD hpl/adc/hpl_adc.o
LOAD hpl/core/hpl_core_m0plus_base.o
LOAD hpl/core/hpl_init.o
LOAD hpl/divas/hpl_divas.o
LOAD hpl/dmac/hpl_dmac.o
LOAD hpl/gclk/hpl_gclk.o
LOAD hpl/mclk/hpl_mclk.o
LOAD hpl/osc32kctrl/hpl_osc32kctrl.o
LOAD hpl/oscctrl/hpl_oscctrl.o
LOAD hpl/pm/hpl_pm.o
LOAD hpl/sercom/hpl_sercom.o
LOAD hpl/tc/hpl_tc.o
LOAD main.o
LOAD mytasks.o
LOAD rtos_start.o
LOAD thirdparty/RTOS/freertos/FreeRTOSV10.0.0/rtos_port.o
LOAD thirdparty/RTOS/freertos/FreeRTOSV10.0.0/Source/croutine.o
LOAD thirdparty/RTOS/freertos/FreeRTOSV10.0.0/Source/event_groups.o
LOAD thirdparty/RTOS/freertos/FreeRTOSV10.0.0/Source/list.o
LOAD thirdparty/RTOS/freertos/FreeRTOSV10.0.0/Source/portable/GCC/ARM_CM0/port.o
LOAD thirdparty/RTOS/freertos/FreeRTOSV10.0.0/Source/portable/MemMang/heap_1.o
LOAD thirdparty/RTOS/freertos/FreeRTOSV10.0.0/Source/queue.o
LOAD thirdparty/RTOS/freertos/FreeRTOSV10.0.0/Source/stream_buffer.o
LOAD thirdparty/RTOS/freertos/FreeRTOSV10.0.0/Source/tasks.o
LOAD thirdparty/RTOS/freertos/FreeRTOSV10.0.0/Source/timers.o
START GROUP
LOAD c:/program files (x86)/atmel/studio/7.0/toolchain/arm/arm-gnu-toolchain/bin/../lib/gcc/arm-none-eabi/6.3.1/../../../../arm-none-eabi/lib/thumb/v6-m\libm.a
END GROUP
START GROUP
LOAD c:/program files (x86)/atmel/studio/7.0/toolchain/arm/arm-gnu-toolchain/bin/../lib/gcc/arm-none-eabi/6.3.1/thumb/v6-m\libgcc.a
LOAD c:/program files (x86)/atmel/studio/7.0/toolchain/arm/arm-gnu-toolchain/bin/../lib/gcc/arm-none-eabi/6.3.1/../../../../arm-none-eabi/lib/thumb/v6-m\libc_nano.a
END GROUP
START GROUP
LOAD c:/program files (x86)/atmel/studio/7.0/toolchain/arm/arm-gnu-toolchain/bin/../lib/gcc/arm-none-eabi/6.3.1/thumb/v6-m\libgcc.a
LOAD c:/program files (x86)/atmel/studio/7.0/toolchain/arm/arm-gnu-toolchain/bin/../lib/gcc/arm-none-eabi/6.3.1/../../../../arm-none-eabi/lib/thumb/v6-m\libc_nano.a
END GROUP
LOAD c:/program files (x86)/atmel/studio/7.0/toolchain/arm/arm-gnu-toolchain/bin/../lib/gcc/arm-none-eabi/6.3.1/thumb/v6-m/crtend.o
LOAD c:/program files (x86)/atmel/studio/7.0/toolchain/arm/arm-gnu-toolchain/bin/../lib/gcc/arm-none-eabi/6.3.1/thumb/v6-m/crtn.o
                0x00002000                STACK_SIZE = DEFINED (STACK_SIZE)?STACK_SIZE:DEFINED (__stack_size__)?__stack_size__:0x2000

.text           0x00000000     0x5f70
                0x00000000                . = ALIGN (0x4)
                0x00000000                _sfixed = .
 *(.vectors .vectors.*)
 .vectors       0x00000000       0xbc Device_Startup/startup_samc21.o
                0x00000000                exception_table
 *(.text .text.* .gnu.linkonce.t.*)
 .text          0x000000bc       0x60 c:/program files (x86)/atmel/studio/7.0/toolchain/arm/arm-gnu-toolchain/bin/../lib/gcc/arm-none-eabi/6.3.1/thumb/v6-m/crtbegin.o
 .text.atmel_start_init
                0x0000011c       0x14 atmel_start.o
                0x0000011c                atmel_start_init
 .text.Reset_Handler
                0x00000130       0x84 Device_Startup/startup_samc21.o
                0x00000130                Reset_Handler
 .text.Dummy_Handler
                0x000001b4        0x6 Device_Startup/startup_samc21.o
                0x000001b4                DMAC_Handler
                0x000001b4                HardFault_Handler
                0x000001b4                TC2_Handler
                0x000001b4                AC_Handler
                0x000001b4                SERCOM1_Handler
                0x000001b4                NonMaskableInt_Handler
                0x000001b4                TCC1_Handler
                0x000001b4                SERCOM2_Handler
                0x000001b4                TCC0_Handler
                0x000001b4                RTC_Handler
                0x000001b4                ADC1_Handler
                0x000001b4                EIC_Handler
                0x000001b4                WDT_Handler
                0x000001b4                CAN0_Handler
                0x000001b4                TC4_Handler
                0x000001b4                TC1_Handler
                0x000001b4                TC3_Handler
                0x000001b4                SDADC_Handler
                0x000001b4                Dummy_Handler
                0x000001b4                SERCOM5_Handler
                0x000001b4                CAN1_Handler
                0x000001b4                ADC0_Handler
                0x000001b4                TSENS_Handler
                0x000001b4                TCC2_Handler
                0x000001b4                EVSYS_Handler
                0x000001b4                SERCOM3_Handler
                0x000001b4                SERCOM4_Handler
                0x000001b4                NVMCTRL_Handler
                0x000001b4                SYSTEM_Handler
                0x000001b4                SERCOM0_Handler
                0x000001b4                DAC_Handler
                0x000001b4                PTC_Handler
                0x000001b4                FREQM_Handler
 .text.hri_gclk_write_PCHCTRL_reg
                0x000001ba       0x2a driver_init.o
 .text.hri_mclk_set_APBCMASK_SERCOM3_bit
                0x000001e4       0x1c driver_init.o
 .text.hri_mclk_set_APBCMASK_TC0_bit
                0x00000200       0x1e driver_init.o
 .text.hri_mclk_set_APBCMASK_ADC0_bit
                0x0000021e       0x1e driver_init.o
 .text.hri_port_set_DIR_reg
                0x0000023c       0x2c driver_init.o
 .text.hri_port_clear_DIR_reg
                0x00000268       0x2c driver_init.o
 .text.hri_port_set_OUT_reg
                0x00000294       0x2c driver_init.o
 .text.hri_port_clear_OUT_reg
                0x000002c0       0x2c driver_init.o
 .text.hri_port_write_PMUX_PMUXE_bf
                0x000002ec       0x88 driver_init.o
 .text.hri_port_write_PMUX_PMUXO_bf
                0x00000374       0x86 driver_init.o
 .text.hri_port_write_PINCFG_PMUXEN_bit
                0x000003fa       0x82 driver_init.o
 .text.hri_port_set_PINCFG_PULLEN_bit
                0x0000047c       0x56 driver_init.o
 .text.hri_port_clear_PINCFG_PULLEN_bit
                0x000004d2       0x56 driver_init.o
 .text.hri_port_write_WRCONFIG_reg
                0x00000528       0x2c driver_init.o
 .text._gpio_set_direction
                0x00000554      0x120 driver_init.o
 .text._gpio_set_level
                0x00000674       0x50 driver_init.o
 .text._gpio_set_pin_pull_mode
                0x000006c4       0xf4 driver_init.o
 .text._gpio_set_pin_function
                0x000007b8       0xb4 driver_init.o
 .text.gpio_set_pin_pull_mode
                0x0000086c       0x3c driver_init.o
 .text.gpio_set_pin_function
                0x000008a8       0x24 driver_init.o
 .text.gpio_set_pin_direction
                0x000008cc       0x40 driver_init.o
 .text.gpio_set_pin_level
                0x0000090c       0x40 driver_init.o
 .text.init_mcu
                0x0000094c       0x14 driver_init.o
 .text.Battery_lvl_PORT_init
                0x00000960       0x28 driver_init.o
                0x00000960                Battery_lvl_PORT_init
 .text.Battery_lvl_CLOCK_init
                0x00000988       0x30 driver_init.o
                0x00000988                Battery_lvl_CLOCK_init
 .text.Battery_lvl_init
                0x000009b8       0x3c driver_init.o
                0x000009b8                Battery_lvl_init
 .text.UART_PORT_init
                0x000009f4       0x2c driver_init.o
                0x000009f4                UART_PORT_init
 .text.UART_CLOCK_init
                0x00000a20       0x3c driver_init.o
                0x00000a20                UART_CLOCK_init
 .text.UART_init
                0x00000a5c       0x34 driver_init.o
                0x00000a5c                UART_init
 .text.StepperDriver_PORT_init
                0x00000a90       0x2c driver_init.o
                0x00000a90                StepperDriver_PORT_init
 .text.StepperDriver_CLOCK_init
                0x00000abc       0x30 driver_init.o
                0x00000abc                StepperDriver_CLOCK_init
 .text.StepperDriver_init
                0x00000aec       0x3c driver_init.o
                0x00000aec                StepperDriver_init
 .text.system_init
                0x00000b28       0xac driver_init.o
                0x00000b28                system_init
 .text.adc_sync_init
                0x00000bd4       0x54 hal/src/hal_adc_sync.o
                0x00000bd4                adc_sync_init
 .text.adc_sync_enable_channel
                0x00000c28       0x44 hal/src/hal_adc_sync.o
                0x00000c28                adc_sync_enable_channel
 .text.adc_sync_disable_channel
                0x00000c6c       0x44 hal/src/hal_adc_sync.o
                0x00000c6c                adc_sync_disable_channel
 .text.adc_sync_read_channel
                0x00000cb0      0x150 hal/src/hal_adc_sync.o
                0x00000cb0                adc_sync_read_channel
 .text.atomic_enter_critical
                0x00000e00       0x22 hal/src/hal_atomic.o
                0x00000e00                atomic_enter_critical
 .text.atomic_leave_critical
                0x00000e22       0x20 hal/src/hal_atomic.o
                0x00000e22                atomic_leave_critical
 *fill*         0x00000e42        0x2 
 .text.io_write
                0x00000e44       0x54 hal/src/hal_io.o
                0x00000e44                io_write
 .text.io_read  0x00000e98       0x54 hal/src/hal_io.o
                0x00000e98                io_read
 .text.pwm_init
                0x00000eec       0x68 hal/src/hal_pwm.o
                0x00000eec                pwm_init
 .text.pwm_enable
                0x00000f54       0x50 hal/src/hal_pwm.o
                0x00000f54                pwm_enable
 .text.pwm_disable
                0x00000fa4       0x58 hal/src/hal_pwm.o
                0x00000fa4                pwm_disable
 .text.pwm_set_parameters
                0x00000ffc       0x40 hal/src/hal_pwm.o
                0x00000ffc                pwm_set_parameters
 .text.pwm_period_expired
                0x0000103c       0x26 hal/src/hal_pwm.o
 .text.pwm_detect_fault
                0x00001062       0x26 hal/src/hal_pwm.o
 .text.usart_sync_init
                0x00001088       0x78 hal/src/hal_usart_sync.o
                0x00001088                usart_sync_init
 .text.usart_sync_enable
                0x00001100       0x3c hal/src/hal_usart_sync.o
                0x00001100                usart_sync_enable
 .text.usart_sync_get_io_descriptor
                0x0000113c       0x48 hal/src/hal_usart_sync.o
                0x0000113c                usart_sync_get_io_descriptor
 .text.usart_sync_is_rx_not_empty
                0x00001184       0x3c hal/src/hal_usart_sync.o
                0x00001184                usart_sync_is_rx_not_empty
 .text.usart_sync_write
                0x000011c0       0xd4 hal/src/hal_usart_sync.o
 .text.usart_sync_read
                0x00001294       0x9c hal/src/hal_usart_sync.o
 .text.assert   0x00001330       0x2c hal/utils/src/utils_assert.o
                0x00001330                assert
 .text.hri_adc_wait_for_sync
                0x0000135c       0x2a hpl/adc/hpl_adc.o
 .text.hri_adc_is_syncing
                0x00001386       0x2a hpl/adc/hpl_adc.o
 .text.hri_adc_get_interrupt_RESRDY_bit
                0x000013b0       0x22 hpl/adc/hpl_adc.o
 .text.hri_adc_read_RESULT_reg
                0x000013d2       0x16 hpl/adc/hpl_adc.o
 .text.hri_adc_set_CTRLA_ENABLE_bit
                0x000013e8       0x30 hpl/adc/hpl_adc.o
 .text.hri_adc_clear_CTRLA_ENABLE_bit
                0x00001418       0x30 hpl/adc/hpl_adc.o
 .text.hri_adc_get_CTRLA_reg
                0x00001448       0x48 hpl/adc/hpl_adc.o
 .text.hri_adc_write_CTRLA_reg
                0x00001490       0x2c hpl/adc/hpl_adc.o
 .text.hri_adc_write_CTRLB_reg
                0x000014bc       0x1e hpl/adc/hpl_adc.o
 .text.hri_adc_write_REFCTRL_reg
                0x000014da       0x1e hpl/adc/hpl_adc.o
 .text.hri_adc_write_EVCTRL_reg
                0x000014f8       0x1e hpl/adc/hpl_adc.o
 *fill*         0x00001516        0x2 
 .text.hri_adc_write_INPUTCTRL_reg
                0x00001518       0x34 hpl/adc/hpl_adc.o
 .text.hri_adc_read_CTRLC_RESSEL_bf
                0x0000154c       0x34 hpl/adc/hpl_adc.o
 .text.hri_adc_write_CTRLC_reg
                0x00001580       0x34 hpl/adc/hpl_adc.o
 .text.hri_adc_write_AVGCTRL_reg
                0x000015b4       0x34 hpl/adc/hpl_adc.o
 .text.hri_adc_write_SAMPCTRL_reg
                0x000015e8       0x34 hpl/adc/hpl_adc.o
 .text.hri_adc_write_WINLT_reg
                0x0000161c       0x2c hpl/adc/hpl_adc.o
 .text.hri_adc_write_WINUT_reg
                0x00001648       0x2c hpl/adc/hpl_adc.o
 .text.hri_adc_write_GAINCORR_reg
                0x00001674       0x30 hpl/adc/hpl_adc.o
 .text.hri_adc_write_OFFSETCORR_reg
                0x000016a4       0x30 hpl/adc/hpl_adc.o
 .text.hri_adc_set_SWTRIG_START_bit
                0x000016d4       0x34 hpl/adc/hpl_adc.o
 .text.hri_adc_write_DBGCTRL_reg
                0x00001708       0x1e hpl/adc/hpl_adc.o
 .text.hri_adc_write_SEQCTRL_reg
                0x00001726       0x18 hpl/adc/hpl_adc.o
 *fill*         0x0000173e        0x2 
 .text._adc_get_hardware_index
                0x00001740       0x20 hpl/adc/hpl_adc.o
 .text._adc_get_regs
                0x00001760       0x84 hpl/adc/hpl_adc.o
 .text._adc_init
                0x000017e4      0x244 hpl/adc/hpl_adc.o
 .text._adc_sync_init
                0x00001a28       0x54 hpl/adc/hpl_adc.o
                0x00001a28                _adc_sync_init
 .text._adc_sync_enable_channel
                0x00001a7c       0x24 hpl/adc/hpl_adc.o
                0x00001a7c                _adc_sync_enable_channel
 .text._adc_sync_disable_channel
                0x00001aa0       0x24 hpl/adc/hpl_adc.o
                0x00001aa0                _adc_sync_disable_channel
 .text._adc_sync_get_data_size
                0x00001ac4       0x2c hpl/adc/hpl_adc.o
                0x00001ac4                _adc_sync_get_data_size
 .text._adc_sync_is_channel_conversion_done
                0x00001af0       0x28 hpl/adc/hpl_adc.o
                0x00001af0                _adc_sync_is_channel_conversion_done
 .text._adc_sync_convert
                0x00001b18       0x20 hpl/adc/hpl_adc.o
                0x00001b18                _adc_sync_convert
 .text._adc_sync_read_channel_data
                0x00001b38       0x28 hpl/adc/hpl_adc.o
                0x00001b38                _adc_sync_read_channel_data
 .text._adc_get_adc_sync
                0x00001b60        0xc hpl/adc/hpl_adc.o
                0x00001b60                _adc_get_adc_sync
 .text.hri_nvmctrl_set_CTRLB_RWS_bf
                0x00001b6c       0x24 hpl/core/hpl_init.o
 .text._init_chip
                0x00001b90       0x50 hpl/core/hpl_init.o
                0x00001b90                _init_chip
 .text.hri_divas_write_CTRLA_DLZ_bit
                0x00001be0       0x54 hpl/divas/hpl_divas.o
 .text._divas_div
                0x00001c34       0x5e hpl/divas/hpl_divas.o
 *fill*         0x00001c92        0x2 
 .text._div_init
                0x00001c94       0x1c hpl/divas/hpl_divas.o
                0x00001c94                _div_init
 .text.__aeabi_idivmod
                0x00001cb0       0x4c hpl/divas/hpl_divas.o
                0x00001cb0                __aeabi_idivmod
 .text.hri_gclk_wait_for_sync
                0x00001cfc       0x1e hpl/gclk/hpl_gclk.o
 *fill*         0x00001d1a        0x2 
 .text.hri_gclk_write_GENCTRL_reg
                0x00001d1c       0x40 hpl/gclk/hpl_gclk.o
 .text._gclk_init_generators_by_fref
                0x00001d5c       0x48 hpl/gclk/hpl_gclk.o
                0x00001d5c                _gclk_init_generators_by_fref
 .text.hri_mclk_write_CPUDIV_reg
                0x00001da4       0x1e hpl/mclk/hpl_mclk.o
 *fill*         0x00001dc2        0x2 
 .text._mclk_init
                0x00001dc4       0x24 hpl/mclk/hpl_mclk.o
                0x00001dc4                _mclk_init
 .text.hri_osc32kctrl_write_RTCCTRL_reg
                0x00001de8       0x18 hpl/osc32kctrl/hpl_osc32kctrl.o
 .text.hri_osc32kctrl_read_OSCULP32K_CALIB_bf
                0x00001e00       0x22 hpl/osc32kctrl/hpl_osc32kctrl.o
 .text.hri_osc32kctrl_write_OSCULP32K_reg
                0x00001e22       0x18 hpl/osc32kctrl/hpl_osc32kctrl.o
 *fill*         0x00001e3a        0x2 
 .text._osc32kctrl_init_sources
                0x00001e3c       0x58 hpl/osc32kctrl/hpl_osc32kctrl.o
                0x00001e3c                _osc32kctrl_init_sources
 .text.hri_oscctrl_osc48msyncbusy_wait_for_sync
                0x00001e94       0x1e hpl/oscctrl/hpl_oscctrl.o
 .text.hri_oscctrl_get_STATUS_OSC48MRDY_bit
                0x00001eb2       0x20 hpl/oscctrl/hpl_oscctrl.o
 .text.hri_oscctrl_get_OSC48MSYNCBUSY_OSC48MDIV_bit
                0x00001ed2       0x20 hpl/oscctrl/hpl_oscctrl.o
 .text.hri_oscctrl_set_OSC48MCTRL_ONDEMAND_bit
                0x00001ef2       0x22 hpl/oscctrl/hpl_oscctrl.o
 .text.hri_oscctrl_write_OSC48MCTRL_reg
                0x00001f14       0x1e hpl/oscctrl/hpl_oscctrl.o
 *fill*         0x00001f32        0x2 
 .text.hri_oscctrl_write_OSC48MDIV_reg
                0x00001f34       0x2c hpl/oscctrl/hpl_oscctrl.o
 .text.hri_oscctrl_write_OSC48MSTUP_reg
                0x00001f60       0x1e hpl/oscctrl/hpl_oscctrl.o
 *fill*         0x00001f7e        0x2 
 .text._oscctrl_init_sources
                0x00001f80       0x7c hpl/oscctrl/hpl_oscctrl.o
                0x00001f80                _oscctrl_init_sources
 .text._oscctrl_init_referenced_generators
                0x00001ffc       0x18 hpl/oscctrl/hpl_oscctrl.o
                0x00001ffc                _oscctrl_init_referenced_generators
 .text.hri_sercomusart_wait_for_sync
                0x00002014       0x1e hpl/sercom/hpl_sercom.o
 .text.hri_sercomusart_is_syncing
                0x00002032       0x20 hpl/sercom/hpl_sercom.o
 .text.hri_sercomusart_get_interrupt_DRE_bit
                0x00002052       0x22 hpl/sercom/hpl_sercom.o
 .text.hri_sercomusart_get_interrupt_TXC_bit
                0x00002074       0x22 hpl/sercom/hpl_sercom.o
 .text.hri_sercomusart_get_interrupt_RXC_bit
                0x00002096       0x22 hpl/sercom/hpl_sercom.o
 .text.hri_sercomusart_set_CTRLA_ENABLE_bit
                0x000020b8       0x2c hpl/sercom/hpl_sercom.o
 .text.hri_sercomusart_clear_CTRLA_ENABLE_bit
                0x000020e4       0x2c hpl/sercom/hpl_sercom.o
 .text.hri_sercomusart_get_CTRLA_reg
                0x00002110       0x30 hpl/sercom/hpl_sercom.o
 .text.hri_sercomusart_write_CTRLA_reg
                0x00002140       0x28 hpl/sercom/hpl_sercom.o
 .text.hri_sercomusart_write_CTRLB_reg
                0x00002168       0x28 hpl/sercom/hpl_sercom.o
 .text.hri_sercomusart_write_BAUD_reg
                0x00002190       0x1e hpl/sercom/hpl_sercom.o
 .text.hri_sercomusart_write_RXPL_reg
                0x000021ae       0x1e hpl/sercom/hpl_sercom.o
 .text.hri_sercomusart_write_DATA_reg
                0x000021cc       0x1e hpl/sercom/hpl_sercom.o
 .text.hri_sercomusart_read_DATA_reg
                0x000021ea       0x16 hpl/sercom/hpl_sercom.o
 .text.hri_sercomusart_write_DBGCTRL_reg
                0x00002200       0x20 hpl/sercom/hpl_sercom.o
 .text._usart_sync_init
                0x00002220       0x40 hpl/sercom/hpl_sercom.o
                0x00002220                _usart_sync_init
 .text._usart_sync_enable
                0x00002260       0x20 hpl/sercom/hpl_sercom.o
                0x00002260                _usart_sync_enable
 .text._usart_sync_write_byte
                0x00002280       0x2c hpl/sercom/hpl_sercom.o
                0x00002280                _usart_sync_write_byte
 .text._usart_sync_read_byte
                0x000022ac       0x24 hpl/sercom/hpl_sercom.o
                0x000022ac                _usart_sync_read_byte
 .text._usart_sync_is_ready_to_send
                0x000022d0       0x20 hpl/sercom/hpl_sercom.o
                0x000022d0                _usart_sync_is_ready_to_send
 .text._usart_sync_is_transmit_done
                0x000022f0       0x20 hpl/sercom/hpl_sercom.o
                0x000022f0                _usart_sync_is_transmit_done
 .text._usart_sync_is_byte_received
                0x00002310       0x20 hpl/sercom/hpl_sercom.o
                0x00002310                _usart_sync_is_byte_received
 .text._sercom_get_hardware_index
                0x00002330       0x20 hpl/sercom/hpl_sercom.o
 .text._get_sercom_index
                0x00002350       0x88 hpl/sercom/hpl_sercom.o
 .text._usart_init
                0x000023d8      0x1fc hpl/sercom/hpl_sercom.o
 .text.__NVIC_EnableIRQ
                0x000025d4       0x34 hpl/tc/hpl_tc.o
 .text.__NVIC_DisableIRQ
                0x00002608       0x40 hpl/tc/hpl_tc.o
 .text.__NVIC_ClearPendingIRQ
                0x00002648       0x38 hpl/tc/hpl_tc.o
 .text.hri_tc_wait_for_sync
                0x00002680       0x1e hpl/tc/hpl_tc.o
 .text.hri_tc_is_syncing
                0x0000269e       0x20 hpl/tc/hpl_tc.o
 .text.hri_tc_get_interrupt_OVF_bit
                0x000026be       0x22 hpl/tc/hpl_tc.o
 .text.hri_tc_clear_interrupt_OVF_bit
                0x000026e0       0x16 hpl/tc/hpl_tc.o
 .text.hri_tc_clear_interrupt_ERR_bit
                0x000026f6       0x16 hpl/tc/hpl_tc.o
 .text.hri_tc_get_INTEN_ERR_bit
                0x0000270c       0x22 hpl/tc/hpl_tc.o
 *fill*         0x0000272e        0x2 
 .text.hri_tc_set_CTRLA_ENABLE_bit
                0x00002730       0x2c hpl/tc/hpl_tc.o
 .text.hri_tc_get_CTRLA_ENABLE_bit
                0x0000275c       0x38 hpl/tc/hpl_tc.o
 .text.hri_tc_clear_CTRLA_ENABLE_bit
                0x00002794       0x2c hpl/tc/hpl_tc.o
 .text.hri_tc_get_CTRLA_reg
                0x000027c0       0x30 hpl/tc/hpl_tc.o
 .text.hri_tc_write_CTRLA_reg
                0x000027f0       0x28 hpl/tc/hpl_tc.o
 .text.hri_tc_write_EVCTRL_reg
                0x00002818       0x1e hpl/tc/hpl_tc.o
 .text.hri_tc_write_WAVE_reg
                0x00002836       0x1e hpl/tc/hpl_tc.o
 .text.hri_tc_write_DBGCTRL_reg
                0x00002854       0x1e hpl/tc/hpl_tc.o
 *fill*         0x00002872        0x2 
 .text.hri_tccount16_write_CC_reg
                0x00002874       0x44 hpl/tc/hpl_tc.o
 .text.hri_tccount32_write_CC_reg
                0x000028b8       0x3c hpl/tc/hpl_tc.o
 .text._pwm_init
                0x000028f4      0x268 hpl/tc/hpl_tc.o
                0x000028f4                _pwm_init
 .text._pwm_enable
                0x00002b5c       0x20 hpl/tc/hpl_tc.o
                0x00002b5c                _pwm_enable
 .text._pwm_disable
                0x00002b7c       0x20 hpl/tc/hpl_tc.o
                0x00002b7c                _pwm_disable
 .text._pwm_set_param
                0x00002b9c      0x11c hpl/tc/hpl_tc.o
                0x00002b9c                _pwm_set_param
 .text._pwm_is_enabled
                0x00002cb8       0x20 hpl/tc/hpl_tc.o
                0x00002cb8                _pwm_is_enabled
 .text._tc_get_pwm
                0x00002cd8        0xc hpl/tc/hpl_tc.o
                0x00002cd8                _tc_get_pwm
 .text.tc_pwm_interrupt_handler
                0x00002ce4       0x74 hpl/tc/hpl_tc.o
 .text.TC0_Handler
                0x00002d58       0x1c hpl/tc/hpl_tc.o
                0x00002d58                TC0_Handler
 .text.get_tc_index
                0x00002d74       0x8c hpl/tc/hpl_tc.o
 .text._tc_init_irq_param
                0x00002e00       0x28 hpl/tc/hpl_tc.o
 .text._get_hardware_offset
                0x00002e28       0x30 hpl/tc/hpl_tc.o
 .text.main     0x00002e58       0x18 main.o
                0x00002e58                main
 .text.hri_port_read_DIR_reg
                0x00002e70       0x20 mytasks.o
 .text.hri_port_set_OUT_reg
                0x00002e90       0x2c mytasks.o
 .text.hri_port_read_OUT_reg
                0x00002ebc       0x24 mytasks.o
 .text.hri_port_clear_OUT_reg
                0x00002ee0       0x2c mytasks.o
 .text.hri_port_toggle_OUT_reg
                0x00002f0c       0x2c mytasks.o
 .text.hri_port_read_IN_reg
                0x00002f38       0x24 mytasks.o
 .text._gpio_set_level
                0x00002f5c       0x50 mytasks.o
 .text._gpio_toggle_level
                0x00002fac       0x2c mytasks.o
 .text._gpio_get_level
                0x00002fd8       0x88 mytasks.o
 .text.gpio_set_pin_level
                0x00003060       0x40 mytasks.o
 .text.gpio_toggle_pin_level
                0x000030a0       0x34 mytasks.o
 .text.gpio_get_pin_level
                0x000030d4       0x40 mytasks.o
 .text.STATE_task
                0x00003114      0x33c mytasks.o
                0x00003114                STATE_task
 .text.Create_all_tasks
                0x00003450       0x48 mytasks.o
                0x00003450                Create_all_tasks
 .text.send_message
                0x00003498       0xc0 mytasks.o
                0x00003498                send_message
 .text.wait_for_responce
                0x00003558      0x164 mytasks.o
                0x00003558                wait_for_responce
 .text.pwm      0x000036bc       0x54 mytasks.o
                0x000036bc                pwm
 .text.pwm_ramp
                0x00003710       0x38 mytasks.o
                0x00003710                pwm_ramp
 .text.reset_buffer
                0x00003748       0x30 mytasks.o
                0x00003748                reset_buffer
 .text.read_battery
                0x00003778       0xc8 mytasks.o
                0x00003778                read_battery
 .text.vListInitialise
                0x00003840       0x3c thirdparty/RTOS/freertos/FreeRTOSV10.0.0/Source/list.o
                0x00003840                vListInitialise
 .text.vListInitialiseItem
                0x0000387c       0x16 thirdparty/RTOS/freertos/FreeRTOSV10.0.0/Source/list.o
                0x0000387c                vListInitialiseItem
 .text.vListInsertEnd
                0x00003892       0x44 thirdparty/RTOS/freertos/FreeRTOSV10.0.0/Source/list.o
                0x00003892                vListInsertEnd
 .text.vListInsert
                0x000038d6       0x6c thirdparty/RTOS/freertos/FreeRTOSV10.0.0/Source/list.o
                0x000038d6                vListInsert
 .text.uxListRemove
                0x00003942       0x50 thirdparty/RTOS/freertos/FreeRTOSV10.0.0/Source/list.o
                0x00003942                uxListRemove
 *fill*         0x00003992        0x2 
 .text.pxPortInitialiseStack
                0x00003994       0x54 thirdparty/RTOS/freertos/FreeRTOSV10.0.0/Source/portable/GCC/ARM_CM0/port.o
                0x00003994                pxPortInitialiseStack
 .text.prvTaskExitError
                0x000039e8       0x2c thirdparty/RTOS/freertos/FreeRTOSV10.0.0/Source/portable/GCC/ARM_CM0/port.o
 .text.SVCall_Handler
                0x00003a14        0xa thirdparty/RTOS/freertos/FreeRTOSV10.0.0/Source/portable/GCC/ARM_CM0/port.o
                0x00003a14                SVCall_Handler
 *fill*         0x00003a1e        0x2 
 .text.vPortStartFirstTask
                0x00003a20       0x38 thirdparty/RTOS/freertos/FreeRTOSV10.0.0/Source/portable/GCC/ARM_CM0/port.o
 .text.xPortStartScheduler
                0x00003a58       0x58 thirdparty/RTOS/freertos/FreeRTOSV10.0.0/Source/portable/GCC/ARM_CM0/port.o
                0x00003a58                xPortStartScheduler
 .text.vPortYield
                0x00003ab0       0x20 thirdparty/RTOS/freertos/FreeRTOSV10.0.0/Source/portable/GCC/ARM_CM0/port.o
                0x00003ab0                vPortYield
 .text.vPortEnterCritical
                0x00003ad0       0x24 thirdparty/RTOS/freertos/FreeRTOSV10.0.0/Source/portable/GCC/ARM_CM0/port.o
                0x00003ad0                vPortEnterCritical
 .text.vPortExitCritical
                0x00003af4       0x30 thirdparty/RTOS/freertos/FreeRTOSV10.0.0/Source/portable/GCC/ARM_CM0/port.o
                0x00003af4                vPortExitCritical
 .text.ulSetInterruptMaskFromISR
                0x00003b24        0xc thirdparty/RTOS/freertos/FreeRTOSV10.0.0/Source/portable/GCC/ARM_CM0/port.o
                0x00003b24                ulSetInterruptMaskFromISR
 .text.vClearInterruptMaskFromISR
                0x00003b30        0x8 thirdparty/RTOS/freertos/FreeRTOSV10.0.0/Source/portable/GCC/ARM_CM0/port.o
                0x00003b30                vClearInterruptMaskFromISR
 *fill*         0x00003b38        0x8 
 .text.PendSV_Handler
                0x00003b40       0x48 thirdparty/RTOS/freertos/FreeRTOSV10.0.0/Source/portable/GCC/ARM_CM0/port.o
                0x00003b40                PendSV_Handler
 .text.SysTick_Handler
                0x00003b88       0x40 thirdparty/RTOS/freertos/FreeRTOSV10.0.0/Source/portable/GCC/ARM_CM0/port.o
                0x00003b88                SysTick_Handler
 .text.prvSetupTimerInterrupt
                0x00003bc8       0x34 thirdparty/RTOS/freertos/FreeRTOSV10.0.0/Source/portable/GCC/ARM_CM0/port.o
 .text.pvPortMalloc
                0x00003bfc       0x94 thirdparty/RTOS/freertos/FreeRTOSV10.0.0/Source/portable/MemMang/heap_1.o
                0x00003bfc                pvPortMalloc
 .text.vPortFree
                0x00003c90       0x1a thirdparty/RTOS/freertos/FreeRTOSV10.0.0/Source/portable/MemMang/heap_1.o
                0x00003c90                vPortFree
 *fill*         0x00003caa        0x2 
 .text.xQueueGenericReset
                0x00003cac       0xbc thirdparty/RTOS/freertos/FreeRTOSV10.0.0/Source/queue.o
                0x00003cac                xQueueGenericReset
 .text.xQueueGenericCreate
                0x00003d68       0x6c thirdparty/RTOS/freertos/FreeRTOSV10.0.0/Source/queue.o
                0x00003d68                xQueueGenericCreate
 .text.prvInitialiseNewQueue
                0x00003dd4       0x58 thirdparty/RTOS/freertos/FreeRTOSV10.0.0/Source/queue.o
 .text.xQueueGenericSend
                0x00003e2c      0x1e0 thirdparty/RTOS/freertos/FreeRTOSV10.0.0/Source/queue.o
                0x00003e2c                xQueueGenericSend
 .text.xQueueGenericSendFromISR
                0x0000400c      0x120 thirdparty/RTOS/freertos/FreeRTOSV10.0.0/Source/queue.o
                0x0000400c                xQueueGenericSendFromISR
 .text.xQueueReceive
                0x0000412c      0x1a0 thirdparty/RTOS/freertos/FreeRTOSV10.0.0/Source/queue.o
                0x0000412c                xQueueReceive
 .text.prvCopyDataToQueue
                0x000042cc       0xbc thirdparty/RTOS/freertos/FreeRTOSV10.0.0/Source/queue.o
 .text.prvCopyDataFromQueue
                0x00004388       0x50 thirdparty/RTOS/freertos/FreeRTOSV10.0.0/Source/queue.o
 .text.prvUnlockQueue
                0x000043d8       0xf0 thirdparty/RTOS/freertos/FreeRTOSV10.0.0/Source/queue.o
 .text.prvIsQueueEmpty
                0x000044c8       0x34 thirdparty/RTOS/freertos/FreeRTOSV10.0.0/Source/queue.o
 .text.prvIsQueueFull
                0x000044fc       0x38 thirdparty/RTOS/freertos/FreeRTOSV10.0.0/Source/queue.o
 .text.vQueueWaitForMessageRestricted
                0x00004534       0x78 thirdparty/RTOS/freertos/FreeRTOSV10.0.0/Source/queue.o
                0x00004534                vQueueWaitForMessageRestricted
 .text.prvNotifyQueueSetContainer
                0x000045ac       0xa4 thirdparty/RTOS/freertos/FreeRTOSV10.0.0/Source/queue.o
 .text.xTaskCreate
                0x00004650       0xa0 thirdparty/RTOS/freertos/FreeRTOSV10.0.0/Source/tasks.o
                0x00004650                xTaskCreate
 .text.prvInitialiseNewTask
                0x000046f0      0x104 thirdparty/RTOS/freertos/FreeRTOSV10.0.0/Source/tasks.o
 .text.prvAddNewTaskToReadyList
                0x000047f4       0xe4 thirdparty/RTOS/freertos/FreeRTOSV10.0.0/Source/tasks.o
 .text.vTaskDelay
                0x000048d8       0x5c thirdparty/RTOS/freertos/FreeRTOSV10.0.0/Source/tasks.o
                0x000048d8                vTaskDelay
 .text.vTaskStartScheduler
                0x00004934       0x88 thirdparty/RTOS/freertos/FreeRTOSV10.0.0/Source/tasks.o
                0x00004934                vTaskStartScheduler
 .text.vTaskSuspendAll
                0x000049bc       0x18 thirdparty/RTOS/freertos/FreeRTOSV10.0.0/Source/tasks.o
                0x000049bc                vTaskSuspendAll
 .text.xTaskResumeAll
                0x000049d4      0x134 thirdparty/RTOS/freertos/FreeRTOSV10.0.0/Source/tasks.o
                0x000049d4                xTaskResumeAll
 .text.xTaskGetTickCount
                0x00004b08       0x1c thirdparty/RTOS/freertos/FreeRTOSV10.0.0/Source/tasks.o
                0x00004b08                xTaskGetTickCount
 .text.xTaskIncrementTick
                0x00004b24      0x174 thirdparty/RTOS/freertos/FreeRTOSV10.0.0/Source/tasks.o
                0x00004b24                xTaskIncrementTick
 .text.vTaskSwitchContext
                0x00004c98       0xa4 thirdparty/RTOS/freertos/FreeRTOSV10.0.0/Source/tasks.o
                0x00004c98                vTaskSwitchContext
 .text.vTaskPlaceOnEventList
                0x00004d3c       0x44 thirdparty/RTOS/freertos/FreeRTOSV10.0.0/Source/tasks.o
                0x00004d3c                vTaskPlaceOnEventList
 .text.vTaskPlaceOnEventListRestricted
                0x00004d80       0x54 thirdparty/RTOS/freertos/FreeRTOSV10.0.0/Source/tasks.o
                0x00004d80                vTaskPlaceOnEventListRestricted
 .text.xTaskRemoveFromEventList
                0x00004dd4       0xc0 thirdparty/RTOS/freertos/FreeRTOSV10.0.0/Source/tasks.o
                0x00004dd4                xTaskRemoveFromEventList
 .text.vTaskInternalSetTimeOutState
                0x00004e94       0x28 thirdparty/RTOS/freertos/FreeRTOSV10.0.0/Source/tasks.o
                0x00004e94                vTaskInternalSetTimeOutState
 .text.xTaskCheckForTimeOut
                0x00004ebc       0xac thirdparty/RTOS/freertos/FreeRTOSV10.0.0/Source/tasks.o
                0x00004ebc                xTaskCheckForTimeOut
 .text.vTaskMissedYield
                0x00004f68       0x14 thirdparty/RTOS/freertos/FreeRTOSV10.0.0/Source/tasks.o
                0x00004f68                vTaskMissedYield
 .text.prvIdleTask
                0x00004f7c       0x28 thirdparty/RTOS/freertos/FreeRTOSV10.0.0/Source/tasks.o
 .text.prvInitialiseTaskLists
                0x00004fa4       0x8c thirdparty/RTOS/freertos/FreeRTOSV10.0.0/Source/tasks.o
 .text.prvCheckTasksWaitingTermination
                0x00005030       0x6c thirdparty/RTOS/freertos/FreeRTOSV10.0.0/Source/tasks.o
 .text.prvDeleteTCB
                0x0000509c       0x28 thirdparty/RTOS/freertos/FreeRTOSV10.0.0/Source/tasks.o
 .text.prvResetNextTaskUnblockTime
                0x000050c4       0x48 thirdparty/RTOS/freertos/FreeRTOSV10.0.0/Source/tasks.o
 .text.xTaskGetSchedulerState
                0x0000510c       0x38 thirdparty/RTOS/freertos/FreeRTOSV10.0.0/Source/tasks.o
                0x0000510c                xTaskGetSchedulerState
 .text.xTaskGenericNotify
                0x00005144      0x12c thirdparty/RTOS/freertos/FreeRTOSV10.0.0/Source/tasks.o
                0x00005144                xTaskGenericNotify
 .text.xTaskGenericNotifyFromISR
                0x00005270      0x164 thirdparty/RTOS/freertos/FreeRTOSV10.0.0/Source/tasks.o
                0x00005270                xTaskGenericNotifyFromISR
 .text.prvAddCurrentTaskToDelayedList
                0x000053d4       0xb4 thirdparty/RTOS/freertos/FreeRTOSV10.0.0/Source/tasks.o
 .text.xTimerCreateTimerTask
                0x00005488       0x5c thirdparty/RTOS/freertos/FreeRTOSV10.0.0/Source/timers.o
                0x00005488                xTimerCreateTimerTask
 .text.xTimerGenericCommand
                0x000054e4       0xa8 thirdparty/RTOS/freertos/FreeRTOSV10.0.0/Source/timers.o
                0x000054e4                xTimerGenericCommand
 .text.prvProcessExpiredTimer
                0x0000558c       0x7c thirdparty/RTOS/freertos/FreeRTOSV10.0.0/Source/timers.o
 .text.prvTimerTask
                0x00005608       0x34 thirdparty/RTOS/freertos/FreeRTOSV10.0.0/Source/timers.o
 .text.prvProcessTimerOrBlockTask
                0x0000563c       0xa4 thirdparty/RTOS/freertos/FreeRTOSV10.0.0/Source/timers.o
 .text.prvGetNextExpireTime
                0x000056e0       0x40 thirdparty/RTOS/freertos/FreeRTOSV10.0.0/Source/timers.o
 .text.prvSampleTimeNow
                0x00005720       0x48 thirdparty/RTOS/freertos/FreeRTOSV10.0.0/Source/timers.o
 .text.prvInsertTimerInActiveList
                0x00005768       0x88 thirdparty/RTOS/freertos/FreeRTOSV10.0.0/Source/timers.o
 .text.prvProcessReceivedCommands
                0x000057f0      0x118 thirdparty/RTOS/freertos/FreeRTOSV10.0.0/Source/timers.o
 .text.prvSwitchTimerLists
                0x00005908       0xc0 thirdparty/RTOS/freertos/FreeRTOSV10.0.0/Source/timers.o
 .text.prvCheckForValidListAndQueue
                0x000059c8       0x6c thirdparty/RTOS/freertos/FreeRTOSV10.0.0/Source/timers.o
 .text          0x00005a34       0x7c c:/program files (x86)/atmel/studio/7.0/toolchain/arm/arm-gnu-toolchain/bin/../lib/gcc/arm-none-eabi/6.3.1/thumb/v6-m\libgcc.a(_arm_cmpdf2.o)
                0x00005a34                __aeabi_cdrcmple
                0x00005a44                __aeabi_cdcmple
                0x00005a44                __aeabi_cdcmpeq
                0x00005a54                __aeabi_dcmpeq
                0x00005a60                __aeabi_dcmplt
                0x00005a74                __aeabi_dcmple
                0x00005a88                __aeabi_dcmpgt
                0x00005a9c                __aeabi_dcmpge
 .text          0x00005ab0       0x74 c:/program files (x86)/atmel/studio/7.0/toolchain/arm/arm-gnu-toolchain/bin/../lib/gcc/arm-none-eabi/6.3.1/thumb/v6-m\libgcc.a(eqdf2.o)
                0x00005ab0                __nedf2
                0x00005ab0                __eqdf2
 .text          0x00005b24       0xc8 c:/program files (x86)/atmel/studio/7.0/toolchain/arm/arm-gnu-toolchain/bin/../lib/gcc/arm-none-eabi/6.3.1/thumb/v6-m\libgcc.a(gedf2.o)
                0x00005b24                __gedf2
                0x00005b24                __gtdf2
 .text          0x00005bec       0xc4 c:/program files (x86)/atmel/studio/7.0/toolchain/arm/arm-gnu-toolchain/bin/../lib/gcc/arm-none-eabi/6.3.1/thumb/v6-m\libgcc.a(ledf2.o)
                0x00005bec                __ledf2
                0x00005bec                __ltdf2
 .text          0x00005cb0       0x84 c:/program files (x86)/atmel/studio/7.0/toolchain/arm/arm-gnu-toolchain/bin/../lib/gcc/arm-none-eabi/6.3.1/thumb/v6-m\libgcc.a(floatsidf.o)
                0x00005cb0                __aeabi_i2d
 .text          0x00005d34       0x3c c:/program files (x86)/atmel/studio/7.0/toolchain/arm/arm-gnu-toolchain/bin/../lib/gcc/arm-none-eabi/6.3.1/thumb/v6-m\libgcc.a(_clzsi2.o)
                0x00005d34                __clzsi2
 .text.__libc_init_array
                0x00005d70       0x48 c:/program files (x86)/atmel/studio/7.0/toolchain/arm/arm-gnu-toolchain/bin/../lib/gcc/arm-none-eabi/6.3.1/../../../../arm-none-eabi/lib/thumb/v6-m\libc_nano.a(lib_a-init.o)
                0x00005d70                __libc_init_array
 .text.memcpy   0x00005db8       0x12 c:/program files (x86)/atmel/studio/7.0/toolchain/arm/arm-gnu-toolchain/bin/../lib/gcc/arm-none-eabi/6.3.1/../../../../arm-none-eabi/lib/thumb/v6-m\libc_nano.a(lib_a-memcpy-stub.o)
                0x00005db8                memcpy
 .text.memset   0x00005dca       0x10 c:/program files (x86)/atmel/studio/7.0/toolchain/arm/arm-gnu-toolchain/bin/../lib/gcc/arm-none-eabi/6.3.1/../../../../arm-none-eabi/lib/thumb/v6-m\libc_nano.a(lib_a-memset.o)
                0x00005dca                memset
 *(.glue_7t)
 .glue_7t       0x00005dda        0x0 linker stubs
 *(.glue_7)
 .glue_7        0x00005dda        0x0 linker stubs
 *(.rodata .rodata* .gnu.linkonce.r.*)
 *fill*         0x00005dda        0x2 
 .rodata        0x00005ddc       0x1c driver_init.o
 .rodata        0x00005df8       0x1a hal/src/hal_adc_sync.o
 *fill*         0x00005e12        0x2 
 .rodata        0x00005e14       0x14 hal/src/hal_io.o
 .rodata        0x00005e28       0x15 hal/src/hal_pwm.o
 *fill*         0x00005e3d        0x3 
 .rodata        0x00005e40       0x1c hal/src/hal_usart_sync.o
 .rodata        0x00005e5c       0x31 hpl/adc/hpl_adc.o
 *fill*         0x00005e8d        0x3 
 .rodata        0x00005e90       0x2d hpl/sercom/hpl_sercom.o
 *fill*         0x00005ebd        0x3 
 .rodata        0x00005ec0       0x13 hpl/tc/hpl_tc.o
 *fill*         0x00005ed3        0x1 
 .rodata        0x00005ed4        0xb mytasks.o
 *fill*         0x00005edf        0x1 
 .rodata        0x00005ee0       0x40 thirdparty/RTOS/freertos/FreeRTOSV10.0.0/Source/tasks.o
 .rodata        0x00005f20       0x30 thirdparty/RTOS/freertos/FreeRTOSV10.0.0/Source/timers.o
 *(.ARM.extab* .gnu.linkonce.armextab.*)
                0x00005f50                . = ALIGN (0x4)
 *(.init)
 .init          0x00005f50        0x4 c:/program files (x86)/atmel/studio/7.0/toolchain/arm/arm-gnu-toolchain/bin/../lib/gcc/arm-none-eabi/6.3.1/thumb/v6-m/crti.o
                0x00005f50                _init
 .init          0x00005f54        0x8 c:/program files (x86)/atmel/studio/7.0/toolchain/arm/arm-gnu-toolchain/bin/../lib/gcc/arm-none-eabi/6.3.1/thumb/v6-m/crtn.o
                0x00005f5c                . = ALIGN (0x4)
                0x00005f5c                __preinit_array_start = .
 *(.preinit_array)
                0x00005f5c                __preinit_array_end = .
                0x00005f5c                . = ALIGN (0x4)
                0x00005f5c                __init_array_start = .
 *(SORT(.init_array.*))
 *(.init_array)
 .init_array    0x00005f5c        0x4 c:/program files (x86)/atmel/studio/7.0/toolchain/arm/arm-gnu-toolchain/bin/../lib/gcc/arm-none-eabi/6.3.1/thumb/v6-m/crtbegin.o
                0x00005f60                __init_array_end = .
                0x00005f60                . = ALIGN (0x4)
 *crtbegin.o(.ctors)
 *(EXCLUDE_FILE(*crtend.o) .ctors)
 *(SORT(.ctors.*))
 *crtend.o(.ctors)
                0x00005f60                . = ALIGN (0x4)
 *(.fini)
 .fini          0x00005f60        0x4 c:/program files (x86)/atmel/studio/7.0/toolchain/arm/arm-gnu-toolchain/bin/../lib/gcc/arm-none-eabi/6.3.1/thumb/v6-m/crti.o
                0x00005f60                _fini
 .fini          0x00005f64        0x8 c:/program files (x86)/atmel/studio/7.0/toolchain/arm/arm-gnu-toolchain/bin/../lib/gcc/arm-none-eabi/6.3.1/thumb/v6-m/crtn.o
                0x00005f6c                . = ALIGN (0x4)
                0x00005f6c                __fini_array_start = .
 *(.fini_array)
 .fini_array    0x00005f6c        0x4 c:/program files (x86)/atmel/studio/7.0/toolchain/arm/arm-gnu-toolchain/bin/../lib/gcc/arm-none-eabi/6.3.1/thumb/v6-m/crtbegin.o
 *(SORT(.fini_array.*))
                0x00005f70                __fini_array_end = .
 *crtbegin.o(.dtors)
 *(EXCLUDE_FILE(*crtend.o) .dtors)
 *(SORT(.dtors.*))
 *crtend.o(.dtors)
                0x00005f70                . = ALIGN (0x4)
                0x00005f70                _efixed = .
                [!provide]                PROVIDE (__exidx_start, .)

.vfp11_veneer   0x00005f70        0x0
 .vfp11_veneer  0x00005f70        0x0 linker stubs

.v4_bx          0x00005f70        0x0
 .v4_bx         0x00005f70        0x0 linker stubs

.iplt           0x00005f70        0x0
 .iplt          0x00005f70        0x0 c:/program files (x86)/atmel/studio/7.0/toolchain/arm/arm-gnu-toolchain/bin/../lib/gcc/arm-none-eabi/6.3.1/thumb/v6-m/crtbegin.o

.eh_frame       0x00005f70        0x0
 .eh_frame      0x00005f70        0x0 c:/program files (x86)/atmel/studio/7.0/toolchain/arm/arm-gnu-toolchain/bin/../lib/gcc/arm-none-eabi/6.3.1/thumb/v6-m/crtbegin.o

.rel.dyn        0x00005f70        0x0
 .rel.iplt      0x00005f70        0x0 c:/program files (x86)/atmel/studio/7.0/toolchain/arm/arm-gnu-toolchain/bin/../lib/gcc/arm-none-eabi/6.3.1/thumb/v6-m/crtbegin.o

.jcr            0x00005f70        0x0
 .jcr           0x00005f70        0x0 c:/program files (x86)/atmel/studio/7.0/toolchain/arm/arm-gnu-toolchain/bin/../lib/gcc/arm-none-eabi/6.3.1/thumb/v6-m/crtbegin.o

.igot.plt       0x00005f70        0x0
 .igot.plt      0x00005f70        0x0 c:/program files (x86)/atmel/studio/7.0/toolchain/arm/arm-gnu-toolchain/bin/../lib/gcc/arm-none-eabi/6.3.1/thumb/v6-m/crtbegin.o

.ARM.exidx
 *(.ARM.exidx* .gnu.linkonce.armexidx.*)
                [!provide]                PROVIDE (__exidx_end, .)
                0x00005f70                . = ALIGN (0x4)
                0x00005f70                _etext = .

.relocate       0x20000000       0x2c load address 0x00005f70
                0x20000000                . = ALIGN (0x4)
                0x20000000                _srelocate = .
 *(.ramfunc .ramfunc.*)
 *(.data .data.*)
 .data          0x20000000       0x14 hpl/sercom/hpl_sercom.o
 .data          0x20000014       0x14 hpl/tc/hpl_tc.o
 .data          0x20000028        0x4 thirdparty/RTOS/freertos/FreeRTOSV10.0.0/Source/portable/GCC/ARM_CM0/port.o
                0x2000002c                . = ALIGN (0x4)
                0x2000002c                _erelocate = .

.bss            0x2000002c     0x280c load address 0x00005f9c
                0x2000002c                . = ALIGN (0x4)
                0x2000002c                _sbss = .
                0x2000002c                _szero = .
 *(.bss .bss.*)
 .bss           0x2000002c       0x1c c:/program files (x86)/atmel/studio/7.0/toolchain/arm/arm-gnu-toolchain/bin/../lib/gcc/arm-none-eabi/6.3.1/thumb/v6-m/crtbegin.o
 .bss           0x20000048        0x4 hpl/tc/hpl_tc.o
 .bss           0x2000004c       0x2c mytasks.o
                0x20000074                UART_Length
 .bss           0x20000078     0x2588 thirdparty/RTOS/freertos/FreeRTOSV10.0.0/Source/portable/MemMang/heap_1.o
 .bss           0x20002600      0x104 thirdparty/RTOS/freertos/FreeRTOSV10.0.0/Source/tasks.o
                0x20002600                pxCurrentTCB
 .bss           0x20002704       0x3c thirdparty/RTOS/freertos/FreeRTOSV10.0.0/Source/timers.o
 *(COMMON)
 COMMON         0x20002740       0x2c driver_init.o
                0x20002740                UART
                0x2000274c                Battery_lvl
                0x20002750                StepperDriver
 COMMON         0x2000276c       0xcc mytasks.o
                0x2000276c                io
                0x20002770                UART_Buffer
                0x200027d4                UART_Send_Buffer
                0x20002838                . = ALIGN (0x4)
                0x20002838                _ebss = .
                0x20002838                _ezero = .

.stack          0x20002838     0x2000 load address 0x000087a8
                0x20002838                . = ALIGN (0x8)
                0x20002838                _sstack = .
                0x20004838                . = (. + STACK_SIZE)
 *fill*         0x20002838     0x2000 
                0x20004838                . = ALIGN (0x8)
                0x20004838                _estack = .
                0x20004838                . = ALIGN (0x4)
                0x20004838                _end = .
OUTPUT(MyProject.elf elf32-littlearm)

.ARM.attributes
                0x00000000       0x28
 .ARM.attributes
                0x00000000       0x1e c:/program files (x86)/atmel/studio/7.0/toolchain/arm/arm-gnu-toolchain/bin/../lib/gcc/arm-none-eabi/6.3.1/thumb/v6-m/crti.o
 .ARM.attributes
                0x0000001e       0x2c c:/program files (x86)/atmel/studio/7.0/toolchain/arm/arm-gnu-toolchain/bin/../lib/gcc/arm-none-eabi/6.3.1/thumb/v6-m/crtbegin.o
 .ARM.attributes
                0x0000004a       0x32 atmel_start.o
 .ARM.attributes
                0x0000007c       0x32 Device_Startup/startup_samc21.o
 .ARM.attributes
                0x000000ae       0x32 driver_init.o
 .ARM.attributes
                0x000000e0       0x32 hal/src/hal_adc_sync.o
 .ARM.attributes
                0x00000112       0x32 hal/src/hal_atomic.o
 .ARM.attributes
                0x00000144       0x32 hal/src/hal_io.o
 .ARM.attributes
                0x00000176       0x32 hal/src/hal_pwm.o
 .ARM.attributes
                0x000001a8       0x32 hal/src/hal_usart_sync.o
 .ARM.attributes
                0x000001da       0x32 hal/utils/src/utils_assert.o
 .ARM.attributes
                0x0000020c       0x32 hpl/adc/hpl_adc.o
 .ARM.attributes
                0x0000023e       0x32 hpl/core/hpl_init.o
 .ARM.attributes
                0x00000270       0x32 hpl/divas/hpl_divas.o
 .ARM.attributes
                0x000002a2       0x32 hpl/gclk/hpl_gclk.o
 .ARM.attributes
                0x000002d4       0x32 hpl/mclk/hpl_mclk.o
 .ARM.attributes
                0x00000306       0x32 hpl/osc32kctrl/hpl_osc32kctrl.o
 .ARM.attributes
                0x00000338       0x32 hpl/oscctrl/hpl_oscctrl.o
 .ARM.attributes
                0x0000036a       0x32 hpl/sercom/hpl_sercom.o
 .ARM.attributes
                0x0000039c       0x32 hpl/tc/hpl_tc.o
 .ARM.attributes
                0x000003ce       0x32 main.o
 .ARM.attributes
                0x00000400       0x32 mytasks.o
 .ARM.attributes
                0x00000432       0x32 thirdparty/RTOS/freertos/FreeRTOSV10.0.0/Source/list.o
 .ARM.attributes
                0x00000464       0x32 thirdparty/RTOS/freertos/FreeRTOSV10.0.0/Source/portable/GCC/ARM_CM0/port.o
 .ARM.attributes
                0x00000496       0x32 thirdparty/RTOS/freertos/FreeRTOSV10.0.0/Source/portable/MemMang/heap_1.o
 .ARM.attributes
                0x000004c8       0x32 thirdparty/RTOS/freertos/FreeRTOSV10.0.0/Source/queue.o
 .ARM.attributes
                0x000004fa       0x32 thirdparty/RTOS/freertos/FreeRTOSV10.0.0/Source/tasks.o
 .ARM.attributes
                0x0000052c       0x32 thirdparty/RTOS/freertos/FreeRTOSV10.0.0/Source/timers.o
 .ARM.attributes
                0x0000055e       0x1e c:/program files (x86)/atmel/studio/7.0/toolchain/arm/arm-gnu-toolchain/bin/../lib/gcc/arm-none-eabi/6.3.1/thumb/v6-m\libgcc.a(_arm_cmpdf2.o)
 .ARM.attributes
                0x0000057c       0x2c c:/program files (x86)/atmel/studio/7.0/toolchain/arm/arm-gnu-toolchain/bin/../lib/gcc/arm-none-eabi/6.3.1/thumb/v6-m\libgcc.a(eqdf2.o)
 .ARM.attributes
                0x000005a8       0x2c c:/program files (x86)/atmel/studio/7.0/toolchain/arm/arm-gnu-toolchain/bin/../lib/gcc/arm-none-eabi/6.3.1/thumb/v6-m\libgcc.a(gedf2.o)
 .ARM.attributes
                0x000005d4       0x2c c:/program files (x86)/atmel/studio/7.0/toolchain/arm/arm-gnu-toolchain/bin/../lib/gcc/arm-none-eabi/6.3.1/thumb/v6-m\libgcc.a(ledf2.o)
 .ARM.attributes
                0x00000600       0x2c c:/program files (x86)/atmel/studio/7.0/toolchain/arm/arm-gnu-toolchain/bin/../lib/gcc/arm-none-eabi/6.3.1/thumb/v6-m\libgcc.a(floatsidf.o)
 .ARM.attributes
                0x0000062c       0x1e c:/program files (x86)/atmel/studio/7.0/toolchain/arm/arm-gnu-toolchain/bin/../lib/gcc/arm-none-eabi/6.3.1/thumb/v6-m\libgcc.a(_clzsi2.o)
 .ARM.attributes
                0x0000064a       0x2c c:/program files (x86)/atmel/studio/7.0/toolchain/arm/arm-gnu-toolchain/bin/../lib/gcc/arm-none-eabi/6.3.1/../../../../arm-none-eabi/lib/thumb/v6-m\libc_nano.a(lib_a-init.o)
 .ARM.attributes
                0x00000676       0x2c c:/program files (x86)/atmel/studio/7.0/toolchain/arm/arm-gnu-toolchain/bin/../lib/gcc/arm-none-eabi/6.3.1/../../../../arm-none-eabi/lib/thumb/v6-m\libc_nano.a(lib_a-memcpy-stub.o)
 .ARM.attributes
                0x000006a2       0x2c c:/program files (x86)/atmel/studio/7.0/toolchain/arm/arm-gnu-toolchain/bin/../lib/gcc/arm-none-eabi/6.3.1/../../../../arm-none-eabi/lib/thumb/v6-m\libc_nano.a(lib_a-memset.o)
 .ARM.attributes
                0x000006ce       0x1e c:/program files (x86)/atmel/studio/7.0/toolchain/arm/arm-gnu-toolchain/bin/../lib/gcc/arm-none-eabi/6.3.1/thumb/v6-m/crtn.o

.comment        0x00000000       0x59
 .comment       0x00000000       0x59 atmel_start.o
                                 0x5a (size before relaxing)
 .comment       0x00000059       0x5a Device_Startup/startup_samc21.o
 .comment       0x00000059       0x5a driver_init.o
 .comment       0x00000059       0x5a hal/src/hal_adc_sync.o
 .comment       0x00000059       0x5a hal/src/hal_atomic.o
 .comment       0x00000059       0x5a hal/src/hal_io.o
 .comment       0x00000059       0x5a hal/src/hal_pwm.o
 .comment       0x00000059       0x5a hal/src/hal_usart_sync.o
 .comment       0x00000059       0x5a hal/utils/src/utils_assert.o
 .comment       0x00000059       0x5a hpl/adc/hpl_adc.o
 .comment       0x00000059       0x5a hpl/core/hpl_init.o
 .comment       0x00000059       0x5a hpl/divas/hpl_divas.o
 .comment       0x00000059       0x5a hpl/gclk/hpl_gclk.o
 .comment       0x00000059       0x5a hpl/mclk/hpl_mclk.o
 .comment       0x00000059       0x5a hpl/osc32kctrl/hpl_osc32kctrl.o
 .comment       0x00000059       0x5a hpl/oscctrl/hpl_oscctrl.o
 .comment       0x00000059       0x5a hpl/sercom/hpl_sercom.o
 .comment       0x00000059       0x5a hpl/tc/hpl_tc.o
 .comment       0x00000059       0x5a main.o
 .comment       0x00000059       0x5a mytasks.o
 .comment       0x00000059       0x5a thirdparty/RTOS/freertos/FreeRTOSV10.0.0/Source/list.o
 .comment       0x00000059       0x5a thirdparty/RTOS/freertos/FreeRTOSV10.0.0/Source/portable/GCC/ARM_CM0/port.o
 .comment       0x00000059       0x5a thirdparty/RTOS/freertos/FreeRTOSV10.0.0/Source/portable/MemMang/heap_1.o
 .comment       0x00000059       0x5a thirdparty/RTOS/freertos/FreeRTOSV10.0.0/Source/queue.o
 .comment       0x00000059       0x5a thirdparty/RTOS/freertos/FreeRTOSV10.0.0/Source/tasks.o
 .comment       0x00000059       0x5a thirdparty/RTOS/freertos/FreeRTOSV10.0.0/Source/timers.o

.debug_info     0x00000000    0x21818
 .debug_info    0x00000000      0x39a atmel_start.o
 .debug_info    0x0000039a      0x526 Device_Startup/startup_samc21.o
 .debug_info    0x000008c0     0x5698 driver_init.o
 .debug_info    0x00005f58      0x862 hal/src/hal_adc_sync.o
 .debug_info    0x000067ba      0x1d8 hal/src/hal_atomic.o
 .debug_info    0x00006992      0x255 hal/src/hal_io.o
 .debug_info    0x00006be7      0x686 hal/src/hal_pwm.o
 .debug_info    0x0000726d      0x9b5 hal/src/hal_usart_sync.o
 .debug_info    0x00007c22      0x10b hal/utils/src/utils_assert.o
 .debug_info    0x00007d2d     0x2e69 hpl/adc/hpl_adc.o
 .debug_info    0x0000ab96      0x746 hpl/core/hpl_init.o
 .debug_info    0x0000b2dc      0x7cd hpl/divas/hpl_divas.o
 .debug_info    0x0000baa9      0x542 hpl/gclk/hpl_gclk.o
 .debug_info    0x0000bfeb      0x7bb hpl/mclk/hpl_mclk.o
 .debug_info    0x0000c7a6      0x74a hpl/osc32kctrl/hpl_osc32kctrl.o
 .debug_info    0x0000cef0      0xdab hpl/oscctrl/hpl_oscctrl.o
 .debug_info    0x0000dc9b     0x8158 hpl/sercom/hpl_sercom.o
 .debug_info    0x00015df3     0x22cf hpl/tc/hpl_tc.o
 .debug_info    0x000180c2      0x3b4 main.o
 .debug_info    0x00018476     0x1cdc mytasks.o
 .debug_info    0x0001a152      0xbdf thirdparty/RTOS/freertos/FreeRTOSV10.0.0/Source/list.o
 .debug_info    0x0001ad31      0x305 thirdparty/RTOS/freertos/FreeRTOSV10.0.0/Source/portable/GCC/ARM_CM0/port.o
 .debug_info    0x0001b036      0xacc thirdparty/RTOS/freertos/FreeRTOSV10.0.0/Source/portable/MemMang/heap_1.o
 .debug_info    0x0001bb02     0x1f30 thirdparty/RTOS/freertos/FreeRTOSV10.0.0/Source/queue.o
 .debug_info    0x0001da32     0x27d9 thirdparty/RTOS/freertos/FreeRTOSV10.0.0/Source/tasks.o
 .debug_info    0x0002020b     0x160d thirdparty/RTOS/freertos/FreeRTOSV10.0.0/Source/timers.o

.debug_abbrev   0x00000000     0x33be
 .debug_abbrev  0x00000000       0xe3 atmel_start.o
 .debug_abbrev  0x000000e3      0x142 Device_Startup/startup_samc21.o
 .debug_abbrev  0x00000225      0x2c2 driver_init.o
 .debug_abbrev  0x000004e7      0x164 hal/src/hal_adc_sync.o
 .debug_abbrev  0x0000064b      0x146 hal/src/hal_atomic.o
 .debug_abbrev  0x00000791       0xfe hal/src/hal_io.o
 .debug_abbrev  0x0000088f      0x15e hal/src/hal_pwm.o
 .debug_abbrev  0x000009ed      0x1fe hal/src/hal_usart_sync.o
 .debug_abbrev  0x00000beb       0x86 hal/utils/src/utils_assert.o
 .debug_abbrev  0x00000c71      0x337 hpl/adc/hpl_adc.o
 .debug_abbrev  0x00000fa8      0x1a6 hpl/core/hpl_init.o
 .debug_abbrev  0x0000114e      0x207 hpl/divas/hpl_divas.o
 .debug_abbrev  0x00001355      0x168 hpl/gclk/hpl_gclk.o
 .debug_abbrev  0x000014bd      0x1aa hpl/mclk/hpl_mclk.o
 .debug_abbrev  0x00001667      0x1bc hpl/osc32kctrl/hpl_osc32kctrl.o
 .debug_abbrev  0x00001823      0x1d4 hpl/oscctrl/hpl_oscctrl.o
 .debug_abbrev  0x000019f7      0x3bf hpl/sercom/hpl_sercom.o
 .debug_abbrev  0x00001db6      0x3b2 hpl/tc/hpl_tc.o
 .debug_abbrev  0x00002168       0xe5 main.o
 .debug_abbrev  0x0000224d      0x409 mytasks.o
 .debug_abbrev  0x00002656      0x1e9 thirdparty/RTOS/freertos/FreeRTOSV10.0.0/Source/list.o
 .debug_abbrev  0x0000283f      0x19a thirdparty/RTOS/freertos/FreeRTOSV10.0.0/Source/portable/GCC/ARM_CM0/port.o
 .debug_abbrev  0x000029d9      0x231 thirdparty/RTOS/freertos/FreeRTOSV10.0.0/Source/portable/MemMang/heap_1.o
 .debug_abbrev  0x00002c0a      0x260 thirdparty/RTOS/freertos/FreeRTOSV10.0.0/Source/queue.o
 .debug_abbrev  0x00002e6a      0x2c5 thirdparty/RTOS/freertos/FreeRTOSV10.0.0/Source/tasks.o
 .debug_abbrev  0x0000312f      0x28f thirdparty/RTOS/freertos/FreeRTOSV10.0.0/Source/timers.o

.debug_loc      0x00000000     0x966b
 .debug_loc     0x00000000       0x2c atmel_start.o
 .debug_loc     0x0000002c       0x64 Device_Startup/startup_samc21.o
 .debug_loc     0x00000090      0x6b4 driver_init.o
 .debug_loc     0x00000744      0x374 hal/src/hal_adc_sync.o
 .debug_loc     0x00000ab8       0x9c hal/src/hal_atomic.o
 .debug_loc     0x00000b54       0x9c hal/src/hal_io.o
 .debug_loc     0x00000bf0      0x1ec hal/src/hal_pwm.o
 .debug_loc     0x00000ddc      0x3e4 hal/src/hal_usart_sync.o
 .debug_loc     0x000011c0       0x38 hal/utils/src/utils_assert.o
 .debug_loc     0x000011f8     0x1638 hpl/adc/hpl_adc.o
 .debug_loc     0x00002830       0x64 hpl/core/hpl_init.o
 .debug_loc     0x00002894      0x17c hpl/divas/hpl_divas.o
 .debug_loc     0x00002a10       0xd4 hpl/gclk/hpl_gclk.o
 .debug_loc     0x00002ae4       0x70 hpl/mclk/hpl_mclk.o
 .debug_loc     0x00002b54       0xe0 hpl/osc32kctrl/hpl_osc32kctrl.o
 .debug_loc     0x00002c34      0x1f8 hpl/oscctrl/hpl_oscctrl.o
 .debug_loc     0x00002e2c     0x3f02 hpl/sercom/hpl_sercom.o
 .debug_loc     0x00006d2e      0x89c hpl/tc/hpl_tc.o
 .debug_loc     0x000075ca       0x2c main.o
 .debug_loc     0x000075f6      0x48c mytasks.o
 .debug_loc     0x00007a82      0x118 thirdparty/RTOS/freertos/FreeRTOSV10.0.0/Source/list.o
 .debug_loc     0x00007b9a      0x1dc thirdparty/RTOS/freertos/FreeRTOSV10.0.0/Source/portable/GCC/ARM_CM0/port.o
 .debug_loc     0x00007d76       0xc8 thirdparty/RTOS/freertos/FreeRTOSV10.0.0/Source/portable/MemMang/heap_1.o
 .debug_loc     0x00007e3e      0x738 thirdparty/RTOS/freertos/FreeRTOSV10.0.0/Source/queue.o
 .debug_loc     0x00008576      0xc3d thirdparty/RTOS/freertos/FreeRTOSV10.0.0/Source/tasks.o
 .debug_loc     0x000091b3      0x4b8 thirdparty/RTOS/freertos/FreeRTOSV10.0.0/Source/timers.o

.debug_aranges  0x00000000     0x1858
 .debug_aranges
                0x00000000       0x20 atmel_start.o
 .debug_aranges
                0x00000020       0x28 Device_Startup/startup_samc21.o
 .debug_aranges
                0x00000048      0x120 driver_init.o
 .debug_aranges
                0x00000168       0x98 hal/src/hal_adc_sync.o
 .debug_aranges
                0x00000200       0x30 hal/src/hal_atomic.o
 .debug_aranges
                0x00000230       0x30 hal/src/hal_io.o
 .debug_aranges
                0x00000260       0x60 hal/src/hal_pwm.o
 .debug_aranges
                0x000002c0       0xa8 hal/src/hal_usart_sync.o
 .debug_aranges
                0x00000368       0x20 hal/utils/src/utils_assert.o
 .debug_aranges
                0x00000388      0x348 hpl/adc/hpl_adc.o
 .debug_aranges
                0x000006d0       0x28 hpl/core/hpl_init.o
 .debug_aranges
                0x000006f8       0x50 hpl/divas/hpl_divas.o
 .debug_aranges
                0x00000748       0x38 hpl/gclk/hpl_gclk.o
 .debug_aranges
                0x00000780       0x28 hpl/mclk/hpl_mclk.o
 .debug_aranges
                0x000007a8       0x38 hpl/osc32kctrl/hpl_osc32kctrl.o
 .debug_aranges
                0x000007e0       0x60 hpl/oscctrl/hpl_oscctrl.o
 .debug_aranges
                0x00000840      0x918 hpl/sercom/hpl_sercom.o
 .debug_aranges
                0x00001158      0x158 hpl/tc/hpl_tc.o
 .debug_aranges
                0x000012b0       0x20 main.o
 .debug_aranges
                0x000012d0       0xc0 mytasks.o
 .debug_aranges
                0x00001390       0x40 thirdparty/RTOS/freertos/FreeRTOSV10.0.0/Source/list.o
 .debug_aranges
                0x000013d0       0x88 thirdparty/RTOS/freertos/FreeRTOSV10.0.0/Source/portable/GCC/ARM_CM0/port.o
 .debug_aranges
                0x00001458       0x38 thirdparty/RTOS/freertos/FreeRTOSV10.0.0/Source/portable/MemMang/heap_1.o
 .debug_aranges
                0x00001490      0x120 thirdparty/RTOS/freertos/FreeRTOSV10.0.0/Source/queue.o
 .debug_aranges
                0x000015b0      0x1e0 thirdparty/RTOS/freertos/FreeRTOSV10.0.0/Source/tasks.o
 .debug_aranges
                0x00001790       0xc8 thirdparty/RTOS/freertos/FreeRTOSV10.0.0/Source/timers.o

.debug_ranges   0x00000000     0x16b8
 .debug_ranges  0x00000000       0x10 atmel_start.o
 .debug_ranges  0x00000010       0x18 Device_Startup/startup_samc21.o
 .debug_ranges  0x00000028      0x110 driver_init.o
 .debug_ranges  0x00000138       0x88 hal/src/hal_adc_sync.o
 .debug_ranges  0x000001c0       0x20 hal/src/hal_atomic.o
 .debug_ranges  0x000001e0       0x20 hal/src/hal_io.o
 .debug_ranges  0x00000200       0x50 hal/src/hal_pwm.o
 .debug_ranges  0x00000250       0x98 hal/src/hal_usart_sync.o
 .debug_ranges  0x000002e8       0x10 hal/utils/src/utils_assert.o
 .debug_ranges  0x000002f8      0x338 hpl/adc/hpl_adc.o
 .debug_ranges  0x00000630       0x18 hpl/core/hpl_init.o
 .debug_ranges  0x00000648       0x40 hpl/divas/hpl_divas.o
 .debug_ranges  0x00000688       0x28 hpl/gclk/hpl_gclk.o
 .debug_ranges  0x000006b0       0x18 hpl/mclk/hpl_mclk.o
 .debug_ranges  0x000006c8       0x28 hpl/osc32kctrl/hpl_osc32kctrl.o
 .debug_ranges  0x000006f0       0x50 hpl/oscctrl/hpl_oscctrl.o
 .debug_ranges  0x00000740      0x908 hpl/sercom/hpl_sercom.o
 .debug_ranges  0x00001048      0x148 hpl/tc/hpl_tc.o
 .debug_ranges  0x00001190       0x10 main.o
 .debug_ranges  0x000011a0       0xb0 mytasks.o
 .debug_ranges  0x00001250       0x30 thirdparty/RTOS/freertos/FreeRTOSV10.0.0/Source/list.o
 .debug_ranges  0x00001280       0x78 thirdparty/RTOS/freertos/FreeRTOSV10.0.0/Source/portable/GCC/ARM_CM0/port.o
 .debug_ranges  0x000012f8       0x28 thirdparty/RTOS/freertos/FreeRTOSV10.0.0/Source/portable/MemMang/heap_1.o
 .debug_ranges  0x00001320      0x110 thirdparty/RTOS/freertos/FreeRTOSV10.0.0/Source/queue.o
 .debug_ranges  0x00001430      0x1d0 thirdparty/RTOS/freertos/FreeRTOSV10.0.0/Source/tasks.o
 .debug_ranges  0x00001600       0xb8 thirdparty/RTOS/freertos/FreeRTOSV10.0.0/Source/timers.o

.debug_macro    0x00000000    0x2025e
 .debug_macro   0x00000000      0x73f atmel_start.o
 .debug_macro   0x0000073f      0x89e atmel_start.o
 .debug_macro   0x00000fdd      0x16d atmel_start.o
 .debug_macro   0x0000114a       0x22 atmel_start.o
 .debug_macro   0x0000116c       0x87 atmel_start.o
 .debug_macro   0x000011f3       0x51 atmel_start.o
 .debug_macro   0x00001244       0xef atmel_start.o
 .debug_macro   0x00001333       0x6a atmel_start.o
 .debug_macro   0x0000139d      0x1df atmel_start.o
 .debug_macro   0x0000157c       0x22 atmel_start.o
 .debug_macro   0x0000159e       0x3f atmel_start.o
 .debug_macro   0x000015dd       0x1c atmel_start.o
 .debug_macro   0x000015f9       0x22 atmel_start.o
 .debug_macro   0x0000161b       0xb5 atmel_start.o
 .debug_macro   0x000016d0      0x4da atmel_start.o
 .debug_macro   0x00001baa      0x11f atmel_start.o
 .debug_macro   0x00001cc9      0x897 atmel_start.o
 .debug_macro   0x00002560      0x8c0 atmel_start.o
 .debug_macro   0x00002e20     0x2d61 atmel_start.o
 .debug_macro   0x00005b81      0x21e atmel_start.o
 .debug_macro   0x00005d9f      0x282 atmel_start.o
 .debug_macro   0x00006021      0x130 atmel_start.o
 .debug_macro   0x00006151      0xd32 atmel_start.o
 .debug_macro   0x00006e83      0x61f atmel_start.o
 .debug_macro   0x000074a2      0x5be atmel_start.o
 .debug_macro   0x00007a60      0x824 atmel_start.o
 .debug_macro   0x00008284      0x172 atmel_start.o
 .debug_macro   0x000083f6      0x306 atmel_start.o
 .debug_macro   0x000086fc      0x55f atmel_start.o
 .debug_macro   0x00008c5b      0x421 atmel_start.o
 .debug_macro   0x0000907c      0x21c atmel_start.o
 .debug_macro   0x00009298      0x719 atmel_start.o
 .debug_macro   0x000099b1      0x5ab atmel_start.o
 .debug_macro   0x00009f5c      0x335 atmel_start.o
 .debug_macro   0x0000a291      0x68d atmel_start.o
 .debug_macro   0x0000a91e       0xc4 atmel_start.o
 .debug_macro   0x0000a9e2      0x340 atmel_start.o
 .debug_macro   0x0000ad22       0x6a atmel_start.o
 .debug_macro   0x0000ad8c     0x124b atmel_start.o
 .debug_macro   0x0000bfd7      0x5a5 atmel_start.o
 .debug_macro   0x0000c57c      0xfc4 atmel_start.o
 .debug_macro   0x0000d540      0x59e atmel_start.o
 .debug_macro   0x0000dade      0x8ae atmel_start.o
 .debug_macro   0x0000e38c     0x19be atmel_start.o
 .debug_macro   0x0000fd4a      0x39c atmel_start.o
 .debug_macro   0x000100e6      0x36a atmel_start.o
 .debug_macro   0x00010450       0x94 atmel_start.o
 .debug_macro   0x000104e4       0xac atmel_start.o
 .debug_macro   0x00010590       0xac atmel_start.o
 .debug_macro   0x0001063c      0x149 atmel_start.o
 .debug_macro   0x00010785      0x149 atmel_start.o
 .debug_macro   0x000108ce       0x4c atmel_start.o
 .debug_macro   0x0001091a       0x58 atmel_start.o
 .debug_macro   0x00010972       0x3a atmel_start.o
 .debug_macro   0x000109ac       0xd6 atmel_start.o
 .debug_macro   0x00010a82       0xb8 atmel_start.o
 .debug_macro   0x00010b3a       0x64 atmel_start.o
 .debug_macro   0x00010b9e      0x5d7 atmel_start.o
 .debug_macro   0x00011175       0x4c atmel_start.o
 .debug_macro   0x000111c1      0x1be atmel_start.o
 .debug_macro   0x0001137f      0x184 atmel_start.o
 .debug_macro   0x00011503       0x52 atmel_start.o
 .debug_macro   0x00011555       0xa0 atmel_start.o
 .debug_macro   0x000115f5       0xd6 atmel_start.o
 .debug_macro   0x000116cb       0x94 atmel_start.o
 .debug_macro   0x0001175f       0x4c atmel_start.o
 .debug_macro   0x000117ab       0x64 atmel_start.o
 .debug_macro   0x0001180f       0x22 atmel_start.o
 .debug_macro   0x00011831      0x16c atmel_start.o
 .debug_macro   0x0001199d       0x2e atmel_start.o
 .debug_macro   0x000119cb       0x16 atmel_start.o
 .debug_macro   0x000119e1       0xd6 atmel_start.o
 .debug_macro   0x00011ab7       0xa0 atmel_start.o
 .debug_macro   0x00011b57      0x133 atmel_start.o
 .debug_macro   0x00011c8a      0x133 atmel_start.o
 .debug_macro   0x00011dbd      0x133 atmel_start.o
 .debug_macro   0x00011ef0      0x133 atmel_start.o
 .debug_macro   0x00012023      0x133 atmel_start.o
 .debug_macro   0x00012156      0x133 atmel_start.o
 .debug_macro   0x00012289       0x4c atmel_start.o
 .debug_macro   0x000122d5       0xfa atmel_start.o
 .debug_macro   0x000123cf       0xfa atmel_start.o
 .debug_macro   0x000124c9       0xfa atmel_start.o
 .debug_macro   0x000125c3       0xfa atmel_start.o
 .debug_macro   0x000126bd       0xfa atmel_start.o
 .debug_macro   0x000127b7      0x124 atmel_start.o
 .debug_macro   0x000128db       0xfa atmel_start.o
 .debug_macro   0x000129d5       0xee atmel_start.o
 .debug_macro   0x00012ac3       0x76 atmel_start.o
 .debug_macro   0x00012b39       0x3a atmel_start.o
 .debug_macro   0x00012b73      0x46b atmel_start.o
 .debug_macro   0x00012fde     0x2678 atmel_start.o
 .debug_macro   0x00015656       0x82 atmel_start.o
 .debug_macro   0x000156d8       0x10 atmel_start.o
 .debug_macro   0x000156e8       0x10 atmel_start.o
 .debug_macro   0x000156f8       0x16 atmel_start.o
 .debug_macro   0x0001570e       0x16 atmel_start.o
 .debug_macro   0x00015724       0x16 atmel_start.o
 .debug_macro   0x0001573a       0x16 atmel_start.o
 .debug_macro   0x00015750       0x16 atmel_start.o
 .debug_macro   0x00015766       0x16 atmel_start.o
 .debug_macro   0x0001577c       0x16 atmel_start.o
 .debug_macro   0x00015792       0x16 atmel_start.o
 .debug_macro   0x000157a8       0x16 atmel_start.o
 .debug_macro   0x000157be       0x16 atmel_start.o
 .debug_macro   0x000157d4       0x16 atmel_start.o
 .debug_macro   0x000157ea       0x16 atmel_start.o
 .debug_macro   0x00015800       0x16 atmel_start.o
 .debug_macro   0x00015816       0x16 atmel_start.o
 .debug_macro   0x0001582c       0x16 atmel_start.o
 .debug_macro   0x00015842       0x16 atmel_start.o
 .debug_macro   0x00015858       0x16 atmel_start.o
 .debug_macro   0x0001586e       0x16 atmel_start.o
 .debug_macro   0x00015884       0x16 atmel_start.o
 .debug_macro   0x0001589a       0x16 atmel_start.o
 .debug_macro   0x000158b0       0x16 atmel_start.o
 .debug_macro   0x000158c6      0x262 atmel_start.o
 .debug_macro   0x00015b28       0x16 atmel_start.o
 .debug_macro   0x00015b3e       0x94 atmel_start.o
 .debug_macro   0x00015bd2       0x16 atmel_start.o
 .debug_macro   0x00015be8       0xbe atmel_start.o
 .debug_macro   0x00015ca6      0x28c atmel_start.o
 .debug_macro   0x00015f32       0x16 atmel_start.o
 .debug_macro   0x00015f48       0x16 atmel_start.o
 .debug_macro   0x00015f5e       0xca atmel_start.o
 .debug_macro   0x00016028       0x1c atmel_start.o
 .debug_macro   0x00016044       0x16 atmel_start.o
 .debug_macro   0x0001605a       0xcf atmel_start.o
 .debug_macro   0x00016129       0x70 atmel_start.o
 .debug_macro   0x00016199       0x42 atmel_start.o
 .debug_macro   0x000161db      0x183 atmel_start.o
 .debug_macro   0x0001635e      0x15a atmel_start.o
 .debug_macro   0x000164b8       0xa6 atmel_start.o
 .debug_macro   0x0001655e       0x10 atmel_start.o
 .debug_macro   0x0001656e       0x1f atmel_start.o
 .debug_macro   0x0001658d      0x46a atmel_start.o
 .debug_macro   0x000169f7       0xb5 atmel_start.o
 .debug_macro   0x00016aac       0x8c atmel_start.o
 .debug_macro   0x00016b38       0x86 atmel_start.o
 .debug_macro   0x00016bbe       0x69 atmel_start.o
 .debug_macro   0x00016c27       0x22 atmel_start.o
 .debug_macro   0x00016c49      0x3ba Device_Startup/startup_samc21.o
 .debug_macro   0x00017003       0x39 Device_Startup/startup_samc21.o
 .debug_macro   0x0001703c      0x685 driver_init.o
 .debug_macro   0x000176c1       0xc9 driver_init.o
 .debug_macro   0x0001778a      0x572 hal/src/hal_adc_sync.o
 .debug_macro   0x00017cfc      0x53a hal/src/hal_atomic.o
 .debug_macro   0x00018236      0x54f hal/src/hal_io.o
 .debug_macro   0x00018785      0x56f hal/src/hal_pwm.o
 .debug_macro   0x00018cf4      0x57a hal/src/hal_usart_sync.o
 .debug_macro   0x0001926e      0x544 hal/utils/src/utils_assert.o
 .debug_macro   0x000197b2       0x10 hal/utils/src/utils_assert.o
 .debug_macro   0x000197c2      0x5a3 hpl/adc/hpl_adc.o
 .debug_macro   0x00019d65      0x6cc hpl/adc/hpl_adc.o
 .debug_macro   0x0001a431      0x6ba hpl/adc/hpl_adc.o
 .debug_macro   0x0001aaeb       0xf4 hpl/adc/hpl_adc.o
 .debug_macro   0x0001abdf      0x5c9 hpl/core/hpl_init.o
 .debug_macro   0x0001b1a8       0x1c hpl/core/hpl_init.o
 .debug_macro   0x0001b1c4      0x772 hpl/core/hpl_init.o
 .debug_macro   0x0001b936      0x562 hpl/divas/hpl_divas.o
 .debug_macro   0x0001be98      0x553 hpl/gclk/hpl_gclk.o
 .debug_macro   0x0001c3eb      0x1f4 hpl/gclk/hpl_gclk.o
 .debug_macro   0x0001c5df      0x54e hpl/mclk/hpl_mclk.o
 .debug_macro   0x0001cb2d      0x549 hpl/osc32kctrl/hpl_osc32kctrl.o
 .debug_macro   0x0001d076       0xb8 hpl/osc32kctrl/hpl_osc32kctrl.o
 .debug_macro   0x0001d12e      0x549 hpl/oscctrl/hpl_oscctrl.o
 .debug_macro   0x0001d677      0x130 hpl/oscctrl/hpl_oscctrl.o
 .debug_macro   0x0001d7a7      0x79d hpl/sercom/hpl_sercom.o
 .debug_macro   0x0001df44       0x70 hpl/sercom/hpl_sercom.o
 .debug_macro   0x0001dfb4       0xba hpl/sercom/hpl_sercom.o
 .debug_macro   0x0001e06e       0x10 hpl/sercom/hpl_sercom.o
 .debug_macro   0x0001e07e       0x1c hpl/sercom/hpl_sercom.o
 .debug_macro   0x0001e09a       0x22 hpl/sercom/hpl_sercom.o
 .debug_macro   0x0001e0bc       0x10 hpl/sercom/hpl_sercom.o
 .debug_macro   0x0001e0cc      0x5c2 hpl/tc/hpl_tc.o
 .debug_macro   0x0001e68e       0x84 hpl/tc/hpl_tc.o
 .debug_macro   0x0001e712      0x75e main.o
 .debug_macro   0x0001ee70      0x845 mytasks.o
 .debug_macro   0x0001f6b5      0x18a thirdparty/RTOS/freertos/FreeRTOSV10.0.0/Source/list.o
 .debug_macro   0x0001f83f      0x133 thirdparty/RTOS/freertos/FreeRTOSV10.0.0/Source/portable/GCC/ARM_CM0/port.o
 .debug_macro   0x0001f972      0x1ab thirdparty/RTOS/freertos/FreeRTOSV10.0.0/Source/portable/MemMang/heap_1.o
 .debug_macro   0x0001fb1d      0x206 thirdparty/RTOS/freertos/FreeRTOSV10.0.0/Source/queue.o
 .debug_macro   0x0001fd23       0x16 thirdparty/RTOS/freertos/FreeRTOSV10.0.0/Source/queue.o
 .debug_macro   0x0001fd39      0x32c thirdparty/RTOS/freertos/FreeRTOSV10.0.0/Source/tasks.o
 .debug_macro   0x00020065       0x10 thirdparty/RTOS/freertos/FreeRTOSV10.0.0/Source/tasks.o
 .debug_macro   0x00020075       0x1c thirdparty/RTOS/freertos/FreeRTOSV10.0.0/Source/tasks.o
 .debug_macro   0x00020091      0x1cd thirdparty/RTOS/freertos/FreeRTOSV10.0.0/Source/timers.o

.debug_line     0x00000000    0x14e1e
 .debug_line    0x00000000      0xe51 atmel_start.o
 .debug_line    0x00000e51      0x7cf Device_Startup/startup_samc21.o
 .debug_line    0x00001620      0xf7a driver_init.o
 .debug_line    0x0000259a      0xc92 hal/src/hal_adc_sync.o
 .debug_line    0x0000322c      0xaf4 hal/src/hal_atomic.o
 .debug_line    0x00003d20      0xb1b hal/src/hal_io.o
 .debug_line    0x0000483b      0xbb7 hal/src/hal_pwm.o
 .debug_line    0x000053f2      0xd1f hal/src/hal_usart_sync.o
 .debug_line    0x00006111      0xabc hal/utils/src/utils_assert.o
 .debug_line    0x00006bcd     0x13f7 hpl/adc/hpl_adc.o
 .debug_line    0x00007fc4      0xbb3 hpl/core/hpl_init.o
 .debug_line    0x00008b77      0xbe5 hpl/divas/hpl_divas.o
 .debug_line    0x0000975c      0xb2e hpl/gclk/hpl_gclk.o
 .debug_line    0x0000a28a      0xaef hpl/mclk/hpl_mclk.o
 .debug_line    0x0000ad79      0xb22 hpl/osc32kctrl/hpl_osc32kctrl.o
 .debug_line    0x0000b89b      0xb8d hpl/oscctrl/hpl_oscctrl.o
 .debug_line    0x0000c428     0x2b3a hpl/sercom/hpl_sercom.o
 .debug_line    0x0000ef62      0xebc hpl/tc/hpl_tc.o
 .debug_line    0x0000fe1e      0xe88 main.o
 .debug_line    0x00010ca6     0x1176 mytasks.o
 .debug_line    0x00011e1c      0x49a thirdparty/RTOS/freertos/FreeRTOSV10.0.0/Source/list.o
 .debug_line    0x000122b6      0x4aa thirdparty/RTOS/freertos/FreeRTOSV10.0.0/Source/portable/GCC/ARM_CM0/port.o
 .debug_line    0x00012760      0x493 thirdparty/RTOS/freertos/FreeRTOSV10.0.0/Source/portable/MemMang/heap_1.o
 .debug_line    0x00012bf3      0xb66 thirdparty/RTOS/freertos/FreeRTOSV10.0.0/Source/queue.o
 .debug_line    0x00013759      0xfbd thirdparty/RTOS/freertos/FreeRTOSV10.0.0/Source/tasks.o
 .debug_line    0x00014716      0x708 thirdparty/RTOS/freertos/FreeRTOSV10.0.0/Source/timers.o

.debug_str      0x00000000    0xa65cb
 .debug_str     0x00000000    0x8dd4c atmel_start.o
                              0x8e8cd (size before relaxing)
 .debug_str     0x0008dd4c      0x3e2 Device_Startup/startup_samc21.o
                              0x84cd1 (size before relaxing)
 .debug_str     0x0008e12e     0x19d4 driver_init.o
                              0x8be43 (size before relaxing)
 .debug_str     0x0008fb02      0x3f5 hal/src/hal_adc_sync.o
                              0x89a40 (size before relaxing)
 .debug_str     0x0008fef7       0x9c hal/src/hal_atomic.o
                              0x89442 (size before relaxing)
 .debug_str     0x0008ff93       0x3d hal/src/hal_io.o
                              0x894ef (size before relaxing)
 .debug_str     0x0008ffd0      0x185 hal/src/hal_pwm.o
                              0x89bdf (size before relaxing)
 .debug_str     0x00090155      0x4aa hal/src/hal_usart_sync.o
                              0x89f8f (size before relaxing)
 .debug_str     0x000905ff       0x2a hal/utils/src/utils_assert.o
                              0x89452 (size before relaxing)
 .debug_str     0x00090629     0x6dcf hpl/adc/hpl_adc.o
                              0x90a1a (size before relaxing)
 .debug_str     0x000973f8     0x1ab4 hpl/core/hpl_init.o
                              0x8b9d5 (size before relaxing)
 .debug_str     0x00098eac      0x274 hpl/divas/hpl_divas.o
                              0x896c3 (size before relaxing)
 .debug_str     0x00099120      0x826 hpl/gclk/hpl_gclk.o
                              0x89d92 (size before relaxing)
 .debug_str     0x00099946       0x47 hpl/mclk/hpl_mclk.o
                              0x8983e (size before relaxing)
 .debug_str     0x0009998d      0x519 hpl/osc32kctrl/hpl_osc32kctrl.o
                              0x89962 (size before relaxing)
 .debug_str     0x00099ea6      0x8db hpl/oscctrl/hpl_oscctrl.o
                              0x89d82 (size before relaxing)
 .debug_str     0x0009a781     0x473d hpl/sercom/hpl_sercom.o
                              0x8f0db (size before relaxing)
 .debug_str     0x0009eebe      0x9ba hpl/tc/hpl_tc.o
                              0x8ac48 (size before relaxing)
 .debug_str     0x0009f878       0x29 main.o
                              0x8ed77 (size before relaxing)
 .debug_str     0x0009f8a1     0x2e6f mytasks.o
                              0x92049 (size before relaxing)
 .debug_str     0x000a2710      0x24f thirdparty/RTOS/freertos/FreeRTOSV10.0.0/Source/list.o
                               0x998f (size before relaxing)
 .debug_str     0x000a295f      0x414 thirdparty/RTOS/freertos/FreeRTOSV10.0.0/Source/portable/GCC/ARM_CM0/port.o
                               0x7475 (size before relaxing)
 .debug_str     0x000a2d73      0x176 thirdparty/RTOS/freertos/FreeRTOSV10.0.0/Source/portable/MemMang/heap_1.o
                               0x9f0e (size before relaxing)
 .debug_str     0x000a2ee9      0x7f9 thirdparty/RTOS/freertos/FreeRTOSV10.0.0/Source/queue.o
                               0xaea5 (size before relaxing)
 .debug_str     0x000a36e2     0x2a7c thirdparty/RTOS/freertos/FreeRTOSV10.0.0/Source/tasks.o
                               0xcce4 (size before relaxing)
 .debug_str     0x000a615e      0x46d thirdparty/RTOS/freertos/FreeRTOSV10.0.0/Source/timers.o
                               0xb2f0 (size before relaxing)

.debug_frame    0x00000000     0x59b0
 .debug_frame   0x00000000       0x2c atmel_start.o
 .debug_frame   0x0000002c       0x4c Device_Startup/startup_samc21.o
 .debug_frame   0x00000078      0x40c driver_init.o
 .debug_frame   0x00000484      0x20c hal/src/hal_adc_sync.o
 .debug_frame   0x00000690       0x6c hal/src/hal_atomic.o
 .debug_frame   0x000006fc       0x6c hal/src/hal_io.o
 .debug_frame   0x00000768      0x12c hal/src/hal_pwm.o
 .debug_frame   0x00000894      0x24c hal/src/hal_usart_sync.o
 .debug_frame   0x00000ae0       0x30 hal/utils/src/utils_assert.o
 .debug_frame   0x00000b10      0xcc8 hpl/adc/hpl_adc.o
 .debug_frame   0x000017d8       0x4c hpl/core/hpl_init.o
 .debug_frame   0x00001824       0xec hpl/divas/hpl_divas.o
 .debug_frame   0x00001910       0x8c hpl/gclk/hpl_gclk.o
 .debug_frame   0x0000199c       0x50 hpl/mclk/hpl_mclk.o
 .debug_frame   0x000019ec       0x90 hpl/osc32kctrl/hpl_osc32kctrl.o
 .debug_frame   0x00001a7c      0x130 hpl/oscctrl/hpl_oscctrl.o
 .debug_frame   0x00001bac     0x241c hpl/sercom/hpl_sercom.o
 .debug_frame   0x00003fc8      0x504 hpl/tc/hpl_tc.o
 .debug_frame   0x000044cc       0x2c main.o
 .debug_frame   0x000044f8      0x2ac mytasks.o
 .debug_frame   0x000047a4       0xb0 thirdparty/RTOS/freertos/FreeRTOSV10.0.0/Source/list.o
 .debug_frame   0x00004854      0x174 thirdparty/RTOS/freertos/FreeRTOSV10.0.0/Source/portable/GCC/ARM_CM0/port.o
 .debug_frame   0x000049c8       0x88 thirdparty/RTOS/freertos/FreeRTOSV10.0.0/Source/portable/MemMang/heap_1.o
 .debug_frame   0x00004a50      0x430 thirdparty/RTOS/freertos/FreeRTOSV10.0.0/Source/queue.o
 .debug_frame   0x00004e80      0x720 thirdparty/RTOS/freertos/FreeRTOSV10.0.0/Source/tasks.o
 .debug_frame   0x000055a0      0x2c8 thirdparty/RTOS/freertos/FreeRTOSV10.0.0/Source/timers.o
 .debug_frame   0x00005868       0x38 c:/program files (x86)/atmel/studio/7.0/toolchain/arm/arm-gnu-toolchain/bin/../lib/gcc/arm-none-eabi/6.3.1/thumb/v6-m\libgcc.a(eqdf2.o)
 .debug_frame   0x000058a0       0x38 c:/program files (x86)/atmel/studio/7.0/toolchain/arm/arm-gnu-toolchain/bin/../lib/gcc/arm-none-eabi/6.3.1/thumb/v6-m\libgcc.a(gedf2.o)
 .debug_frame   0x000058d8       0x38 c:/program files (x86)/atmel/studio/7.0/toolchain/arm/arm-gnu-toolchain/bin/../lib/gcc/arm-none-eabi/6.3.1/thumb/v6-m\libgcc.a(ledf2.o)
 .debug_frame   0x00005910       0x2c c:/program files (x86)/atmel/studio/7.0/toolchain/arm/arm-gnu-toolchain/bin/../lib/gcc/arm-none-eabi/6.3.1/thumb/v6-m\libgcc.a(floatsidf.o)
 .debug_frame   0x0000593c       0x2c c:/program files (x86)/atmel/studio/7.0/toolchain/arm/arm-gnu-toolchain/bin/../lib/gcc/arm-none-eabi/6.3.1/../../../../arm-none-eabi/lib/thumb/v6-m\libc_nano.a(lib_a-init.o)
 .debug_frame   0x00005968       0x28 c:/program files (x86)/atmel/studio/7.0/toolchain/arm/arm-gnu-toolchain/bin/../lib/gcc/arm-none-eabi/6.3.1/../../../../arm-none-eabi/lib/thumb/v6-m\libc_nano.a(lib_a-memcpy-stub.o)
 .debug_frame   0x00005990       0x20 c:/program files (x86)/atmel/studio/7.0/toolchain/arm/arm-gnu-toolchain/bin/../lib/gcc/arm-none-eabi/6.3.1/../../../../arm-none-eabi/lib/thumb/v6-m\libc_nano.a(lib_a-memset.o)
